[PASS errorcheck] "syntax error: cannot parenthesize type in composite literal": syntax error: cannot parenthesize type in composite literal testdata/array.go:12:6
[PASS errorcheck] "syntax error: cannot parenthesize type in composite literal": syntax error: cannot parenthesize type in composite literal testdata/array.go:13:6
[PASS errorcheck] "division by zero": division by zero testdata/array2.go:11:8
[PASS errorcheck] "division by zero": division by zero testdata/array2.go:15:8
[PASS errorcheck] "invalid recursive type t": invalid recursive type t testdata/badtype.go:11:6
[FAIL errorcheck: missing error] "byte" testdata/gc/alias.go:23:7
[FAIL errorcheck: missing error] "uint8" testdata/gc/alias.go:24:7
[FAIL errorcheck: missing error] "rune" testdata/gc/alias.go:30:19
[FAIL errorcheck: missing error] "byte" testdata/gc/alias.go:32:20
[FAIL errorcheck: missing error] "assignment.*Mutex" testdata/gc/assign.go:41:25
[FAIL errorcheck: missing error] "(unknown|assignment).*Mutex" testdata/gc/assign.go:45:27
[PASS errorcheck] "x repeated on left side of :=": x repeated on left side of := testdata/gc/assign.go:59:7
[PASS errorcheck] "a repeated on left side of :=": a repeated on left side of := testdata/gc/assign.go:65:6
[FAIL errorcheck: missing error] "cannot use" testdata/gc/assign1.go:108:9
[FAIL errorcheck: missing error] "cannot use" testdata/gc/assign1.go:110:9
[FAIL errorcheck: missing error] "cannot use" testdata/gc/assign1.go:115:9
[FAIL errorcheck: missing error] "cannot use" testdata/gc/assign1.go:117:9
[FAIL errorcheck: missing error] "cannot use" testdata/gc/assign1.go:122:9
[FAIL errorcheck: missing error] "cannot use" testdata/gc/assign1.go:124:9
[FAIL errorcheck: missing error] "cannot use" testdata/gc/assign1.go:129:9
[FAIL errorcheck: missing error] "cannot use" testdata/gc/assign1.go:131:9
[FAIL errorcheck: missing error] "cannot use" testdata/gc/assign1.go:143:9
[FAIL errorcheck: missing error] "cannot use" testdata/gc/assign1.go:145:9
[FAIL errorcheck: missing error] "cannot use" testdata/gc/assign1.go:150:9
[FAIL errorcheck: missing error] "cannot use" testdata/gc/assign1.go:152:9
[FAIL errorcheck: missing error] "cannot use" testdata/gc/assign1.go:157:9
[FAIL errorcheck: missing error] "cannot use" testdata/gc/assign1.go:159:9
[FAIL errorcheck: missing error] "cannot use|incompatible" testdata/gc/assign1.go:161:12
[FAIL errorcheck: missing error] "cannot use|incompatible" testdata/gc/assign1.go:162:12
[FAIL errorcheck: missing error] "cannot use|incompatible" testdata/gc/assign1.go:163:12
[FAIL errorcheck: missing error] "cannot use|incompatible" testdata/gc/assign1.go:164:12
[FAIL errorcheck: missing error] "cannot use|incompatible" testdata/gc/assign1.go:165:12
[FAIL errorcheck: missing error] "cannot use|incompatible" testdata/gc/assign1.go:166:12
[FAIL errorcheck: missing error] "cannot use|incompatible" testdata/gc/assign1.go:168:12
[FAIL errorcheck: missing error] "cannot use|incompatible" testdata/gc/assign1.go:169:12
[FAIL errorcheck: missing error] "cannot use|incompatible" testdata/gc/assign1.go:170:12
[FAIL errorcheck: missing error] "cannot use|incompatible" testdata/gc/assign1.go:171:12
[FAIL errorcheck: missing error] "cannot use|incompatible" testdata/gc/assign1.go:172:12
[FAIL errorcheck: missing error] "cannot use|incompatible" testdata/gc/assign1.go:173:12
[FAIL errorcheck: missing error] "cannot use|incompatible" testdata/gc/assign1.go:175:12
[FAIL errorcheck: missing error] "cannot use|incompatible" testdata/gc/assign1.go:176:12
[FAIL errorcheck: missing error] "cannot use|incompatible" testdata/gc/assign1.go:177:12
[FAIL errorcheck: missing error] "cannot use|incompatible" testdata/gc/assign1.go:178:12
[FAIL errorcheck: missing error] "cannot use|incompatible" testdata/gc/assign1.go:179:12
[FAIL errorcheck: missing error] "cannot use|incompatible" testdata/gc/assign1.go:180:12
[FAIL errorcheck: missing error] "cannot use|incompatible" testdata/gc/assign1.go:182:12
[FAIL errorcheck: missing error] "cannot use|incompatible" testdata/gc/assign1.go:183:12
[FAIL errorcheck: missing error] "cannot use|incompatible" testdata/gc/assign1.go:184:12
[FAIL errorcheck: missing error] "cannot use|incompatible" testdata/gc/assign1.go:185:12
[FAIL errorcheck: missing error] "cannot use|incompatible" testdata/gc/assign1.go:186:12
[FAIL errorcheck: missing error] "cannot use|incompatible" testdata/gc/assign1.go:187:12
[FAIL errorcheck: missing error] "cannot use|incompatible" testdata/gc/assign1.go:189:12
[FAIL errorcheck: missing error] "cannot use|incompatible" testdata/gc/assign1.go:190:12
[FAIL errorcheck: missing error] "cannot use|incompatible" testdata/gc/assign1.go:191:12
[FAIL errorcheck: missing error] "cannot use|incompatible" testdata/gc/assign1.go:192:12
[FAIL errorcheck: missing error] "cannot use|incompatible" testdata/gc/assign1.go:193:12
[FAIL errorcheck: missing error] "cannot use|incompatible" testdata/gc/assign1.go:194:12
[FAIL errorcheck: missing error] "cannot use|incompatible" testdata/gc/assign1.go:196:12
[FAIL errorcheck: missing error] "cannot use|incompatible" testdata/gc/assign1.go:197:12
[FAIL errorcheck: missing error] "cannot use|incompatible" testdata/gc/assign1.go:198:12
[FAIL errorcheck: missing error] "cannot use|incompatible" testdata/gc/assign1.go:199:12
[FAIL errorcheck: missing error] "cannot use|incompatible" testdata/gc/assign1.go:200:12
[FAIL errorcheck: missing error] "cannot use|incompatible" testdata/gc/assign1.go:201:12
[FAIL errorcheck: missing error] "cannot use|incompatible" testdata/gc/assign1.go:203:12
[FAIL errorcheck: missing error] "cannot use|incompatible" testdata/gc/assign1.go:204:12
[FAIL errorcheck: missing error] "cannot use|incompatible" testdata/gc/assign1.go:205:12
[FAIL errorcheck: missing error] "cannot use|incompatible" testdata/gc/assign1.go:206:12
[FAIL errorcheck: missing error] "cannot use|incompatible" testdata/gc/assign1.go:207:12
[FAIL errorcheck: missing error] "cannot use|incompatible" testdata/gc/assign1.go:208:12
[FAIL errorcheck: missing error] "cannot use|incompatible" testdata/gc/assign1.go:210:12
[FAIL errorcheck: missing error] "cannot use|incompatible" testdata/gc/assign1.go:211:12
[FAIL errorcheck: missing error] "cannot use|incompatible" testdata/gc/assign1.go:212:12
[FAIL errorcheck: missing error] "cannot use|incompatible" testdata/gc/assign1.go:213:12
[FAIL errorcheck: missing error] "cannot use|incompatible" testdata/gc/assign1.go:214:12
[FAIL errorcheck: missing error] "cannot use|incompatible" testdata/gc/assign1.go:215:12
[FAIL errorcheck: missing error] "invalid package name _" testdata/gc/blank1.go:10:11
[PASS errorcheck] "cannot define new methods on non-local type": cannot define new methods on non-local type int testdata/gc/blank1.go:16:9
[FAIL errorcheck: missing error] "cannot use _ as value" testdata/gc/blank1.go:25:6
[FAIL errorcheck: missing error] "cannot use _ as value" testdata/gc/blank1.go:26:11
[FAIL errorcheck: missing error] "cannot refer to blank field|invalid use of" testdata/gc/blank1.go:28:10
[FAIL errorcheck: missing error] "cannot be compared|non-comparable" testdata/gc/blank1.go:31:20
[PASS errorcheck] "BOM": unicode (UTF-8) BOM in middle of file testdata/gc/bombad.go:14:2
[PASS errorcheck] "BOM": unicode (UTF-8) BOM in middle of file testdata/gc/bombad.go:15:4
[PASS errorcheck] "BOM": unicode (UTF-8) BOM in middle of file testdata/gc/bombad.go:16:4
[PASS errorcheck] "BOM": unicode (UTF-8) BOM in middle of file testdata/gc/bombad.go:17:13
[TODO "errorcheck -0 -m -l"] testdata/gc/bounds.go
[FAIL errorcheck: missing error] "illegal types|incompatible|cannot" testdata/gc/chan/perm.go:22:10
[FAIL errorcheck: missing error] "illegal types|incompatible|cannot" testdata/gc/chan/perm.go:23:10
[FAIL errorcheck: missing error] "illegal types|incompatible|cannot" testdata/gc/chan/perm.go:24:10
[FAIL errorcheck: missing error] "illegal types|incompatible|cannot" testdata/gc/chan/perm.go:25:10
[FAIL errorcheck: missing error] "send" testdata/gc/chan/perm.go:32:10
[FAIL errorcheck: missing error] "receive" testdata/gc/chan/perm.go:38:10
[FAIL errorcheck: missing error] "receive" testdata/gc/chan/perm.go:39:15
[FAIL errorcheck: missing error] "send" testdata/gc/chan/perm.go:47:16
[FAIL errorcheck: missing error] "receive" testdata/gc/chan/perm.go:52:18
[FAIL errorcheck: missing error] "receive" testdata/gc/chan/perm.go:56:20
[FAIL errorcheck: missing error] "receive" testdata/gc/chan/perm.go:59:16
[FAIL errorcheck: missing error] "receive" testdata/gc/chan/perm.go:64:13
[PASS errorcheck] "Unicode|unicode": invalid Unicode code point in escape sequence: 0xd800 testdata/gc/char_lit1.go:16:6
[FAIL errorcheck: missing error] "Unicode|unicode" testdata/gc/char_lit1.go:17:20
[PASS errorcheck] "Unicode|unicode": invalid Unicode code point in escape sequence: 0xdc01 testdata/gc/char_lit1.go:18:6
[PASS errorcheck] "Unicode|unicode": invalid Unicode code point in escape sequence: 0xdddd testdata/gc/char_lit1.go:19:6
[PASS errorcheck] "Unicode|unicode": invalid Unicode code point in escape sequence: 0xdfff testdata/gc/char_lit1.go:20:6
[FAIL errorcheck: error does not match] "Unicode|unicode": invalid character constant testdata/gc/char_lit1.go:23:6
[FAIL errorcheck: error does not match] "Unicode|unicode": invalid syntax: "\"abc\\U00110000def\"" testdata/gc/char_lit1.go:25:6
[FAIL errorcheck: missing error] "Unicode|unicode" testdata/gc/char_lit1.go:26:20
[TODO "errorcheck -0 -d=ssa/check_bce/debug=3"] testdata/gc/checkbce.go
[FAIL errorcheck: missing error] "invalid operation|incompatible" testdata/gc/cmp6.go:38:16
[FAIL errorcheck: missing error] "invalid operation|incompatible" testdata/gc/cmp6.go:39:16
[FAIL errorcheck: missing error] "invalid operation|incompatible" testdata/gc/cmp6.go:50:16
[FAIL errorcheck: missing error] "invalid operation|incompatible" testdata/gc/cmp6.go:51:16
[FAIL errorcheck: missing error] "invalid operation|invalid comparison" testdata/gc/cmp6.go:62:16
[FAIL errorcheck: missing error] "invalid operation|invalid comparison" testdata/gc/cmp6.go:63:16
[FAIL errorcheck: missing error] "struct|expected" testdata/gc/cmp6.go:66:16
[FAIL errorcheck: missing error] "cannot be compared|non-comparable" testdata/gc/cmp6.go:67:16
[FAIL errorcheck: missing error] "slice can only be compared to nil" testdata/gc/cmp6.go:73:14
[FAIL errorcheck: missing error] "func can only be compared to nil" testdata/gc/cmp6.go:74:14
[FAIL errorcheck: missing error] "map can only be compared to nil" testdata/gc/cmp6.go:75:14
[FAIL errorcheck: missing error] "invalid operation" testdata/gc/cmp6.go:80:14
[FAIL errorcheck: missing error] "invalid operation" testdata/gc/cmp6.go:81:14
[FAIL errorcheck: missing error] "invalid operation" testdata/gc/cmp6.go:82:14
[FAIL errorcheck: missing error] "invalid operation" testdata/gc/cmp6.go:83:14
[FAIL errorcheck: missing error] "invalid operation" testdata/gc/cmp6.go:84:14
[FAIL errorcheck: missing error] "invalid operation" testdata/gc/cmp6.go:85:14
[FAIL errorcheck: missing error] "complex" testdata/gc/cmplx.go:37:24
[FAIL errorcheck: missing error] "complex" testdata/gc/cmplx.go:38:24
[FAIL errorcheck: missing error] "complex" testdata/gc/cmplx.go:39:24
[FAIL errorcheck: missing error] "complex" testdata/gc/cmplx.go:40:24
[FAIL errorcheck: missing error] "complex" testdata/gc/cmplx.go:41:24
[FAIL errorcheck: missing error] "complex" testdata/gc/cmplx.go:42:24
[FAIL errorcheck: missing error] "cannot use" testdata/gc/cmplx.go:44:27
[FAIL errorcheck: missing error] "cannot use" testdata/gc/cmplx.go:45:27
[FAIL errorcheck: missing error] "cannot use" testdata/gc/cmplx.go:52:27
[FAIL errorcheck: missing error] "cannot use" testdata/gc/cmplx.go:53:27
[PASS errorcheck] "slice of unaddressable value": invalid operation on [3]int value (slice of unaddressable value) testdata/gc/complit1.go:21:6
[PASS errorcheck] "slice of unaddressable value": invalid operation on [3]int value (slice of unaddressable value) testdata/gc/complit1.go:22:6
[PASS errorcheck] "slice of unaddressable value": invalid operation on [3]int value (slice of unaddressable value) testdata/gc/complit1.go:23:6
[PASS errorcheck] "missing type in composite literal|omit types within composite literal": missing type in composite literal testdata/gc/complit1.go:40:34
[PASS errorcheck] "missing type in composite literal|omit types within composite literal": missing type in composite literal testdata/gc/complit1.go:41:19
[PASS errorcheck] "overflow": constant 10100 overflows int8 testdata/gc/const1.go:33:12
[PASS errorcheck] "overflow": constant 1000 overflows int8 testdata/gc/const1.go:35:12
[PASS errorcheck] "overflow": constant 1000 overflows int8 testdata/gc/const1.go:36:19
[PASS errorcheck] "overflow": constant 1000 overflows int8 testdata/gc/const1.go:37:17
[PASS errorcheck] "overflow": constant 1000 overflows int8 testdata/gc/const1.go:38:24
[PASS errorcheck] "overflow": constant 202 overflows int8 testdata/gc/const1.go:39:15
[PASS errorcheck] "overflow": constant 10403 overflows int8 testdata/gc/const1.go:40:12
[PASS errorcheck] "overflow": constant 10404 overflows uint8 testdata/gc/const1.go:43:20
[PASS errorcheck] "overflow": constant -1 overflows uint8 testdata/gc/const1.go:44:20
[PASS errorcheck] "overflow": constant -102 overflows uint8 testdata/gc/const1.go:46:28
[PASS errorcheck] "overflow": constant -1 overflows uint8 testdata/gc/const1.go:47:20
[PASS errorcheck] "overflow": constant -1 overflows uint8 testdata/gc/const1.go:51:20
[PASS errorcheck] "overflow": constant -1 overflows uint8 testdata/gc/const1.go:52:20
[PASS errorcheck] "overflow": constant -1 overflows uint8 testdata/gc/const1.go:53:20
[PASS errorcheck] "overflow": constant 1024 overflows uint8 testdata/gc/const1.go:55:14
[PASS errorcheck] "overflow": constant 1024 overflows uint8 testdata/gc/const1.go:56:23
[PASS errorcheck] "overflow": constant 1000 overflows uint8 testdata/gc/const1.go:57:14
[PASS errorcheck] "overflow": constant 1000 overflows uint8 testdata/gc/const1.go:58:19
[PASS errorcheck] "overflow": constant 10000 overflows uint8 testdata/gc/const1.go:59:24
[PASS errorcheck] "overflow": constant 10000 overflows uint8 testdata/gc/const1.go:60:24
[PASS errorcheck] "overflow": constant 1000 overflows uint8 testdata/gc/const1.go:61:22
[PASS errorcheck] "overflow": constant 1000 overflows uint8 testdata/gc/const1.go:63:29
[PASS errorcheck] "division by zero": division by zero testdata/gc/const1.go:64:20
[PASS errorcheck] "overflow": constant 1e+600 overflows float64 testdata/gc/const1.go:67:19
[PASS errorcheck] "overflow": constant 1e+600 overflows float64 testdata/gc/const1.go:68:28
[PASS errorcheck] "overflow": constant 1e+600 overflows float64 testdata/gc/const1.go:69:19
[PASS errorcheck] "division by zero": division by zero testdata/gc/const1.go:70:19
[PASS errorcheck] "floating-point % operation|expected integer type": illegal constant expression: floating-point % operation testdata/gc/const1.go:71:20
[FAIL errorcheck: missing error] "convert|wrong type|cannot" testdata/gc/const1.go:77:22
[FAIL errorcheck: missing error] "convert|wrong type|cannot" testdata/gc/const1.go:78:22
[FAIL errorcheck: missing error] "convert|wrong type|cannot" testdata/gc/const1.go:79:22
[FAIL errorcheck: missing error] "convert|wrong type|cannot" testdata/gc/const1.go:81:22
[FAIL errorcheck: missing error] "convert|wrong type|cannot" testdata/gc/const1.go:82:22
[FAIL errorcheck: missing error] "truncate" testdata/gc/const1.go:83:22
[FAIL errorcheck: missing error] "convert|wrong type|cannot" testdata/gc/const1.go:85:22
[FAIL errorcheck: missing error] "convert|wrong type|cannot|incompatible" testdata/gc/const1.go:86:22
[FAIL errorcheck: missing error] "convert|wrong type|cannot|incompatible" testdata/gc/const1.go:87:22
[PASS errorcheck] "const.*nil": const initializer cannot be nil testdata/gc/const1.go:90:13
[PASS errorcheck] "is not a? ?constant": const initializer is not a constant testdata/gc/const1.go:91:11
[PASS errorcheck] "is not a? ?constant": const initializer is not a constant testdata/gc/const1.go:92:11
[FAIL errorcheck: error does not match] "cannot be nil|invalid constant type": const initializer is not a constant testdata/gc/const1.go:93:11
[PASS errorcheck] "cannot be nil|invalid constant type": invalid constant type testdata/gc/const1.go:94:11
[PASS errorcheck] "type without expr|expected .=.": unexpected ;, expected '=' testdata/gc/const2.go:14:8
[PASS errorcheck] "constant multiplication overflow": constant multiplication overflow testdata/gc/const2.go:19:32
[PASS errorcheck] "constant shift overflow": constant shift overflow testdata/gc/const2.go:21:34
[PASS errorcheck] "is not a constant|is not constant": const initializer is not a constant testdata/gc/const5.go:28:7
[PASS errorcheck] "is not a constant|is not constant": const initializer is not a constant testdata/gc/const5.go:29:7
[PASS errorcheck] "is not a constant|is not constant": const initializer is not a constant testdata/gc/const5.go:31:7
[PASS errorcheck] "is not a constant|is not constant": const initializer is not a constant testdata/gc/const5.go:32:7
[PASS errorcheck] "is not a constant|is not constant": const initializer is not a constant testdata/gc/const5.go:33:7
[FAIL errorcheck: missing error] "is not a constant|is not constant" testdata/gc/const5.go:34:32
[PASS errorcheck] "mismatched types|incompatible types": invalid operation: == (mismatched types bool and p.mybool) testdata/gc/const6.go:22:10
[PASS errorcheck] "mismatched types|incompatible types": invalid operation: == (mismatched types p.mybool and p.mybool1) testdata/gc/const6.go:23:10
[PASS errorcheck] "mismatched types|incompatible types": invalid operation: == (mismatched types bool and p.mybool1) testdata/gc/const6.go:24:10
[PASS errorcheck] "mismatched types|incompatible types": invalid operation: && (mismatched types bool and p.mybool) testdata/gc/const6.go:27:9
[PASS errorcheck] "mismatched types|incompatible types": invalid operation: && (mismatched types p.mybool and p.mybool1) testdata/gc/const6.go:28:9
[PASS errorcheck] "mismatched types|incompatible types": invalid operation: && (mismatched types bool and p.mybool1) testdata/gc/const6.go:29:9
[FAIL errorcheck: missing error] "cannot convert.*\[\]int64|invalid type conversion" testdata/gc/convert1.go:31:17
[FAIL errorcheck: missing error] "cannot convert.*Tint64|invalid type conversion" testdata/gc/convert1.go:35:16
[FAIL errorcheck: missing error] "cannot convert.*\[\]rune|invalid type conversion" testdata/gc/convert1.go:39:18
[FAIL errorcheck: missing error] "cannot convert.*\[\]int64|invalid type conversion" testdata/gc/convert1.go:40:18
[FAIL errorcheck: missing error] "cannot convert.*Trune|invalid type conversion" testdata/gc/convert1.go:43:17
[FAIL errorcheck: missing error] "cannot convert.*Tint64|invalid type conversion" testdata/gc/convert1.go:44:17
[FAIL errorcheck: missing error] "cannot convert.*\[\]byte|invalid type conversion" testdata/gc/convert1.go:47:17
[FAIL errorcheck: missing error] "cannot convert.*\[\]int64|invalid type conversion" testdata/gc/convert1.go:49:18
[FAIL errorcheck: missing error] "cannot convert.*Tbyte|invalid type conversion" testdata/gc/convert1.go:51:16
[FAIL errorcheck: missing error] "cannot convert.*Tint64|invalid type conversion" testdata/gc/convert1.go:53:17
[FAIL errorcheck: missing error] "cannot convert.* string|invalid type conversion" testdata/gc/convert1.go:55:17
[FAIL errorcheck: missing error] "cannot convert.*\[\]byte|invalid type conversion" testdata/gc/convert1.go:56:17
[FAIL errorcheck: missing error] "cannot convert.*\[\]rune|invalid type conversion" testdata/gc/convert1.go:57:17
[FAIL errorcheck: missing error] "cannot convert.*Tstring|invalid type conversion" testdata/gc/convert1.go:59:18
[FAIL errorcheck: missing error] "cannot convert.*Tbyte|invalid type conversion" testdata/gc/convert1.go:60:18
[FAIL errorcheck: missing error] "cannot convert.*Trune|invalid type conversion" testdata/gc/convert1.go:61:18
[FAIL errorcheck: missing error] "cannot convert.*\[\]int64|invalid type conversion" testdata/gc/convert1.go:67:18
[FAIL errorcheck: missing error] "cannot convert.*Tint64|invalid type conversion" testdata/gc/convert1.go:71:17
[FAIL errorcheck: missing error] "cannot convert.*\[\]rune|invalid type conversion" testdata/gc/convert1.go:75:19
[FAIL errorcheck: missing error] "cannot convert.*\[\]int64|invalid type conversion" testdata/gc/convert1.go:76:19
[FAIL errorcheck: missing error] "cannot convert.*Trune|invalid type conversion" testdata/gc/convert1.go:79:18
[FAIL errorcheck: missing error] "cannot convert.*Tint64|invalid type conversion" testdata/gc/convert1.go:80:18
[FAIL errorcheck: missing error] "cannot convert.*\[\]byte|invalid type conversion" testdata/gc/convert1.go:83:18
[FAIL errorcheck: missing error] "cannot convert.*\[\]int64|invalid type conversion" testdata/gc/convert1.go:85:19
[FAIL errorcheck: missing error] "cannot convert.*Tbyte|invalid type conversion" testdata/gc/convert1.go:87:17
[FAIL errorcheck: missing error] "cannot convert.*Tint64|invalid type conversion" testdata/gc/convert1.go:89:18
[FAIL errorcheck: missing error] "cannot convert.* string|invalid type conversion" testdata/gc/convert1.go:91:18
[FAIL errorcheck: missing error] "cannot convert.*\[\]byte|invalid type conversion" testdata/gc/convert1.go:92:18
[FAIL errorcheck: missing error] "cannot convert.*\[\]rune|invalid type conversion" testdata/gc/convert1.go:93:18
[FAIL errorcheck: missing error] "cannot convert.*Tstring|invalid type conversion" testdata/gc/convert1.go:95:19
[FAIL errorcheck: missing error] "cannot convert.*Tbyte|invalid type conversion" testdata/gc/convert1.go:96:19
[FAIL errorcheck: missing error] "cannot convert.*Trune|invalid type conversion" testdata/gc/convert1.go:97:19
[PASS errorcheck] "compat|illegal|cannot": cannot use type main.H as type main.J in assignment testdata/gc/convert3.go:28:12
[PASS errorcheck] "convert|truncate": constant 1.5 truncated to integer testdata/gc/convlit.go:17:14
[PASS errorcheck] "convert|truncate": constant 1.5 truncated to integer testdata/gc/convlit.go:18:18
[PASS errorcheck] "overflow": constant 10000000000000000000000000000000000000000000000000000000000000000000000000000000000000000000000000000 overflows int testdata/gc/convlit.go:20:14
[PASS errorcheck] "overflow": constant 1e+1000 overflows float32 testdata/gc/convlit.go:21:18
[FAIL errorcheck: error does not match] "convert": constant 65 overflows unsafe.Pointer testdata/gc/convlit.go:24:31
[FAIL errorcheck: error does not match] "convert": constant 65 overflows unsafe.Pointer testdata/gc/convlit.go:25:32
[FAIL errorcheck: error does not match] "convert": constant 65 overflows unsafe.Pointer testdata/gc/convlit.go:26:28
[PASS errorcheck] "conver|incompatible|invalid|cannot": cannot use 1 (type int) as type string in assignment testdata/gc/convlit.go:30:19
[PASS errorcheck] "conver|incompatible|invalid": invalid operation: mismatched types string and int testdata/gc/convlit.go:31:14
[PASS errorcheck] "conver|incompatible|invalid": invalid operation: mismatched types string and int32 testdata/gc/convlit.go:32:14
[FAIL errorcheck: missing error] "literals|incompatible|convert|invalid" testdata/gc/convlit.go:33:22
[FAIL errorcheck: missing error] "literals|incompatible|convert|invalid" testdata/gc/convlit.go:34:22
[PASS errorcheck] "convert|truncate": constant 1.5 truncated to integer testdata/gc/convlit.go:36:16
[PASS errorcheck] "overflow": constant 10000000000000000000000000000000000000000000000000000000000000000000000000000000000000000000000000000 overflows int testdata/gc/convlit.go:37:16
[PASS errorcheck] "overflow": constant 1e+200 overflows float32 testdata/gc/convlit.go:38:20
[PASS errorcheck] "cannot use|incompatible|invalid": cannot use "abc" (type string) as type []int in assignment testdata/gc/convlit.go:51:15
[PASS errorcheck] "cannot use|incompatible|invalid": cannot use "abc" (type string) as type []uint8 in assignment testdata/gc/convlit.go:52:16
[PASS errorcheck] "cannot use|incompatible|invalid": cannot use type main.Tstring as type []int32 in assignment testdata/gc/convlit.go:62:16
[PASS errorcheck] "cannot use|incompatible|invalid": cannot use type main.Tstring as type []uint8 in assignment testdata/gc/convlit.go:63:16
[PASS errorcheck] "cannot use|incompatible|invalid": cannot use "abc" (type string) as type main.Trune in assignment testdata/gc/convlit.go:73:15
[PASS errorcheck] "cannot use|incompatible|invalid": cannot use "abc" (type string) as type main.Tbyte in assignment testdata/gc/convlit.go:74:15
[PASS errorcheck] "conver|incompatible|cannot": cannot use "a" (type string) as type int in array or slice literal testdata/gc/convlit1.go:12:17
[PASS errorcheck] "compos": invalid type for composite literal: int testdata/gc/convlit1.go:13:13
[FAIL errorcheck: missing error] "conver|incompatible|invalid" testdata/gc/convlit1.go:19:15
[FAIL errorcheck: missing error] "integer" testdata/gc/ddd1.go:20:20
[FAIL errorcheck: missing error] ".hello. .type string. as type int|incompatible" testdata/gc/ddd1.go:21:20
[FAIL errorcheck: missing error] "\[\]int literal.*as type int|incompatible" testdata/gc/ddd1.go:22:20
[FAIL errorcheck: missing error] "multiple-value|[.][.][.]" testdata/gc/ddd1.go:30:22
[FAIL errorcheck: missing error] "multiple-value|[.][.][.]" "not enough" testdata/gc/ddd1.go:32:23
[FAIL errorcheck: missing error] "[.][.][.]" testdata/gc/ddd1.go:46:23
[FAIL errorcheck: missing error] "[.][.][.]" testdata/gc/ddd1.go:47:19
[FAIL errorcheck: missing error] "[.][.][.]" testdata/gc/ddd1.go:49:15
[FAIL errorcheck: missing error] "[.][.][.]" testdata/gc/ddd1.go:50:19
[FAIL errorcheck: missing error] "[.][.][.]" testdata/gc/ddd1.go:51:18
[FAIL errorcheck: missing error] "[.][.][.]" testdata/gc/ddd1.go:53:25
[FAIL errorcheck: missing error] "[.][.][.]" testdata/gc/ddd1.go:57:28
[FAIL errorcheck: missing error] "[.][.][.]" testdata/gc/ddd1.go:58:26
[FAIL errorcheck: missing error] "[.][.][.]" testdata/gc/ddd1.go:59:23
[FAIL errorcheck: missing error] "[.][.][.]" testdata/gc/ddd1.go:60:37
[PASS errorcheck] "redeclared|no new": no new variables on left side of := testdata/gc/declbad.go:20:3
[FAIL errorcheck: missing error] "redeclared|cannot assign|incompatible" testdata/gc/declbad.go:26:19
[FAIL errorcheck: missing error] "redeclared|cannot assign|incompatible" testdata/gc/declbad.go:32:19
[PASS errorcheck] "redeclared|no new": no new variables on left side of := testdata/gc/declbad.go:38:3
[PASS errorcheck] "redeclared|no new|incompatible": no new variables on left side of := testdata/gc/declbad.go:44:3
[PASS errorcheck] "redeclared|no new|incompatible": no new variables on left side of := testdata/gc/declbad.go:52:3
[PASS errorcheck] "redeclared|no new": no new variables on left side of := testdata/gc/declbad.go:58:3
[PASS errorcheck] "redeclared|no new": no new variables on left side of := testdata/gc/declbad.go:64:3
[TODO "errorcheck -0 -m -l"] testdata/gc/escape2.go
[TODO "errorcheck -0 -N -m -l"] testdata/gc/escape2n.go
[TODO "errorcheck -0 -m"] testdata/gc/escape4.go
[TODO "errorcheck -0 -m -l"] testdata/gc/escape5.go
[TODO "errorcheck -0 -m -l"] testdata/gc/escape_array.go
[TODO "errorcheck -0 -m -m -l"] testdata/gc/escape_because.go
[TODO "errorcheck -0 -m -l"] testdata/gc/escape_calls.go
[TODO "errorcheck -0 -m -l"] testdata/gc/escape_closure.go
[TODO "errorcheck -0 -m -l"] testdata/gc/escape_field.go
[TODO "errorcheck -0 -m -l"] testdata/gc/escape_iface.go
[TODO "errorcheck -0 -m -l"] testdata/gc/escape_indir.go
[TODO "errorcheck -0 -m -l"] testdata/gc/escape_level.go
[TODO "errorcheck -0 -m -l"] testdata/gc/escape_map.go
[TODO "errorcheck -0 -m -l"] testdata/gc/escape_param.go
[TODO "errorcheck -0 -m -l"] testdata/gc/escape_slice.go
[TODO "errorcheck -0 -m -l"] testdata/gc/escape_struct_param1.go
[TODO "errorcheck -0 -m -l"] testdata/gc/escape_struct_param2.go
[TODO "errorcheck -0 -m -l"] testdata/gc/escape_struct_return.go
[PASS errorcheck] "oct|char": invalid character constant testdata/gc/fixedbugs/bug014.go:10:18
[PASS errorcheck] "oct|char": invalid character constant testdata/gc/fixedbugs/bug014.go:11:18
[PASS errorcheck] "hex|char": invalid character constant testdata/gc/fixedbugs/bug014.go:12:18
[PASS errorcheck] "hex|char": invalid character constant testdata/gc/fixedbugs/bug014.go:13:18
[FAIL errorcheck: missing error] "overflow" testdata/gc/fixedbugs/bug015.go:11:26
[FAIL errorcheck: missing error] "overflows|negative" testdata/gc/fixedbugs/bug016.go:11:14
[FAIL errorcheck: missing error] "illegal|is not|invalid" testdata/gc/fixedbugs/bug022.go:12:18
[PASS errorcheck] "declar|:=": no new variables on left side of := testdata/gc/fixedbugs/bug030.go:11:2
[PASS errorcheck] "redecl|no new": no new variables on left side of := testdata/gc/fixedbugs/bug035.go:10:2
[PASS errorcheck] "redecl|no new": no new variables on left side of := testdata/gc/fixedbugs/bug035.go:11:2
[FAIL errorcheck: missing error] "undef" testdata/gc/fixedbugs/bug037.go:10:18
[PASS errorcheck] "redecl|redefinition": x redeclared, previous declaration at testdata/gc/fixedbugs/bug039.go:9:9 testdata/gc/fixedbugs/bug039.go:10:6
[PASS errorcheck] "duplicate argument|redefinition": duplicate argument x testdata/gc/fixedbugs/bug040.go:10:2
[PASS errorcheck] "pointer|receiver": invalid receiver type main.T (main.T is a pointer type) testdata/gc/fixedbugs/bug046.go:11:12
[FAIL errorcheck: missing error] "nil|incompatible" testdata/gc/fixedbugs/bug049.go:10:16
[PASS errorcheck] "package": package statement must be first testdata/gc/fixedbugs/bug050.go:7:1
[FAIL errorcheck: missing error] "const" testdata/gc/fixedbugs/bug051.go:14:17
[FAIL errorcheck: missing error] "illegal|invalid|incompatible|cannot" testdata/gc/fixedbugs/bug062.go:10:22
[PASS errorcheck] "invalid|escape": invalid syntax: "\"\\'\"" testdata/gc/fixedbugs/bug068.go:12:11
[FAIL errorcheck: missing error] "undef" testdata/gc/fixedbugs/bug072.go:10:21
[FAIL errorcheck: missing error] "illegal|inval|shift" testdata/gc/fixedbugs/bug073.go:12:15
[FAIL errorcheck: missing error] "illegal|inval|shift" testdata/gc/fixedbugs/bug073.go:13:15
[FAIL errorcheck: missing error] "composite" testdata/gc/fixedbugs/bug074.go:10:31
[PASS errorcheck] "loop|type": x is not a type testdata/gc/fixedbugs/bug081.go:9:9
[PASS errorcheck] "bug0": undefined: bug0.t0 testdata/gc/fixedbugs/bug083.dir/bug1.go:13:8
[FAIL errorcheck: missing error] "undefined" testdata/gc/fixedbugs/bug085.go:12:15
[FAIL errorcheck: missing error] "return" testdata/gc/fixedbugs/bug086.go:14:3
[FAIL errorcheck: missing error] "truncate" testdata/gc/fixedbugs/bug090.go:36:14
[FAIL errorcheck: missing error] "truncate" testdata/gc/fixedbugs/bug090.go:38:38
[FAIL errorcheck: missing error] "convert|incompatible|cannot" testdata/gc/fixedbugs/bug090.go:41:10
[FAIL errorcheck: missing error] "convert|incompatible|cannot" testdata/gc/fixedbugs/bug090.go:44:10
[FAIL errorcheck: missing error] "truncate" testdata/gc/fixedbugs/bug090.go:45:14
[FAIL errorcheck: missing error] "undef" testdata/gc/fixedbugs/bug091.go:20:9
[FAIL errorcheck: missing error] "mismatch|as value|no type" testdata/gc/fixedbugs/bug103.go:12:13
[FAIL errorcheck: missing error] "conversion|type" testdata/gc/fixedbugs/bug104.go:9:11
[FAIL errorcheck: missing error] "undefined" testdata/gc/fixedbugs/bug107.go:13:27
[FAIL errorcheck: missing error] "overflow|shift count too large" testdata/gc/fixedbugs/bug108.go:9:19
[FAIL errorcheck: missing error] "undefined" testdata/gc/fixedbugs/bug117.go:22:17
[FAIL errorcheck: error does not match] "name list not allowed": unexpected ,, expected function/method signature or one of ['(', '.', ';', '}'] testdata/gc/fixedbugs/bug121.go:12:3
[PASS errorcheck] "syntax|signature": unexpected identifier, expected function/method signature or one of ['(', '.', ';', '}'] testdata/gc/fixedbugs/bug121.go:16:4
[FAIL errorcheck: missing error] "too many" testdata/gc/fixedbugs/bug122.go:11:36
[FAIL errorcheck: missing error] "func" testdata/gc/fixedbugs/bug123.go:10:17
[PASS errorcheck] "redeclared|redef": none redeclared, previous declaration at testdata/gc/fixedbugs/bug126.go:10:7 testdata/gc/fixedbugs/bug126.go:11:7
[FAIL errorcheck: missing error] "illegal|incompatible|nil" testdata/gc/fixedbugs/bug127.go:10:21
[FAIL errorcheck: missing error] "illegal|incompatible|nil" testdata/gc/fixedbugs/bug127.go:11:21
[FAIL errorcheck: missing error] "convert|cannot|incompatible" testdata/gc/fixedbugs/bug131.go:11:19
[PASS errorcheck] "duplicate": duplicate field x, previous declaration at testdata/gc/fixedbugs/bug132.go:10:2 testdata/gc/fixedbugs/bug132.go:10:5
[FAIL errorcheck: missing error] "field|undef" testdata/gc/fixedbugs/bug133.dir/bug2.go:15:16
[FAIL errorcheck: missing error] "initialization loop|depends upon itself" testdata/gc/fixedbugs/bug13343.go:10:13
[FAIL errorcheck: missing error] "L" testdata/gc/fixedbugs/bug136.go:13:13
[FAIL errorcheck: missing error] "L1" testdata/gc/fixedbugs/bug136.go:19:15
[FAIL errorcheck: missing error] "invalid|illegal|cannot" testdata/gc/fixedbugs/bug146.go:13:18
[PASS errorcheck] "identifier": invalid identifier character U+229B '⊛' testdata/gc/fixedbugs/bug163.go:10:3
[FAIL errorcheck: missing error] "map key type" testdata/gc/fixedbugs/bug165.go:14:17
[PASS errorcheck] "char": invalid character constant testdata/gc/fixedbugs/bug169.go:8:9
[PASS errorcheck] "illegal|nil|invalid": cannot convert nil to type [10]int testdata/gc/fixedbugs/bug170.go:8:20
[PASS errorcheck] "illegal|nil|incompatible": cannot use nil as type [10]int in assignment testdata/gc/fixedbugs/bug170.go:9:18
[PASS errorcheck] "nil": use of untyped nil testdata/gc/fixedbugs/bug170.go:11:10
[FAIL errorcheck: missing error] "illegal|nil|incompatible" testdata/gc/fixedbugs/bug170.go:13:13
[FAIL errorcheck: missing error] "return|control" testdata/gc/fixedbugs/bug171.go:9:18
[FAIL errorcheck: missing error] "return|control" testdata/gc/fixedbugs/bug171.go:10:24
[FAIL errorcheck: missing error] "illegal.*OR|bool|expected" testdata/gc/fixedbugs/bug172.go:11:10
[FAIL errorcheck: missing error] "multi" testdata/gc/fixedbugs/bug175.go:12:18
[PASS errorcheck] "constant": index must be non-negative integer constant testdata/gc/fixedbugs/bug176.go:11:15
[PASS errorcheck] "constant": index must be non-negative integer constant testdata/gc/fixedbugs/bug176.go:12:18
[FAIL errorcheck: missing error] "L2" testdata/gc/fixedbugs/bug179.go:13:16
[FAIL errorcheck: missing error] "L2" testdata/gc/fixedbugs/bug179.go:14:16
[FAIL errorcheck: missing error] "L1" testdata/gc/fixedbugs/bug179.go:22:15
[FAIL errorcheck: missing error] "L1" testdata/gc/fixedbugs/bug179.go:23:15
[FAIL errorcheck: missing error] "embed.*pointer" testdata/gc/fixedbugs/bug181.go:10:5
[FAIL errorcheck: missing error] "x.*int|bool" testdata/gc/fixedbugs/bug182.go:11:9
[FAIL errorcheck: missing error] "cannot|incompatible" testdata/gc/fixedbugs/bug183.go:14:9
[FAIL errorcheck: missing error] "cannot|incompatible" testdata/gc/fixedbugs/bug183.go:24:9
[FAIL errorcheck: missing error] "iota" testdata/gc/fixedbugs/bug186.go:15:11
[FAIL errorcheck: missing error] "package" testdata/gc/fixedbugs/bug188.go:14:11
[FAIL errorcheck: missing error] "too few" testdata/gc/fixedbugs/bug189.go:16:14
[PASS errorcheck] "redecl|redefinition": fmt redeclared in this block\n\tprevious declaration at testdata/gc/fixedbugs/bug192.go:9:8 testdata/gc/fixedbugs/bug192.go:11:5
[FAIL errorcheck: missing error] "shift" testdata/gc/fixedbugs/bug193.go:13:24
[FAIL errorcheck: missing error] "shift" testdata/gc/fixedbugs/bug193.go:14:24
[PASS errorcheck] "interface": interface contains embedded non-interface I2 testdata/gc/fixedbugs/bug195.go:9:21
[PASS errorcheck] "interface": interface contains embedded non-interface int testdata/gc/fixedbugs/bug195.go:12:21
[PASS errorcheck] "interface": interface type loop involving S testdata/gc/fixedbugs/bug195.go:15:15
[PASS errorcheck] "interface": interface type loop involving I4 testdata/gc/fixedbugs/bug195.go:18:2
[PASS errorcheck] "interface": interface type loop involving I5 testdata/gc/fixedbugs/bug195.go:26:2
[PASS errorcheck] "cannot use|incompatible": cannot use 0 (type int) as type main.T in assignment testdata/gc/fixedbugs/bug197.go:14:11
[PASS errorcheck] "cannot use|incompatible": cannot use type int as type main.T in assignment testdata/gc/fixedbugs/bug197.go:15:12
[PASS errorcheck] "cannot use|incompatible": cannot use 0 (type int) as type main.U in assignment testdata/gc/fixedbugs/bug197.go:16:11
[PASS errorcheck] "cannot use|incompatible": cannot use type int as type main.U in assignment testdata/gc/fixedbugs/bug197.go:17:12
[PASS errorcheck] "invalid operation|incompatible": invalid operation: mismatched types main.S and string testdata/gc/fixedbugs/bug197.go:24:12
[FAIL errorcheck: missing error] "invalid operation|incompatible" testdata/gc/fixedbugs/bug197.go:25:30
[PASS errorcheck] "undefined": undefined: T testdata/gc/fixedbugs/bug198.go:8:10
[FAIL errorcheck: missing error] "duplicate" testdata/gc/fixedbugs/bug200.go:17:20
[FAIL errorcheck: missing error] "non-integer slice index|must be integer" testdata/gc/fixedbugs/bug205.go:14:20
[FAIL errorcheck: missing error] "non-integer string index|must be integer" testdata/gc/fixedbugs/bug205.go:15:20
[FAIL errorcheck: missing error] "cannot use.*as type string" testdata/gc/fixedbugs/bug205.go:16:20
[PASS errorcheck] "undefined": undefined: f testdata/gc/fixedbugs/bug208.go:17:9
[FAIL errorcheck: missing error] "bool" testdata/gc/fixedbugs/bug209.go:11:21
[FAIL errorcheck: missing error] "duplicate" testdata/gc/fixedbugs/bug211.go:11:27
[FAIL errorcheck: missing error] "cannot|illegal|incompatible|wrong" testdata/gc/fixedbugs/bug212.go:10:34
[PASS errorcheck] "cannot|illegal|incompatible|wrong": cannot use type map[int]int as type map[main.I]int in assignment testdata/gc/fixedbugs/bug212.go:11:20
[FAIL errorcheck: missing error] "cannot|illegal|incompatible|wrong" testdata/gc/fixedbugs/bug212.go:12:34
[FAIL errorcheck: missing error] "fallthrough" testdata/gc/fixedbugs/bug213.go:12:17
[PASS errorcheck] "recursive": invalid recursive type A testdata/gc/fixedbugs/bug215.go:12:21
[PASS errorcheck] "no receiver": method has no receiver testdata/gc/fixedbugs/bug217.go:12:6
[PASS errorcheck] "multiple receiver": method has multiple receivers testdata/gc/fixedbugs/bug217.go:14:12
[FAIL errorcheck: missing error] "initialization loop|depends upon itself" testdata/gc/fixedbugs/bug223.go:21:30
[PASS errorcheck] "recursive": invalid recursive type T testdata/gc/fixedbugs/bug224.go:9:6
[FAIL errorcheck: error does not match] "[.][.][.]" "final argument": unexpected ), expected type or one of ['(', '*', '[', <-, chan, func, identifier, interface, map, struct] testdata/gc/fixedbugs/bug228.go:11:30
[PASS errorcheck] "[.][.][.]": can only use ... as final argument in list testdata/gc/fixedbugs/bug228.go:13:8
[PASS errorcheck] "[.][.][.]": can only use ... as final argument in list testdata/gc/fixedbugs/bug228.go:15:15
[PASS errorcheck] "[.][.][.]|syntax|type": unexpected ..., expected one of ['(', ')', '*', ',', ';', '=', '[', '}', <-, case, chan, default, func, identifier, interface, map, struct, »] testdata/gc/fixedbugs/bug228.go:17:7
[PASS errorcheck] "[.][.][.]|syntax|type": unexpected ..., expected optional generic parameters or type or one of ['(', '*', '[', <-, chan, func, identifier, interface, map, struct, «] testdata/gc/fixedbugs/bug228.go:19:8
[FAIL errorcheck: missing error] "unexported" testdata/gc/fixedbugs/bug229.go:17:22
[FAIL errorcheck: missing error] "unexported" "undefined: testing.anyLowercaseName" testdata/gc/fixedbugs/bug229.go:19:44
[FAIL errorcheck: missing error] "not a method|has no methods" "does not implement I" testdata/gc/fixedbugs/bug231.go:20:8
[PASS errorcheck] "convert|wrong|invalid": invalid constant type *int testdata/gc/fixedbugs/bug238.go:11:9
[PASS errorcheck] "convert|wrong|invalid": invalid constant type [2]int testdata/gc/fixedbugs/bug238.go:12:9
[PASS errorcheck] "convert|wrong|invalid": invalid constant type map[int]int testdata/gc/fixedbugs/bug238.go:13:9
[PASS errorcheck] "convert|wrong|invalid": invalid constant type chan int testdata/gc/fixedbugs/bug238.go:14:9
[PASS errorcheck] "convert|wrong|invalid": invalid constant type func() testdata/gc/fixedbugs/bug238.go:15:9
[PASS errorcheck] "convert|wrong|invalid": invalid constant type struct{} testdata/gc/fixedbugs/bug238.go:16:9
[PASS errorcheck] "constant|wrong|invalid": invalid constant type interface{} testdata/gc/fixedbugs/bug238.go:17:9
[FAIL errorcheck: missing error] "not used" testdata/gc/fixedbugs/bug240.go:9:19
[FAIL errorcheck: missing error] "undefined" testdata/gc/fixedbugs/bug240.go:13:28
[FAIL errorcheck: missing error] "String" testdata/gc/fixedbugs/bug241.go:10:20
[FAIL errorcheck: missing error] "chan|incompatible" testdata/gc/fixedbugs/bug249.go:10:53
[FAIL errorcheck: missing error] "chan|incompatible" testdata/gc/fixedbugs/bug249.go:26:53
[PASS errorcheck] "loop|interface": interface type loop involving I1 testdata/gc/fixedbugs/bug251.go:15:2
[FAIL errorcheck: extra error] cannot use type main.I2 as type main.I1 in assignment:\n\tmain.I2 does not implement main.I1 (missing m method) testdata/gc/fixedbugs/bug251.go:19:13
[FAIL errorcheck: missing error] "cannot use|incompatible" testdata/gc/fixedbugs/bug252.go:14:10
[FAIL errorcheck: missing error] "truncated" testdata/gc/fixedbugs/bug255.go:11:20
[FAIL errorcheck: missing error] "invalid array bound|not numeric" testdata/gc/fixedbugs/bug255.go:12:20
[PASS errorcheck] "invalid array bound|not numeric": invalid array bound nil testdata/gc/fixedbugs/bug255.go:13:8
[FAIL errorcheck: missing error] "invalid array bound|not constant" testdata/gc/fixedbugs/bug255.go:14:20
[PASS errorcheck] "array bound is too large|overflows": array bound is too large testdata/gc/fixedbugs/bug255.go:15:8
[FAIL errorcheck: missing error] "non-constant array bound|not constant" testdata/gc/fixedbugs/bug255.go:20:33
[PASS errorcheck] "invalid recursive type": invalid recursive type V testdata/gc/fixedbugs/bug256.go:14:6
[FAIL errorcheck: missing error] "statement" testdata/gc/fixedbugs/bug274.go:23:8
[FAIL errorcheck: missing error] "statement" testdata/gc/fixedbugs/bug274.go:25:8
[FAIL errorcheck: missing error] "cannot|invalid" testdata/gc/fixedbugs/bug278.go:18:13
[FAIL errorcheck: missing error] "cannot|addressable" testdata/gc/fixedbugs/bug278.go:19:18
[FAIL errorcheck: missing error] "cannot|invalid" testdata/gc/fixedbugs/bug278.go:21:11
[FAIL errorcheck: missing error] "cannot|invalid" testdata/gc/fixedbugs/bug278.go:22:15
[FAIL errorcheck: missing error] "outside of array literal" testdata/gc/fixedbugs/bug280.go:11:17
[FAIL errorcheck: missing error] "cannot|invalid" testdata/gc/fixedbugs/bug284.go:33:18
[FAIL errorcheck: missing error] "cannot|invalid" testdata/gc/fixedbugs/bug284.go:36:14
[FAIL errorcheck: missing error] "cannot|invalid" testdata/gc/fixedbugs/bug284.go:37:14
[FAIL errorcheck: missing error] "cannot|invalid" testdata/gc/fixedbugs/bug284.go:38:14
[FAIL errorcheck: missing error] "cannot|invalid" testdata/gc/fixedbugs/bug284.go:56:8
[FAIL errorcheck: missing error] "cannot|invalid" testdata/gc/fixedbugs/bug284.go:59:14
[FAIL errorcheck: missing error] "cannot|invalid" testdata/gc/fixedbugs/bug284.go:60:14
[FAIL errorcheck: missing error] "cannot|invalid" testdata/gc/fixedbugs/bug284.go:61:14
[FAIL errorcheck: missing error] "cannot|invalid" testdata/gc/fixedbugs/bug284.go:71:18
[FAIL errorcheck: missing error] "cannot|invalid" testdata/gc/fixedbugs/bug284.go:74:14
[FAIL errorcheck: missing error] "cannot|invalid" testdata/gc/fixedbugs/bug284.go:75:14
[FAIL errorcheck: missing error] "cannot|invalid" testdata/gc/fixedbugs/bug284.go:76:14
[FAIL errorcheck: missing error] "cannot|invalid" testdata/gc/fixedbugs/bug284.go:96:9
[FAIL errorcheck: missing error] "cannot|invalid" testdata/gc/fixedbugs/bug284.go:99:17
[FAIL errorcheck: missing error] "cannot|invalid" testdata/gc/fixedbugs/bug284.go:101:17
[FAIL errorcheck: missing error] "cannot|invalid" testdata/gc/fixedbugs/bug284.go:111:30
[FAIL errorcheck: missing error] "cannot|invalid" testdata/gc/fixedbugs/bug284.go:114:14
[FAIL errorcheck: missing error] "cannot|invalid" testdata/gc/fixedbugs/bug284.go:115:14
[FAIL errorcheck: missing error] "cannot|invalid" testdata/gc/fixedbugs/bug284.go:116:14
[FAIL errorcheck: missing error] "cannot|need type assertion|incompatible" testdata/gc/fixedbugs/bug284.go:134:8
[FAIL errorcheck: missing error] "cannot|need type assertion|incompatible" testdata/gc/fixedbugs/bug284.go:137:14
[FAIL errorcheck: missing error] "cannot|need type assertion|incompatible" testdata/gc/fixedbugs/bug284.go:138:14
[FAIL errorcheck: missing error] "cannot|need type assertion|incompatible" testdata/gc/fixedbugs/bug284.go:139:14
[FAIL errorcheck: missing error] "cannot|invalid" testdata/gc/fixedbugs/bug284.go:149:17
[FAIL errorcheck: missing error] "cannot|invalid" testdata/gc/fixedbugs/bug284.go:152:14
[FAIL errorcheck: missing error] "cannot|invalid" testdata/gc/fixedbugs/bug284.go:153:14
[FAIL errorcheck: missing error] "cannot|invalid" testdata/gc/fixedbugs/bug284.go:154:14
[FAIL errorcheck: missing error] "cannot|invalid" testdata/gc/fixedbugs/bug284.go:164:17
[FAIL errorcheck: missing error] "cannot|invalid" testdata/gc/fixedbugs/bug284.go:167:14
[FAIL errorcheck: missing error] "cannot|invalid" testdata/gc/fixedbugs/bug284.go:168:14
[FAIL errorcheck: missing error] "cannot|invalid" testdata/gc/fixedbugs/bug284.go:169:14
[FAIL errorcheck: missing error] "cannot|invalid" testdata/gc/fixedbugs/bug284.go:179:20
[FAIL errorcheck: missing error] "cannot|invalid" testdata/gc/fixedbugs/bug284.go:182:14
[FAIL errorcheck: missing error] "cannot|invalid" testdata/gc/fixedbugs/bug284.go:183:14
[FAIL errorcheck: missing error] "cannot|invalid" testdata/gc/fixedbugs/bug284.go:184:14
[PASS errorcheck] "\.\.\.": cannot use type [3][5]uint8 as type [3][...]uint8 in assignment testdata/gc/fixedbugs/bug287.go:11:25
[FAIL errorcheck: missing error] "mismatch|does not match" testdata/gc/fixedbugs/bug289.go:12:14
[FAIL errorcheck: missing error] "mismatch|does not match" testdata/gc/fixedbugs/bug289.go:19:13
[PASS errorcheck] "undefined" "is not a constant|as type ByteSize": const initializer is not a constant testdata/gc/fixedbugs/bug297.go:14:16
[FAIL errorcheck: missing error] "statement outside function|expected" testdata/gc/fixedbugs/bug298.go:10:39
[PASS errorcheck] "non-declaration|expected|parenthesize": cannot parenthesize embedded type testdata/gc/fixedbugs/bug299.go:16:2
[PASS errorcheck] "non-declaration|expected|parenthesize": cannot parenthesize embedded type testdata/gc/fixedbugs/bug299.go:17:2
[PASS errorcheck] "non-declaration|expected|parenthesize": cannot parenthesize embedded type testdata/gc/fixedbugs/bug299.go:18:3
[PASS errorcheck] "parenthesize": syntax error: cannot parenthesize type in composite literal testdata/gc/fixedbugs/bug300.go:23:6
[PASS errorcheck] "parenthesize": syntax error: cannot parenthesize type in composite literal testdata/gc/fixedbugs/bug300.go:24:6
[PASS errorcheck] "parenthesize": syntax error: cannot parenthesize type in composite literal testdata/gc/fixedbugs/bug300.go:25:6
[PASS errorcheck] "parenthesize": syntax error: cannot parenthesize type in composite literal testdata/gc/fixedbugs/bug300.go:26:6
[PASS errorcheck] "parenthesize": syntax error: cannot parenthesize type in composite literal testdata/gc/fixedbugs/bug300.go:27:6
[PASS errorcheck] "parenthesize": syntax error: cannot parenthesize type in composite literal testdata/gc/fixedbugs/bug300.go:28:6
[PASS errorcheck] "cannot|incompatible": cannot use "bogus" (type string) as type int in assignment testdata/gc/fixedbugs/bug305.go:24:13
[FAIL errorcheck: missing error] "undefined" testdata/gc/fixedbugs/bug313.dir/a.go:10:21
[FAIL errorcheck: missing error] "type" testdata/gc/fixedbugs/bug318.go:12:18
[FAIL errorcheck: missing error] "undefined" testdata/gc/fixedbugs/bug323.go:18:12
[FAIL errorcheck: missing error] "undefined" testdata/gc/fixedbugs/bug323.go:19:12
[FAIL errorcheck: missing error] "invalid indirect.*unsafe.Pointer" testdata/gc/fixedbugs/bug325.go:13:14
[FAIL errorcheck: missing error] "foo" testdata/gc/fixedbugs/bug325.go:14:37
[FAIL errorcheck: missing error] "not enough arguments to return" testdata/gc/fixedbugs/bug326.go:22:9
[FAIL errorcheck: missing error] "invalid operation.*string|expected numeric" testdata/gc/fixedbugs/bug330.go:11:16
[FAIL errorcheck: missing error] "invalid operation.*string|expected numeric" testdata/gc/fixedbugs/bug330.go:12:10
[PASS errorcheck] "bug332": undefined T testdata/gc/fixedbugs/bug332.go:17:10
[FAIL errorcheck: missing error] "len|value computed is not used" testdata/gc/fixedbugs/bug337.go:17:13
[FAIL errorcheck: missing error] "type" testdata/gc/fixedbugs/bug340.go:14:11
[FAIL errorcheck: missing error] "type interface \{\}|reference to undefined field or method" testdata/gc/fixedbugs/bug340.go:15:11
[PASS errorcheck] "duplicate argument|redefinition": duplicate argument x testdata/gc/fixedbugs/bug342.go:12:14
[FAIL errorcheck: missing error] "jumps into block" testdata/gc/fixedbugs/bug344.go:17:14
[FAIL errorcheck: error does not match] "unexpected literal 2.01|expected ';' or '}' or newline|not enough arguments to return": unexpected literal testdata/gc/fixedbugs/bug349.go:12:14
[PASS errorcheck] "T[.]m redeclared|redefinition": T.m redeclared in this block\n\tprevious declaration at testdata/gc/fixedbugs/bug350.go:11:10 testdata/gc/fixedbugs/bug350.go:12:10
[PASS errorcheck] "[(][*]T[)][.]p redeclared|redefinition": (*T).p redeclared in this block\n\tprevious declaration at testdata/gc/fixedbugs/bug350.go:14:11 testdata/gc/fixedbugs/bug350.go:15:11
[PASS errorcheck] "non-name [(]x[)]|non-name on left side": non-name on left side of := testdata/gc/fixedbugs/bug351.go:12:2
[PASS errorcheck] "undefined.*io.ReadWriterCloser": undefined: io.ReadWriterCloser testdata/gc/fixedbugs/bug353.go:16:14
[FAIL errorcheck: missing error] "false evaluated but not used|value computed is not used" testdata/gc/fixedbugs/bug357.go:18:9
[FAIL errorcheck: extra error] undefined: http.ResponseWriter testdata/gc/fixedbugs/bug358.go:19:26
[FAIL errorcheck: error does not match] "syntax error|not an expression|invalid use of type": unexpected ;, expected left brace or one of ['(', ')', ',', ':', '=', '{', ..., :=, {] testdata/gc/fixedbugs/bug358.go:20:55
[PASS errorcheck] "undefined: iota|iota is only defined in const": undefined: iota testdata/gc/fixedbugs/bug362.go:13:6
[PASS errorcheck] "undefined: iota|iota is only defined in const": undefined: iota testdata/gc/fixedbugs/bug362.go:14:6
[PASS errorcheck] "undefined: iota|iota is only defined in const": undefined: iota testdata/gc/fixedbugs/bug362.go:15:6
[FAIL errorcheck: missing error] "shift of type float64|invalid.*shift" testdata/gc/fixedbugs/bug363.go:13:24
[FAIL errorcheck: missing error] "shift of type float64|invalid.*shift" testdata/gc/fixedbugs/bug363.go:16:24
[PASS errorcheck] "undefined|expected package": undefined: foo.Bar testdata/gc/fixedbugs/bug365.go:15:6
[FAIL errorcheck: missing error] "requires explicit dereference" testdata/gc/fixedbugs/bug371.go:22:9
[FAIL errorcheck: missing error] "requires explicit dereference" testdata/gc/fixedbugs/bug371.go:23:9
[FAIL errorcheck: missing error] "declared and not used" testdata/gc/fixedbugs/bug373.go:12:26
[FAIL errorcheck: extra error] cannot use 0 (type foo.T) as type foo.I in assignment testdata/gc/fixedbugs/bug374.go:16:11
[PASS errorcheck] "xxxx": undefined: xxxx testdata/gc/fixedbugs/bug374.go:18:34
[FAIL errorcheck: missing error] "must be called" testdata/gc/fixedbugs/bug376.go:10:24
[FAIL errorcheck: missing error] "1 \+ 2 evaluated but not used|value computed is not used" testdata/gc/fixedbugs/bug379.go:17:8
[FAIL errorcheck: missing error] "unsafe\.Alignof|value computed is not used" testdata/gc/fixedbugs/bug381.go:29:20
[FAIL errorcheck: missing error] "time.Wednesday|incompatible type" testdata/gc/fixedbugs/bug381.go:30:20
[FAIL errorcheck: missing error] "2e.09|expected bool" testdata/gc/fixedbugs/bug383.go:11:18
[FAIL errorcheck: missing error] "3.14 . 1i|expected bool" testdata/gc/fixedbugs/bug383.go:12:18
[PASS errorcheck] "undefined.*indexWriter": undefined indexWriter testdata/gc/fixedbugs/bug384.go:12:10
[FAIL errorcheck: missing error] "type .* too large" testdata/gc/fixedbugs/bug385_32.go:12:28
[FAIL errorcheck: missing error] "stack frame too large" testdata/gc/fixedbugs/bug385_64.go:15:15
[FAIL errorcheck: missing error] "cannot use 0 .type int.|has no methods" testdata/gc/fixedbugs/bug386.go:10:29
[FAIL errorcheck: missing error] "cannot use -1 .type int.|has no methods" testdata/gc/fixedbugs/bug386.go:12:31
[PASS errorcheck] "cannot declare name runtime.UintType|mixed named and unnamed|undefined identifier": mixed named and unnamed parameters testdata/gc/fixedbugs/bug388.go:12:10
[PASS errorcheck] "cannot declare name runtime.UintType|non-name on left side|undefined identifier": non-name on left side of := testdata/gc/fixedbugs/bug388.go:17:2
[PASS errorcheck] "non-name main.i|non-name on left side": non-name on left side of := testdata/gc/fixedbugs/bug388.go:22:2
[PASS errorcheck] "unexpected [.]|expected type": unexpected ., expected one of ['(', ')', '*', ',', ';', '=', '[', '}', <-, case, chan, default, func, identifier, interface, map, struct, »] testdata/gc/fixedbugs/bug388.go:27:10
[PASS errorcheck] "unexpected [.]|expected type": unexpected ., expected one of ['(', ')', '*', ',', ';', '=', '[', '}', <-, case, chan, default, func, identifier, interface, map, struct, »] testdata/gc/fixedbugs/bug388.go:32:9
[PASS errorcheck] "cannot use type func.float32. as type func.int. in assignment|different parameter types": cannot use type func(float32) as type func(int) in assignment testdata/gc/fixedbugs/bug389.go:12:23
[FAIL errorcheck: missing error] "operator - not defined on unsafe.Pointer|expected integer, floating, or complex type" testdata/gc/fixedbugs/bug390.go:15:44
[FAIL errorcheck: missing error] "non-declaration statement outside function body|expected declaration" testdata/gc/fixedbugs/bug394.go:10:12
[PASS errorcheck] "cannot use 1.*as type string in map key|incompatible type": cannot use 1 (type int) as type string in map key testdata/gc/fixedbugs/bug397.go:12:2
[PASS errorcheck] "duplicate field x": duplicate field x, previous declaration at testdata/gc/fixedbugs/bug412.go:10:2 testdata/gc/fixedbugs/bug412.go:11:2
[FAIL errorcheck: missing error] "ambiguous selector t.x" testdata/gc/fixedbugs/bug412.go:15:14
[FAIL errorcheck: missing error] "initialization loop|depends upon itself" testdata/gc/fixedbugs/bug413.go:11:45
[FAIL errorcheck: missing error] "type T has both field and method named X|redeclares struct field name" testdata/gc/fixedbugs/bug416.go:13:20
[FAIL errorcheck: missing error] "single-value context" testdata/gc/fixedbugs/bug418.go:16:18
[FAIL errorcheck: missing error] "single-value context" testdata/gc/fixedbugs/bug418.go:21:24
[FAIL errorcheck: missing error] "types" testdata/gc/fixedbugs/bug421.go:13:29
[FAIL errorcheck: missing error] "types" testdata/gc/fixedbugs/bug421.go:16:20
[PASS errorcheck] "unexpected|missing|undefined": unexpected EOF, expected expression/type literal or one of ['!', '&', '(', ')', '*', '+', '-', '[', '^', <-, chan, func, identifier, interface, literal, map, struct] testdata/gc/fixedbugs/bug435.go:15:48
[PASS errorcheck] "undefined|expected package": undefined: x.T testdata/gc/fixedbugs/bug451.go:9:8
[FAIL errorcheck: missing error] "loop|depends upon itself" testdata/gc/fixedbugs/bug459.go:12:32
[FAIL errorcheck: missing error] "unexported field" testdata/gc/fixedbugs/bug460.dir/b.go:12:16
[FAIL errorcheck: missing error] "unexported field" testdata/gc/fixedbugs/bug460.dir/b.go:13:16
[FAIL errorcheck: missing error] "unexported field" testdata/gc/fixedbugs/bug460.dir/b.go:14:16
[FAIL errorcheck: missing error] "unexported field" testdata/gc/fixedbugs/bug460.dir/b.go:15:16
[FAIL errorcheck: missing error] "unexported field" testdata/gc/fixedbugs/bug460.dir/b.go:16:16
[FAIL errorcheck: missing error] "unknown T? ?field" testdata/gc/fixedbugs/bug462.go:17:15
[PASS errorcheck] "refers to itself|definition loop": constant definition loop\n\ttestdata/gc/fixedbugs/bug463.go:12:7: a uses a testdata/gc/fixedbugs/bug463.go:12:7
[PASS errorcheck] "refers to itself|definition loop": constant definition loop\n\ttestdata/gc/fixedbugs/bug463.go:16:2: A uses B\n\ttestdata/gc/fixedbugs/bug463.go:17:2: B uses D\n\ttestdata/gc/fixedbugs/bug463.go:18:5: D uses A testdata/gc/fixedbugs/bug463.go:16:2
[PASS errorcheck] "expected type|not a type": foo is not a type testdata/gc/fixedbugs/bug464.go:12:12
[FAIL errorcheck: missing error] "mismatch" testdata/gc/fixedbugs/bug487.go:17:14
[FAIL errorcheck: missing error] "mismatch" testdata/gc/fixedbugs/bug487.go:18:13
[FAIL errorcheck: missing error] "too many|mismatch" testdata/gc/fixedbugs/bug487.go:23:13
[PASS errorcheck] "undefined": undefined: Printf testdata/gc/fixedbugs/bug488.dir/a.go:7:10
[FAIL errorcheck: missing error] "x\.Do undefined \(type \*Imported is pointer to interface, not interface\)" testdata/gc/fixedbugs/issue10700.dir/test.go:24:9
[FAIL errorcheck: missing error] "x\.do undefined \(type \*Imported is pointer to interface, not interface\)" testdata/gc/fixedbugs/issue10700.dir/test.go:25:9
[FAIL errorcheck: missing error] "x\.Dont undefined \(type \*Imported is pointer to interface, not interface\)" testdata/gc/fixedbugs/issue10700.dir/test.go:27:14
[FAIL errorcheck: missing error] "\(\*x\)\.Dont undefined \(type Imported has no field or method Dont\)" testdata/gc/fixedbugs/issue10700.dir/test.go:28:14
[FAIL errorcheck: missing error] "y\.do undefined \(type \*HasAMethod has no field or method do, but does have Do\)" testdata/gc/fixedbugs/issue10700.dir/test.go:31:9
[FAIL errorcheck: missing error] "\(\*y\)\.do undefined \(type HasAMethod has no field or method do, but does have Do\)" testdata/gc/fixedbugs/issue10700.dir/test.go:33:14
[FAIL errorcheck: missing error] "y\.Dont undefined \(type \*HasAMethod has no field or method Dont\)" testdata/gc/fixedbugs/issue10700.dir/test.go:34:14
[FAIL errorcheck: missing error] "\(\*y\)\.Dont undefined \(type HasAMethod has no field or method Dont\)" testdata/gc/fixedbugs/issue10700.dir/test.go:35:14
[FAIL errorcheck: missing error] "z\.Do undefined \(type \*other\.Exported is pointer to interface, not interface\)" testdata/gc/fixedbugs/issue10700.dir/test.go:37:9
[FAIL errorcheck: missing error] "z\.do undefined \(type \*other\.Exported is pointer to interface, not interface\)" testdata/gc/fixedbugs/issue10700.dir/test.go:38:9
[FAIL errorcheck: missing error] "\(\*z\)\.do undefined \(type other.Exported has no field or method do, but does have Do\)" testdata/gc/fixedbugs/issue10700.dir/test.go:40:16
[FAIL errorcheck: missing error] "z\.Dont undefined \(type \*other\.Exported is pointer to interface, not interface\)" testdata/gc/fixedbugs/issue10700.dir/test.go:41:16
[FAIL errorcheck: missing error] "\(\*z\)\.Dont undefined \(type other\.Exported has no field or method Dont\)" testdata/gc/fixedbugs/issue10700.dir/test.go:42:16
[FAIL errorcheck: missing error] "z\.secret undefined \(type \*other\.Exported is pointer to interface, not interface\)" testdata/gc/fixedbugs/issue10700.dir/test.go:43:16
[FAIL errorcheck: missing error] "\(\*z\)\.secret undefined \(cannot refer to unexported field or method secret\)" testdata/gc/fixedbugs/issue10700.dir/test.go:44:16
[PASS errorcheck] "interface contains embedded non-interface int": interface contains embedded non-interface int testdata/gc/fixedbugs/issue10975.go:13:2
[FAIL errorcheck: missing error] "1e\+646456992 overflows float64" testdata/gc/fixedbugs/issue11326.go:21:23
[FAIL errorcheck: missing error] "1e\+64645699 overflows float64" testdata/gc/fixedbugs/issue11326.go:22:23
[FAIL errorcheck: missing error] "1e\+6464569 overflows float64" testdata/gc/fixedbugs/issue11326.go:23:23
[FAIL errorcheck: missing error] "1e\+646456 overflows float64" testdata/gc/fixedbugs/issue11326.go:24:23
[FAIL errorcheck: missing error] "1e\+64645 overflows float64" testdata/gc/fixedbugs/issue11326.go:25:23
[FAIL errorcheck: missing error] "1e\+6464 overflows float64" testdata/gc/fixedbugs/issue11326.go:26:23
[FAIL errorcheck: missing error] "1e\+646 overflows float64" testdata/gc/fixedbugs/issue11326.go:27:23
[FAIL errorcheck: missing error] "1e\+309 overflows float64" testdata/gc/fixedbugs/issue11326.go:28:23
[PASS errorcheck] "identifier cannot begin with digit": identifier cannot begin with digit testdata/gc/fixedbugs/issue11359.go:11:5
[FAIL errorcheck: missing error] "imported and not used" testdata/gc/fixedbugs/issue11361.go:9:14
[PASS errorcheck] "fmt without selector" "is not a constant": const initializer is not a constant testdata/gc/fixedbugs/issue11361.go:11:11
[FAIL errorcheck: missing error] "non-canonical import path .unicode//utf8. \(should be .unicode/utf8.\)" "can't find import: .unicode//utf8." testdata/gc/fixedbugs/issue11362.go:11:26
[PASS errorcheck] "constant 300 overflows int8" "constant 1200 overflows int8": constant 300 overflows int8 testdata/gc/fixedbugs/issue11590.go:9:17
[FAIL errorcheck: missing error] "constant 1e\+200 overflows complex64" testdata/gc/fixedbugs/issue11590.go:10:31
[FAIL errorcheck: missing error] "constant 1e\+500 overflows complex128" testdata/gc/fixedbugs/issue11590.go:11:31
[PASS errorcheck] "import path is empty": import path is empty testdata/gc/fixedbugs/issue11610.go:11:7
[FAIL errorcheck: error does not match] "illegal character U\+003F '\?'": unexpected ?, expected variable specification or one of ['(', identifier] testdata/gc/fixedbugs/issue11610.go:12:4
[FAIL errorcheck: missing error] "unexpected var" "cannot declare name" testdata/gc/fixedbugs/issue11610.go:14:11
[PASS errorcheck] "interface contains embedded non-interface int": interface contains embedded non-interface int testdata/gc/fixedbugs/issue11614.go:14:2
[FAIL errorcheck: missing error] "type I is not an expression" testdata/gc/fixedbugs/issue11614.go:18:6
[FAIL errorcheck: missing error] "interface contains embedded non-interface int" "type interface { int } is not an expression" testdata/gc/fixedbugs/issue11614.go:22:19
[FAIL errorcheck: missing error] "invalid case f \(type func\(\)\) in switch \(incomparable type\)" testdata/gc/fixedbugs/issue11737.go:15:10
[TODO "errorcheck -0 -m -l"] testdata/gc/fixedbugs/issue12006.go
[FAIL errorcheck: missing error] "invalid operation: b\+\+ \(non-numeric type bool\)" testdata/gc/fixedbugs/issue12525.go:22:6
[FAIL errorcheck: missing error] "invalid operation: s-- \(non-numeric type string\)" testdata/gc/fixedbugs/issue12525.go:25:6
[TODO "errorcheck -0 -m -l"] testdata/gc/fixedbugs/issue12588.go
[PASS errorcheck] "out of bounds": invalid array index 0 (out of bounds for 0-element array) testdata/gc/fixedbugs/issue12944.go:12:30
[PASS errorcheck] "unexpected }": unexpected }, expected argument list or one of ['!', '&', '(', ')', '*', '+', '-', '[', '^', <-, chan, func, identifier, interface, literal, map, struct] testdata/gc/fixedbugs/issue13248.go:13:1
[PASS errorcheck] "unexpected %": unexpected %, expected identifier testdata/gc/fixedbugs/issue13266.go:10:8
[FAIL errorcheck: error does not match] "unexpected <-, expecting chan": unexpected <-, expected optional generic parameters or type or one of ['(', '*', '[', <-, chan, func, identifier, interface, map, struct, «] testdata/gc/fixedbugs/issue13273.go:50:9
[FAIL errorcheck: error does not match] "unexpected <-, expecting chan|expecting {" (new parser: same error as for type decl): unexpected ;, expected one of ['(', ')', ',', ':', '=', ..., :=] testdata/gc/fixedbugs/issue13273.go:51:15
[FAIL errorcheck: error does not match] "unexpected int, expecting chan|expecting chan": unexpected <-, expected type or one of ['(', '*', '[', <-, chan, func, identifier, interface, map, struct] testdata/gc/fixedbugs/issue13273.go:53:15
[FAIL errorcheck: error does not match] "unexpected int, expecting chan|expecting {" (new parser: same error as for type decl): unexpected <-, expected type or one of ['(', '*', '[', <-, chan, func, identifier, interface, map, struct] testdata/gc/fixedbugs/issue13273.go:54:8
[PASS errorcheck] "unexpected EOF": unexpected EOF testdata/gc/fixedbugs/issue13274.go:11:43
[FAIL errorcheck: error does not match] "expecting \)|expecting comma or \)": unexpected ;, expected one of [!=, &&, &^, '%', '&', ')', '*', '+', ',', '-', '/', ':', '<', '=', '>', '^', '|', ..., :=, <-, <<, <=, ==, >=, >>, ||] testdata/gc/fixedbugs/issue13319.go:12:20
[FAIL errorcheck: error does not match] "expecting \)|expecting comma or \)": unexpected ;, expected one of [!=, &&, &^, '%', '&', ')', '*', '+', ',', '-', '/', ':', '<', '=', '>', '^', '|', ..., :=, <-, <<, <=, ==, >=, >>, ||] testdata/gc/fixedbugs/issue13319.go:16:20
[FAIL errorcheck: missing error] "index must be non\-negative integer constant" testdata/gc/fixedbugs/issue13365.go:14:22
[FAIL errorcheck: missing error] "index must be non\-negative integer constant" testdata/gc/fixedbugs/issue13365.go:15:22
[FAIL errorcheck: missing error] "index must be non\-negative integer constant" testdata/gc/fixedbugs/issue13365.go:16:22
[FAIL errorcheck: missing error] "array index 100 out of bounds" testdata/gc/fixedbugs/issue13365.go:19:22
[FAIL errorcheck: missing error] "cannot use .* as type int in array or slice literal" testdata/gc/fixedbugs/issue13365.go:22:18
[FAIL errorcheck: missing error] "cannot use .* as type int in array or slice literal" testdata/gc/fixedbugs/issue13365.go:23:18
[FAIL errorcheck: missing error] "cannot use .* as type int in array or slice literal" testdata/gc/fixedbugs/issue13365.go:24:18
[PASS errorcheck] "x repeated on left side of :=": x repeated on left side of := testdata/gc/fixedbugs/issue13415.go:14:13
[FAIL errorcheck: missing error] "1e\+646456992 overflows integer" testdata/gc/fixedbugs/issue13471.go:12:30
[FAIL errorcheck: missing error] "1e\+64645699 overflows integer" testdata/gc/fixedbugs/issue13471.go:13:30
[FAIL errorcheck: missing error] "1e\+6464569 overflows integer" testdata/gc/fixedbugs/issue13471.go:14:30
[FAIL errorcheck: missing error] "1e\+646456 overflows integer" testdata/gc/fixedbugs/issue13471.go:15:30
[FAIL errorcheck: missing error] "1e\+64645 overflows integer" testdata/gc/fixedbugs/issue13471.go:16:30
[FAIL errorcheck: missing error] "1e\+646456992 overflows integer" testdata/gc/fixedbugs/issue13471.go:18:31
[FAIL errorcheck: missing error] "1e\+64645699 overflows integer" testdata/gc/fixedbugs/issue13471.go:19:31
[FAIL errorcheck: missing error] "1e\+6464569 overflows integer" testdata/gc/fixedbugs/issue13471.go:20:31
[FAIL errorcheck: missing error] "1e\+646456 overflows integer" testdata/gc/fixedbugs/issue13471.go:21:31
[FAIL errorcheck: missing error] "1e\+64645 overflows integer" testdata/gc/fixedbugs/issue13471.go:22:31
[FAIL errorcheck: missing error] "1e\+64645 overflows integer" testdata/gc/fixedbugs/issue13471.go:24:25
[FAIL errorcheck: missing error] "compare.*to nil" testdata/gc/fixedbugs/issue13480.go:21:18
[FAIL errorcheck: missing error] "compare.*to nil" testdata/gc/fixedbugs/issue13480.go:22:18
[FAIL errorcheck: missing error] "compare.*to nil" testdata/gc/fixedbugs/issue13480.go:24:15
[FAIL errorcheck: missing error] "compare.*to nil" testdata/gc/fixedbugs/issue13480.go:27:18
[FAIL errorcheck: missing error] "compare.*to nil" testdata/gc/fixedbugs/issue13480.go:28:18
[FAIL errorcheck: missing error] "compare.*to nil" testdata/gc/fixedbugs/issue13480.go:30:15
[FAIL errorcheck: missing error] "compare.*to nil" testdata/gc/fixedbugs/issue13480.go:33:18
[FAIL errorcheck: missing error] "compare.*to nil" testdata/gc/fixedbugs/issue13480.go:34:18
[FAIL errorcheck: missing error] "compare.*to nil" testdata/gc/fixedbugs/issue13480.go:36:15
[FAIL errorcheck: missing error] "imported and not used" testdata/gc/fixedbugs/issue13539.go:13:15
[PASS errorcheck] "1e\-10000 truncated": constant 1e-10000 truncated to integer testdata/gc/fixedbugs/issue13559.go:13:17
[PASS errorcheck] "1e\+10000000 overflows": constant 1e+10000000 overflows int64 testdata/gc/fixedbugs/issue13559.go:16:12
[PASS errorcheck] "1e\+1000000 overflows": constant 1e+1000000 overflows int64 testdata/gc/fixedbugs/issue13559.go:17:12
[PASS errorcheck] "1e\+100000 overflows": constant 1e+100000 overflows int64 testdata/gc/fixedbugs/issue13559.go:18:12
[PASS errorcheck] "1e\+10000 overflows": constant 1e+10000 overflows int64 testdata/gc/fixedbugs/issue13559.go:19:12
[PASS errorcheck] "1e\+1000 overflows": constant 1e+1000 overflows int64 testdata/gc/fixedbugs/issue13559.go:20:12
[PASS errorcheck] "10000000000000000000000000000000000000000000000000000000000000000000000000000000000000000000000000000 overflows": constant 10000000000000000000000000000000000000000000000000000000000000000000000000000000000000000000000000000 overflows int64 testdata/gc/fixedbugs/issue13559.go:21:12
[PASS errorcheck] "0\.1 truncated": constant 0.1 truncated to integer testdata/gc/fixedbugs/issue13559.go:25:12
[PASS errorcheck] "1e\-10 truncated": constant 1e-10 truncated to integer testdata/gc/fixedbugs/issue13559.go:26:12
[PASS errorcheck] "1e\-100 truncated": constant 1e-100 truncated to integer testdata/gc/fixedbugs/issue13559.go:27:12
[PASS errorcheck] "1e\-1000 truncated": constant 1e-1000 truncated to integer testdata/gc/fixedbugs/issue13559.go:28:12
[PASS errorcheck] "1e\-10000 truncated": constant 1e-10000 truncated to integer testdata/gc/fixedbugs/issue13559.go:29:12
[PASS errorcheck] "1e\-100000 truncated": constant 1e-100000 truncated to integer testdata/gc/fixedbugs/issue13559.go:30:12
[PASS errorcheck] "1e\-1000000 truncated": constant 1e-1000000 truncated to integer testdata/gc/fixedbugs/issue13559.go:31:12
[PASS errorcheck] "\-1e\+10000000 overflows": constant -1e+10000000 overflows int64 testdata/gc/fixedbugs/issue13559.go:35:12
[PASS errorcheck] "\-1e\+1000000 overflows": constant -1e+1000000 overflows int64 testdata/gc/fixedbugs/issue13559.go:36:12
[PASS errorcheck] "\-1e\+100000 overflows": constant -1e+100000 overflows int64 testdata/gc/fixedbugs/issue13559.go:37:12
[PASS errorcheck] "\-1e\+10000 overflows": constant -1e+10000 overflows int64 testdata/gc/fixedbugs/issue13559.go:38:12
[PASS errorcheck] "\-1e\+1000 overflows": constant -1e+1000 overflows int64 testdata/gc/fixedbugs/issue13559.go:39:12
[PASS errorcheck] "\-10000000000000000000000000000000000000000000000000000000000000000000000000000000000000000000000000000 overflows": constant -10000000000000000000000000000000000000000000000000000000000000000000000000000000000000000000000000000 overflows int64 testdata/gc/fixedbugs/issue13559.go:40:12
[PASS errorcheck] "\-0\.1 truncated": constant -0.1 truncated to integer testdata/gc/fixedbugs/issue13559.go:44:12
[PASS errorcheck] "\-1e\-10 truncated": constant -1e-10 truncated to integer testdata/gc/fixedbugs/issue13559.go:45:12
[PASS errorcheck] "\-1e\-100 truncated": constant -1e-100 truncated to integer testdata/gc/fixedbugs/issue13559.go:46:12
[PASS errorcheck] "\-1e\-1000 truncated": constant -1e-1000 truncated to integer testdata/gc/fixedbugs/issue13559.go:47:12
[PASS errorcheck] "\-1e\-10000 truncated": constant -1e-10000 truncated to integer testdata/gc/fixedbugs/issue13559.go:48:12
[PASS errorcheck] "\-1e\-100000 truncated": constant -1e-100000 truncated to integer testdata/gc/fixedbugs/issue13559.go:49:12
[PASS errorcheck] "\-1e\-1000000 truncated": constant -1e-1000000 truncated to integer testdata/gc/fixedbugs/issue13559.go:50:12
[PASS errorcheck] "1\.23457e\+10000000 overflows": constant 1.23457e+10000000 overflows int64 testdata/gc/fixedbugs/issue13559.go:54:12
[PASS errorcheck] "1\.23457e\+1000000 overflows": constant 1.23457e+1000000 overflows int64 testdata/gc/fixedbugs/issue13559.go:55:12
[PASS errorcheck] "1\.23457e\+100000 overflows": constant 1.23457e+100000 overflows int64 testdata/gc/fixedbugs/issue13559.go:56:12
[PASS errorcheck] "1\.23457e\+10000 overflows": constant 1.23457e+10000 overflows int64 testdata/gc/fixedbugs/issue13559.go:57:12
[PASS errorcheck] "1\.23457e\+1000 overflows": constant 1.23457e+1000 overflows int64 testdata/gc/fixedbugs/issue13559.go:58:12
[PASS errorcheck] "12345678900000000000000000000000000000000000000000000000000000000000000000000000000000000000000000000 overflows": constant 12345678900000000000000000000000000000000000000000000000000000000000000000000000000000000000000000000 overflows int64 testdata/gc/fixedbugs/issue13559.go:59:12
[PASS errorcheck] "12\.3457 truncated": constant 12.3457 truncated to integer testdata/gc/fixedbugs/issue13559.go:61:12
[PASS errorcheck] "1\.23457 truncated": constant 1.23457 truncated to integer testdata/gc/fixedbugs/issue13559.go:62:12
[PASS errorcheck] "0\.123457 truncated": constant 0.123457 truncated to integer testdata/gc/fixedbugs/issue13559.go:63:12
[PASS errorcheck] "1\.23457e\-10 truncated": constant 1.23457e-10 truncated to integer testdata/gc/fixedbugs/issue13559.go:64:12
[PASS errorcheck] "1\.23457e\-100 truncated": constant 1.23457e-100 truncated to integer testdata/gc/fixedbugs/issue13559.go:65:12
[PASS errorcheck] "1\.23457e\-1000 truncated": constant 1.23457e-1000 truncated to integer testdata/gc/fixedbugs/issue13559.go:66:12
[PASS errorcheck] "1\.23457e\-10000 truncated": constant 1.23457e-10000 truncated to integer testdata/gc/fixedbugs/issue13559.go:67:12
[PASS errorcheck] "1\.23457e\-100000 truncated": constant 1.23457e-100000 truncated to integer testdata/gc/fixedbugs/issue13559.go:68:12
[PASS errorcheck] "1\.23457e\-1000000 truncated": constant 1.23457e-1000000 truncated to integer testdata/gc/fixedbugs/issue13559.go:69:12
[PASS errorcheck] "\-1\.23457e\+10000000 overflows": constant -1.23457e+10000000 overflows int64 testdata/gc/fixedbugs/issue13559.go:73:12
[PASS errorcheck] "\-1\.23457e\+1000000 overflows": constant -1.23457e+1000000 overflows int64 testdata/gc/fixedbugs/issue13559.go:74:12
[PASS errorcheck] "\-1\.23457e\+100000 overflows": constant -1.23457e+100000 overflows int64 testdata/gc/fixedbugs/issue13559.go:75:12
[PASS errorcheck] "\-1\.23457e\+10000 overflows": constant -1.23457e+10000 overflows int64 testdata/gc/fixedbugs/issue13559.go:76:12
[PASS errorcheck] "\-1\.23457e\+1000 overflows": constant -1.23457e+1000 overflows int64 testdata/gc/fixedbugs/issue13559.go:77:12
[PASS errorcheck] "\-12345678900000000000000000000000000000000000000000000000000000000000000000000000000000000000000000000 overflows": constant -12345678900000000000000000000000000000000000000000000000000000000000000000000000000000000000000000000 overflows int64 testdata/gc/fixedbugs/issue13559.go:78:12
[PASS errorcheck] "\-12\.3457 truncated": constant -12.3457 truncated to integer testdata/gc/fixedbugs/issue13559.go:80:12
[PASS errorcheck] "\-1\.23457 truncated": constant -1.23457 truncated to integer testdata/gc/fixedbugs/issue13559.go:81:12
[PASS errorcheck] "\-0\.123457 truncated": constant -0.123457 truncated to integer testdata/gc/fixedbugs/issue13559.go:82:12
[PASS errorcheck] "\-1\.23457e\-10 truncated": constant -1.23457e-10 truncated to integer testdata/gc/fixedbugs/issue13559.go:83:12
[PASS errorcheck] "\-1\.23457e\-100 truncated": constant -1.23457e-100 truncated to integer testdata/gc/fixedbugs/issue13559.go:84:12
[PASS errorcheck] "\-1\.23457e\-1000 truncated": constant -1.23457e-1000 truncated to integer testdata/gc/fixedbugs/issue13559.go:85:12
[PASS errorcheck] "\-1\.23457e\-10000 truncated": constant -1.23457e-10000 truncated to integer testdata/gc/fixedbugs/issue13559.go:86:12
[PASS errorcheck] "\-1\.23457e\-100000 truncated": constant -1.23457e-100000 truncated to integer testdata/gc/fixedbugs/issue13559.go:87:12
[PASS errorcheck] "\-1\.23457e\-1000000 truncated": constant -1.23457e-1000000 truncated to integer testdata/gc/fixedbugs/issue13559.go:88:12
[TODO "errorcheck -0 -l -d=wb"] testdata/gc/fixedbugs/issue13587.go
[FAIL errorcheck: missing error] "cannot assign to struct field .* in map" testdata/gc/fixedbugs/issue13779.go:14:28
[TODO "errorcheck -0 -m -l"] testdata/gc/fixedbugs/issue13799.go
[PASS errorcheck] "mismatched types (p\.)?B and (p\.)?B2": invalid operation: && (mismatched types p.B and p.B2) testdata/gc/fixedbugs/issue13821b.go:18:12
[PASS errorcheck] "mismatched types (p\.)?B and (p\.)?B2": invalid operation: && (mismatched types p.B and p.B2) testdata/gc/fixedbugs/issue13821b.go:19:13
[PASS errorcheck] "mismatched types (p\.)B and (p\.)B2": invalid operation: && (mismatched types p.B and p.B2) testdata/gc/fixedbugs/issue13821b.go:20:13
[PASS errorcheck] "mismatched types (p\.)?B2 and (p\.)?B": invalid operation: && (mismatched types p.B2 and p.B) testdata/gc/fixedbugs/issue13821b.go:21:13
[PASS errorcheck] "mismatched types (p\.)B2 and (p\.)B": invalid operation: && (mismatched types p.B2 and p.B) testdata/gc/fixedbugs/issue13821b.go:22:13
[PASS errorcheck] "mismatched types (p\.)B and (p\.)B2": invalid operation: && (mismatched types p.B and p.B2) testdata/gc/fixedbugs/issue13821b.go:24:12
[PASS errorcheck] "unexpected :": unexpected :, expected one of [!=, %=, &&, &=, &^, &^=, '%', '&', '*', '+', ',', '-', '/', ';', '<', '=', '>', '^', '|', '}', *=, ++, +=, --, -=, /=, :=, <-, <<, <<=, <=, ==, >=, >>, >>=, ^=, case, default, {, |=, ||] testdata/gc/fixedbugs/issue14006.go:24:4
[PASS errorcheck] "unexpected :": unexpected :, expected one of [!=, %=, &&, &=, &^, &^=, '%', '&', '*', '+', ',', '-', '/', ';', '<', '=', '>', '^', '|', '}', *=, ++, +=, --, -=, /=, :=, <-, <<, <<=, <=, ==, >=, >>, >>=, ^=, case, default, {, |=, ||] testdata/gc/fixedbugs/issue14006.go:30:4
[PASS errorcheck] "unexpected :": unexpected :, expected one of [!=, %=, &&, &=, &^, &^=, '%', '&', '*', '+', ',', '-', '/', ';', '<', '=', '>', '^', '|', '}', *=, ++, +=, --, -=, /=, :=, <-, <<, <<=, <=, ==, >=, >>, >>=, ^=, case, default, {, |=, ||] testdata/gc/fixedbugs/issue14006.go:37:8
[PASS errorcheck] "unexpected :": unexpected :, expected one of [!=, %=, &&, &=, &^, &^=, '%', '&', '*', '+', ',', '-', '/', ';', '<', '=', '>', '^', '|', '}', *=, ++, +=, --, -=, /=, :=, <-, <<, <<=, <=, ==, >=, >>, >>=, ^=, case, default, {, |=, ||] testdata/gc/fixedbugs/issue14006.go:43:8
[FAIL errorcheck: missing error] "missing statement after label" testdata/gc/fixedbugs/issue14006.go:50:14
[FAIL errorcheck: extra error] label labelname already defined, previous declaration at testdata/gc/fixedbugs/issue14006.go:50:3 testdata/gc/fixedbugs/issue14006.go:56:3
[FAIL errorcheck: extra error] label labelname already defined, previous declaration at testdata/gc/fixedbugs/issue14006.go:50:3 testdata/gc/fixedbugs/issue14006.go:61:3
[FAIL errorcheck: missing error] "cannot assign to true" testdata/gc/fixedbugs/issue14010.go:13:15
[FAIL errorcheck: missing error] "not an expression" "cannot assign to byte" testdata/gc/fixedbugs/issue14010.go:14:15
[FAIL errorcheck: missing error] "unknown T field" testdata/gc/fixedbugs/issue14136.go:17:69
[FAIL errorcheck: missing error] "cannot use 1" testdata/gc/fixedbugs/issue14136.go:18:19
[PASS errorcheck] "import path": invalid import path testdata/gc/fixedbugs/issue14520.go:9:37
[PASS errorcheck] "unexpected semicolon" "unexpected ;": unexpected ;, expected one of [')', ','] testdata/gc/fixedbugs/issue14520.go:12:14
[PASS errorcheck] "undefined: any": undefined: any testdata/gc/fixedbugs/issue14652.go:9:7
[FAIL errorcheck: missing error] "embedded type cannot be a pointer" testdata/gc/fixedbugs/issue14729.go:13:34
[FAIL errorcheck: missing error] "invalid map key type" testdata/gc/fixedbugs/issue14988.go:12:18
[TODO "errorcheck -+"] testdata/gc/fixedbugs/issue14999.go
[TODO "errorcheck -0 -race"] testdata/gc/fixedbugs/issue15091.go
[PASS errorcheck] "field name": invalid field name in struct initializer testdata/gc/fixedbugs/issue15311.go:18:9
[PASS errorcheck] "field name": invalid field name in struct initializer testdata/gc/fixedbugs/issue15311.go:19:9
[TODO "errorcheck -0 -live"] testdata/gc/fixedbugs/issue15747.go
[FAIL errorcheck: missing error] "multiple nil cases in type switch" testdata/gc/fixedbugs/issue15898.go:11:17
[FAIL errorcheck: missing error] "multiple nil cases in type switch" testdata/gc/fixedbugs/issue15898.go:16:12
[FAIL errorcheck: missing error] "missing function body|cannot declare init" testdata/gc/fixedbugs/issue3705.go:9:13
[PASS errorcheck] "not a type|expected type": i is not a type testdata/gc/fixedbugs/issue3783.go:11:8
[FAIL errorcheck: missing error] "missing key|must have keys" testdata/gc/fixedbugs/issue3925.go:15:12
[PASS errorcheck] "cannot use|incompatible type": cannot use 20 (type int) as type string in array or slice literal testdata/gc/fixedbugs/issue3925.go:21:2
[FAIL errorcheck: missing error] "negative" testdata/gc/fixedbugs/issue4085a.go:12:21
[FAIL errorcheck: missing error] "constant 0.5 truncated to integer|non-integer len argument" testdata/gc/fixedbugs/issue4085a.go:13:21
[FAIL errorcheck: missing error] "len argument too large" testdata/gc/fixedbugs/issue4085a.go:15:21
[FAIL errorcheck: missing error] "negative cap" testdata/gc/fixedbugs/issue4085a.go:16:21
[FAIL errorcheck: missing error] "len larger than cap" testdata/gc/fixedbugs/issue4085a.go:17:21
[FAIL errorcheck: missing error] "is not a constant|is not constant" testdata/gc/fixedbugs/issue4097.go:10:28
[TODO "errorcheck -0 -m"] testdata/gc/fixedbugs/issue4099.go
[FAIL errorcheck: missing error] "invalid array index -1|index out of bounds" testdata/gc/fixedbugs/issue4232.go:14:13
[FAIL errorcheck: missing error] "invalid slice index -1|index out of bounds" testdata/gc/fixedbugs/issue4232.go:15:13
[FAIL errorcheck: missing error] "invalid slice index -1|index out of bounds" testdata/gc/fixedbugs/issue4232.go:16:13
[FAIL errorcheck: missing error] "invalid array index 10|index out of bounds" testdata/gc/fixedbugs/issue4232.go:17:13
[FAIL errorcheck: missing error] "invalid slice index 12|index out of bounds" testdata/gc/fixedbugs/issue4232.go:20:25
[FAIL errorcheck: missing error] "invalid slice index 11|index out of bounds" testdata/gc/fixedbugs/issue4232.go:21:25
[FAIL errorcheck: missing error] "overflows int" "invalid slice index 1 << 100|index out of bounds" testdata/gc/fixedbugs/issue4232.go:22:25
[FAIL errorcheck: missing error] "invalid slice index -1|index out of bounds" testdata/gc/fixedbugs/issue4232.go:25:13
[FAIL errorcheck: missing error] "invalid slice index -1|index out of bounds" testdata/gc/fixedbugs/issue4232.go:26:13
[FAIL errorcheck: missing error] "invalid slice index -1|index out of bounds" testdata/gc/fixedbugs/issue4232.go:27:13
[FAIL errorcheck: missing error] "overflows int" "invalid slice index 1 << 100|index out of bounds" testdata/gc/fixedbugs/issue4232.go:33:25
[FAIL errorcheck: missing error] "invalid string index -1|index out of bounds" testdata/gc/fixedbugs/issue4232.go:36:13
[FAIL errorcheck: missing error] "invalid slice index -1|index out of bounds" testdata/gc/fixedbugs/issue4232.go:37:13
[FAIL errorcheck: missing error] "invalid slice index -1|index out of bounds" testdata/gc/fixedbugs/issue4232.go:38:13
[FAIL errorcheck: missing error] "invalid string index 10|index out of bounds" testdata/gc/fixedbugs/issue4232.go:39:13
[FAIL errorcheck: missing error] "invalid slice index 12|index out of bounds" testdata/gc/fixedbugs/issue4232.go:42:25
[FAIL errorcheck: missing error] "invalid slice index 11|index out of bounds" testdata/gc/fixedbugs/issue4232.go:43:25
[FAIL errorcheck: missing error] "overflows int" "invalid slice index 1 << 100|index out of bounds" testdata/gc/fixedbugs/issue4232.go:44:25
[FAIL errorcheck: missing error] "invalid string index -1|index out of bounds" testdata/gc/fixedbugs/issue4232.go:47:13
[FAIL errorcheck: missing error] "invalid slice index -1|index out of bounds" testdata/gc/fixedbugs/issue4232.go:48:13
[FAIL errorcheck: missing error] "invalid slice index -1|index out of bounds" testdata/gc/fixedbugs/issue4232.go:49:13
[FAIL errorcheck: missing error] "overflows int" "invalid slice index 1 << 100|index out of bounds" testdata/gc/fixedbugs/issue4232.go:55:25
[FAIL errorcheck: missing error] "invalid slice index|inverted slice range" testdata/gc/fixedbugs/issue4251.go:12:17
[FAIL errorcheck: missing error] "invalid slice index|inverted slice range" testdata/gc/fixedbugs/issue4251.go:16:17
[FAIL errorcheck: missing error] "invalid slice index|inverted slice range" testdata/gc/fixedbugs/issue4251.go:20:17
[FAIL errorcheck: missing error] "division by zero" testdata/gc/fixedbugs/issue4264.go:16:15
[FAIL errorcheck: missing error] "invalid" testdata/gc/fixedbugs/issue4283.go:12:20
[FAIL errorcheck: missing error] "invalid" testdata/gc/fixedbugs/issue4283.go:16:20
[PASS errorcheck] "undefined": undefined: T1 testdata/gc/fixedbugs/issue4359.go:13:4
[FAIL errorcheck: missing error] "has no methods|not a method|cannot use" testdata/gc/fixedbugs/issue4365.go:25:25
[PASS errorcheck] "illegal character|invalid character": invalid character U+0007 testdata/gc/fixedbugs/issue4405.go:11:3
[PASS errorcheck] "illegal character|invalid character": invalid character U+0008 testdata/gc/fixedbugs/issue4405.go:12:3
[PASS errorcheck] "illegal character|invalid character": invalid character U+000B testdata/gc/fixedbugs/issue4405.go:13:3
[PASS errorcheck] "illegal character|invalid character": invalid character U+000C testdata/gc/fixedbugs/issue4405.go:14:3
[FAIL errorcheck: missing error] "invalid indirect|expected pointer" testdata/gc/fixedbugs/issue4429.go:15:15
[FAIL errorcheck: missing error] "\[\.\.\.\].*outside of array literal" testdata/gc/fixedbugs/issue4452.go:12:18
[FAIL errorcheck: missing error] "no method foo|requires named type or pointer to named" testdata/gc/fixedbugs/issue4458.go:19:18
[FAIL errorcheck: missing error] "not used" testdata/gc/fixedbugs/issue4463.go:20:17
[FAIL errorcheck: missing error] "not used" testdata/gc/fixedbugs/issue4463.go:21:12
[FAIL errorcheck: missing error] "not used" testdata/gc/fixedbugs/issue4463.go:22:18
[FAIL errorcheck: missing error] "not used" testdata/gc/fixedbugs/issue4463.go:23:13
[FAIL errorcheck: missing error] "not used" testdata/gc/fixedbugs/issue4463.go:24:12
[FAIL errorcheck: missing error] "not used" testdata/gc/fixedbugs/issue4463.go:25:20
[FAIL errorcheck: missing error] "not used" testdata/gc/fixedbugs/issue4463.go:26:13
[FAIL errorcheck: missing error] "not used" testdata/gc/fixedbugs/issue4463.go:27:13
[FAIL errorcheck: missing error] "not used" testdata/gc/fixedbugs/issue4463.go:28:21
[FAIL errorcheck: missing error] "not used" testdata/gc/fixedbugs/issue4463.go:29:24
[FAIL errorcheck: missing error] "not used" testdata/gc/fixedbugs/issue4463.go:30:20
[FAIL errorcheck: missing error] "not used|discards result" testdata/gc/fixedbugs/issue4463.go:48:20
[FAIL errorcheck: missing error] "not used|discards result" testdata/gc/fixedbugs/issue4463.go:49:14
[FAIL errorcheck: missing error] "not used|discards result" testdata/gc/fixedbugs/issue4463.go:50:20
[FAIL errorcheck: missing error] "not used|discards result" testdata/gc/fixedbugs/issue4463.go:51:16
[FAIL errorcheck: missing error] "not used|discards result" testdata/gc/fixedbugs/issue4463.go:52:14
[FAIL errorcheck: missing error] "not used|discards result" testdata/gc/fixedbugs/issue4463.go:53:22
[FAIL errorcheck: missing error] "not used|discards result" testdata/gc/fixedbugs/issue4463.go:54:16
[FAIL errorcheck: missing error] "not used|discards result" testdata/gc/fixedbugs/issue4463.go:55:16
[FAIL errorcheck: missing error] "not used|discards result" testdata/gc/fixedbugs/issue4463.go:56:24
[FAIL errorcheck: missing error] "not used|discards result" testdata/gc/fixedbugs/issue4463.go:57:27
[FAIL errorcheck: missing error] "not used|discards result" testdata/gc/fixedbugs/issue4463.go:58:23
[FAIL errorcheck: missing error] "not used|discards result" testdata/gc/fixedbugs/issue4463.go:68:22
[FAIL errorcheck: missing error] "not used|discards result" testdata/gc/fixedbugs/issue4463.go:69:17
[FAIL errorcheck: missing error] "not used|discards result" testdata/gc/fixedbugs/issue4463.go:70:23
[FAIL errorcheck: missing error] "not used|discards result" testdata/gc/fixedbugs/issue4463.go:71:19
[FAIL errorcheck: missing error] "not used|discards result" testdata/gc/fixedbugs/issue4463.go:72:17
[FAIL errorcheck: missing error] "not used|discards result" testdata/gc/fixedbugs/issue4463.go:73:25
[FAIL errorcheck: missing error] "not used|discards result" testdata/gc/fixedbugs/issue4463.go:74:19
[FAIL errorcheck: missing error] "not used|discards result" testdata/gc/fixedbugs/issue4463.go:75:19
[FAIL errorcheck: missing error] "not used|discards result" testdata/gc/fixedbugs/issue4463.go:76:27
[FAIL errorcheck: missing error] "not used|discards result" testdata/gc/fixedbugs/issue4463.go:77:29
[FAIL errorcheck: missing error] "not used|discards result" testdata/gc/fixedbugs/issue4463.go:78:26
[FAIL errorcheck: missing error] "must be function call" testdata/gc/fixedbugs/issue4468.go:22:18
[FAIL errorcheck: missing error] "must be function call" testdata/gc/fixedbugs/issue4468.go:23:18
[FAIL errorcheck: missing error] "must be function call|must not be parenthesized" testdata/gc/fixedbugs/issue4468.go:24:10
[FAIL errorcheck: missing error] "must be function call|must not be parenthesized" testdata/gc/fixedbugs/issue4468.go:25:12
[FAIL errorcheck: missing error] "must be function call|must not be parenthesized" testdata/gc/fixedbugs/issue4468.go:26:11
[FAIL errorcheck: missing error] "must be function call|must not be parenthesized" testdata/gc/fixedbugs/issue4468.go:27:14
[FAIL errorcheck: missing error] "outside type switch" testdata/gc/fixedbugs/issue4470.go:13:22
[PASS errorcheck] "fmt redeclared|imported": fmt redeclared in this block\n\tprevious declaration at testdata/gc/fixedbugs/issue4510.dir/f2.go:7:6 testdata/gc/fixedbugs/issue4510.dir/f1.go:7:8
[PASS errorcheck] "cannot declare init - must be func": cannot declare init - must be function testdata/gc/fixedbugs/issue4517a.go:9:5
[PASS errorcheck] "cannot declare init - must be func": cannot declare init - must be function testdata/gc/fixedbugs/issue4517b.go:9:7
[PASS errorcheck] "cannot declare init - must be func": cannot declare init - must be function testdata/gc/fixedbugs/issue4517c.go:9:6
[FAIL errorcheck: missing error] "cannot import package as init" testdata/gc/fixedbugs/issue4517d.go:9:19
[FAIL errorcheck: missing error] "invalid operation|non-integer type|incompatible type" testdata/gc/fixedbugs/issue4545.go:16:26
[FAIL errorcheck: missing error] "invalid operation|non-integer type" testdata/gc/fixedbugs/issue4545.go:17:26
[FAIL errorcheck: missing error] "is not a type|expected .;." testdata/gc/fixedbugs/issue4610.go:15:13
[FAIL errorcheck: missing error] "defer requires function call, not conversion|is not used" testdata/gc/fixedbugs/issue4654.go:15:15
[FAIL errorcheck: missing error] "go requires function call, not conversion|is not used" testdata/gc/fixedbugs/issue4654.go:16:27
[FAIL errorcheck: missing error] "defer discards result of append|is not used" testdata/gc/fixedbugs/issue4654.go:23:21
[FAIL errorcheck: missing error] "defer discards result of cap|is not used" testdata/gc/fixedbugs/issue4654.go:24:15
[FAIL errorcheck: missing error] "defer discards result of complex|is not used" testdata/gc/fixedbugs/issue4654.go:25:22
[FAIL errorcheck: missing error] "defer discards result of complex|is not used" testdata/gc/fixedbugs/issue4654.go:26:22
[FAIL errorcheck: missing error] "defer discards result of imag|is not used" testdata/gc/fixedbugs/issue4654.go:27:17
[FAIL errorcheck: missing error] "defer discards result of imag|is not used" testdata/gc/fixedbugs/issue4654.go:28:16
[FAIL errorcheck: missing error] "defer discards result of len|is not used" testdata/gc/fixedbugs/issue4654.go:29:15
[FAIL errorcheck: missing error] "defer discards result of make|is not used" testdata/gc/fixedbugs/issue4654.go:30:23
[FAIL errorcheck: missing error] "defer discards result of make|is not used" testdata/gc/fixedbugs/issue4654.go:31:24
[FAIL errorcheck: missing error] "defer discards result of make|is not used" testdata/gc/fixedbugs/issue4654.go:32:29
[FAIL errorcheck: missing error] "defer discards result of new|is not used" testdata/gc/fixedbugs/issue4654.go:33:17
[FAIL errorcheck: missing error] "defer discards result of real|is not used" testdata/gc/fixedbugs/issue4654.go:34:17
[FAIL errorcheck: missing error] "defer discards result of real|is not used" testdata/gc/fixedbugs/issue4654.go:35:16
[FAIL errorcheck: missing error] "defer discards result of append|is not used" testdata/gc/fixedbugs/issue4654.go:36:21
[FAIL errorcheck: missing error] "defer discards result of append|is not used" testdata/gc/fixedbugs/issue4654.go:37:21
[FAIL errorcheck: missing error] "defer discards result of unsafe.Alignof|is not used" testdata/gc/fixedbugs/issue4654.go:38:28
[FAIL errorcheck: missing error] "defer discards result of unsafe.Offsetof|is not used" testdata/gc/fixedbugs/issue4654.go:39:29
[FAIL errorcheck: missing error] "defer discards result of unsafe.Sizeof|is not used" testdata/gc/fixedbugs/issue4654.go:40:25
[FAIL errorcheck: missing error] "int\(0\) evaluated but not used|is not used" testdata/gc/fixedbugs/issue4654.go:50:9
[FAIL errorcheck: missing error] "string\(.*\) evaluated but not used|is not used" testdata/gc/fixedbugs/issue4654.go:51:24
[FAIL errorcheck: missing error] "not used" testdata/gc/fixedbugs/issue4654.go:53:15
[FAIL errorcheck: missing error] "not used" testdata/gc/fixedbugs/issue4654.go:54:9
[FAIL errorcheck: missing error] "not used" testdata/gc/fixedbugs/issue4654.go:55:16
[FAIL errorcheck: missing error] "not used" testdata/gc/fixedbugs/issue4654.go:56:16
[FAIL errorcheck: missing error] "not used" testdata/gc/fixedbugs/issue4654.go:57:11
[FAIL errorcheck: missing error] "not used" testdata/gc/fixedbugs/issue4654.go:58:10
[FAIL errorcheck: missing error] "not used" testdata/gc/fixedbugs/issue4654.go:59:9
[FAIL errorcheck: missing error] "not used" testdata/gc/fixedbugs/issue4654.go:60:17
[FAIL errorcheck: missing error] "not used" testdata/gc/fixedbugs/issue4654.go:61:18
[FAIL errorcheck: missing error] "not used" testdata/gc/fixedbugs/issue4654.go:62:23
[FAIL errorcheck: missing error] "not used" testdata/gc/fixedbugs/issue4654.go:63:11
[FAIL errorcheck: missing error] "not used" testdata/gc/fixedbugs/issue4654.go:64:11
[FAIL errorcheck: missing error] "not used" testdata/gc/fixedbugs/issue4654.go:65:10
[FAIL errorcheck: missing error] "not used" testdata/gc/fixedbugs/issue4654.go:66:15
[FAIL errorcheck: missing error] "not used" testdata/gc/fixedbugs/issue4654.go:67:15
[FAIL errorcheck: missing error] "not used" testdata/gc/fixedbugs/issue4654.go:68:22
[FAIL errorcheck: missing error] "not used" testdata/gc/fixedbugs/issue4654.go:69:23
[FAIL errorcheck: missing error] "not used" testdata/gc/fixedbugs/issue4654.go:70:19
[FAIL errorcheck: missing error] "not used" testdata/gc/fixedbugs/issue4663.go:13:5
[PASS errorcheck] "package statement must be first|package clause": package statement must be first testdata/gc/fixedbugs/issue4776.go:9:1
[PASS errorcheck] "truncated|must be integer": constant 2.1 truncated to integer testdata/gc/fixedbugs/issue4813.go:31:9
[PASS errorcheck] "truncated|must be integer": constant (2+1i) truncated to real testdata/gc/fixedbugs/issue4813.go:33:9
[PASS errorcheck] "non-integer|must be integer": non-integer array index testdata/gc/fixedbugs/issue4813.go:34:9
[PASS errorcheck] "non-integer|must be integer": non-integer array index testdata/gc/fixedbugs/issue4813.go:35:9
[PASS errorcheck] "truncated|must be integer": constant 2.1 truncated to integer testdata/gc/fixedbugs/issue4813.go:39:9
[PASS errorcheck] "truncated|must be integer": constant (2+1i) truncated to real testdata/gc/fixedbugs/issue4813.go:41:9
[PASS errorcheck] "non-integer|must be integer": non-integer slice index testdata/gc/fixedbugs/issue4813.go:42:9
[PASS errorcheck] "non-integer|must be integer": non-integer slice index testdata/gc/fixedbugs/issue4813.go:43:9
[PASS errorcheck] "truncated|must be integer": constant 2.1 truncated to integer testdata/gc/fixedbugs/issue4813.go:47:9
[PASS errorcheck] "truncated|must be integer": constant (2+1i) truncated to real testdata/gc/fixedbugs/issue4813.go:49:9
[PASS errorcheck] "non-integer|must be integer": non-integer string index testdata/gc/fixedbugs/issue4813.go:50:9
[PASS errorcheck] "non-integer|must be integer": non-integer string index testdata/gc/fixedbugs/issue4813.go:51:9
[FAIL errorcheck: missing error] "initialization loop|depends upon itself" testdata/gc/fixedbugs/issue4847.go:22:35
[PASS errorcheck] "indirection": invalid unsafe.Offset expression: selector implies indirection of embedded field B testdata/gc/fixedbugs/issue4909a.go:30:28
[PASS errorcheck] "indirection": invalid unsafe.Offset expression: selector implies indirection of embedded field B testdata/gc/fixedbugs/issue4909a.go:31:28
[PASS errorcheck] "method value": invalid unsafe.Offset expression: argument is a method value testdata/gc/fixedbugs/issue4909a.go:34:28
[PASS errorcheck] "method value": invalid unsafe.Offset expression: argument is a method value testdata/gc/fixedbugs/issue4909a.go:35:28
[PASS errorcheck] "non-local|redefinition": cannot define new methods on non-local type bufio.Reader testdata/gc/fixedbugs/issue5089.go:13:10
[PASS errorcheck] "undefined": undefined: bar testdata/gc/fixedbugs/issue5172.go:12:4
[FAIL errorcheck: missing error] "as type int in|incompatible type" testdata/gc/fixedbugs/issue5358.go:16:9
[PASS errorcheck] "undefined.*Blah": undefined: Blah testdata/gc/fixedbugs/issue5581.go:29:9
[PASS errorcheck] "array bound is too large|array bound overflows": array bound is too large testdata/gc/fixedbugs/issue5609.go:13:10
[FAIL errorcheck: missing error] "invalid map key type" testdata/gc/fixedbugs/issue5698.go:18:22
[FAIL errorcheck: missing error] "imported and not used: \x22a\x22 as surprise|imported and not used: surprise" testdata/gc/fixedbugs/issue5957.dir/c.go:4:8
[FAIL errorcheck: missing error] "imported and not used: \x22b\x22 as surprise2|imported and not used: surprise2" testdata/gc/fixedbugs/issue5957.dir/c.go:5:8
[FAIL errorcheck: missing error] "imported and not used: \x22b\x22$|imported and not used: surprise2" testdata/gc/fixedbugs/issue5957.dir/c.go:6:10
[FAIL errorcheck: missing error] "imported and not used: \x22math\x22 as foo|imported and not used: math" testdata/gc/fixedbugs/issue5957.dir/c.go:7:13
[FAIL errorcheck: missing error] "imported and not used: \x22strings\x22|imported and not used: strings" testdata/gc/fixedbugs/issue5957.dir/c.go:9:12
[FAIL errorcheck: missing error] "use of untyped nil" testdata/gc/fixedbugs/issue6004.go:10:10
[FAIL errorcheck: missing error] "use of untyped nil" testdata/gc/fixedbugs/issue6004.go:11:16
[FAIL errorcheck: missing error] "use of untyped nil" testdata/gc/fixedbugs/issue6004.go:12:16
[FAIL errorcheck: missing error] "untyped nil" testdata/gc/fixedbugs/issue6004.go:13:27
[FAIL errorcheck: missing error] "cannot use nil as type uintptr in return argument" testdata/gc/fixedbugs/issue6402.go:12:13
[PASS errorcheck] "undefined: syscall.X": undefined: syscall.X testdata/gc/fixedbugs/issue6403.go:13:23
[PASS errorcheck] "undefined: voidpkg": undefined: voidpkg testdata/gc/fixedbugs/issue6403.go:14:15
[FAIL errorcheck: missing error] "undefined: OpenFile" testdata/gc/fixedbugs/issue6405.go:12:20
[FAIL errorcheck: missing error] "undefined.*s" testdata/gc/fixedbugs/issue6406.go:10:12
[FAIL errorcheck: missing error] "undefined.*s" testdata/gc/fixedbugs/issue6406.go:11:8
[FAIL errorcheck: missing error] "fallthrough" testdata/gc/fixedbugs/issue6500.go:16:16
[PASS errorcheck] "undefined": undefined: T testdata/gc/fixedbugs/issue6572.go:9:13
[PASS errorcheck] "undefined": undefined: T testdata/gc/fixedbugs/issue6572.go:13:13
[FAIL errorcheck: missing error] "cannot (use type|assign) string" testdata/gc/fixedbugs/issue6572.go:20:18
[FAIL errorcheck: missing error] "cannot use" testdata/gc/fixedbugs/issue6671.go:17:29
[FAIL errorcheck: missing error] "cannot use" testdata/gc/fixedbugs/issue6671.go:19:29
[FAIL errorcheck: missing error] "initialization loop|depends upon itself" testdata/gc/fixedbugs/issue6703a.go:16:12
[FAIL errorcheck: missing error] "initialization loop|depends upon itself" testdata/gc/fixedbugs/issue6703b.go:16:14
[FAIL errorcheck: missing error] "initialization loop|depends upon itself" testdata/gc/fixedbugs/issue6703c.go:18:13
[FAIL errorcheck: missing error] "initialization loop|depends upon itself" testdata/gc/fixedbugs/issue6703d.go:18:16
[FAIL errorcheck: missing error] "initialization loop|depends upon itself" testdata/gc/fixedbugs/issue6703e.go:18:16
[FAIL errorcheck: missing error] "initialization loop|depends upon itself" testdata/gc/fixedbugs/issue6703f.go:18:18
[FAIL errorcheck: missing error] "initialization loop|depends upon itself" testdata/gc/fixedbugs/issue6703g.go:20:13
[FAIL errorcheck: missing error] "initialization loop|depends upon itself" testdata/gc/fixedbugs/issue6703h.go:20:19
[FAIL errorcheck: missing error] "initialization loop|depends upon itself" testdata/gc/fixedbugs/issue6703i.go:20:15
[FAIL errorcheck: missing error] "initialization loop|depends upon itself" testdata/gc/fixedbugs/issue6703j.go:20:17
[FAIL errorcheck: missing error] "initialization loop|depends upon itself" testdata/gc/fixedbugs/issue6703k.go:20:10
[FAIL errorcheck: missing error] "initialization loop|depends upon itself" testdata/gc/fixedbugs/issue6703l.go:20:12
[FAIL errorcheck: missing error] "initialization loop|depends upon itself" testdata/gc/fixedbugs/issue6703m.go:24:12
[FAIL errorcheck: missing error] "initialization loop|depends upon itself" testdata/gc/fixedbugs/issue6703n.go:24:14
[FAIL errorcheck: missing error] "initialization loop|depends upon itself" testdata/gc/fixedbugs/issue6703o.go:22:10
[FAIL errorcheck: missing error] "initialization loop|depends upon itself" testdata/gc/fixedbugs/issue6703p.go:22:12
[FAIL errorcheck: missing error] "initialization loop|depends upon itself" testdata/gc/fixedbugs/issue6703q.go:27:12
[FAIL errorcheck: missing error] "initialization loop|depends upon itself" testdata/gc/fixedbugs/issue6703r.go:27:14
[FAIL errorcheck: missing error] "initialization loop|depends upon itself" testdata/gc/fixedbugs/issue6703s.go:18:17
[FAIL errorcheck: missing error] "initialization loop|depends upon itself" testdata/gc/fixedbugs/issue6703t.go:18:22
[FAIL errorcheck: missing error] "initialization loop|depends upon itself" testdata/gc/fixedbugs/issue6703u.go:18:22
[FAIL errorcheck: missing error] "initialization loop|depends upon itself" testdata/gc/fixedbugs/issue6703v.go:18:24
[FAIL errorcheck: missing error] "initialization loop|depends upon itself" testdata/gc/fixedbugs/issue6703w.go:20:11
[FAIL errorcheck: missing error] "initialization loop|depends upon itself" testdata/gc/fixedbugs/issue6703x.go:20:13
[FAIL errorcheck: missing error] "initialization loop|depends upon itself" testdata/gc/fixedbugs/issue6703y.go:23:17
[FAIL errorcheck: missing error] "initialization loop|depends upon itself" testdata/gc/fixedbugs/issue6703z.go:23:19
[PASS errorcheck] "overflow": constant multiplication overflow testdata/gc/fixedbugs/issue6889.go:110:12
[FAIL errorcheck: missing error] "-4 \+ 2i" testdata/gc/fixedbugs/issue6964.go:10:26
[FAIL errorcheck: missing error] "in argument to f" testdata/gc/fixedbugs/issue7129.go:18:16
[FAIL errorcheck: missing error] "in argument to f" testdata/gc/fixedbugs/issue7129.go:19:16
[FAIL errorcheck: missing error] "in argument to h" testdata/gc/fixedbugs/issue7129.go:20:16
[FAIL errorcheck: missing error] "index must be non-negative integer constant" testdata/gc/fixedbugs/issue7150.go:12:34
[FAIL errorcheck: missing error] "index 0 out of bounds \[0:0\]" testdata/gc/fixedbugs/issue7150.go:13:34
[FAIL errorcheck: missing error] "index 5 out of bounds \[0:0\]" testdata/gc/fixedbugs/issue7150.go:14:34
[FAIL errorcheck: missing error] "index 15 out of bounds \[0:10\]" testdata/gc/fixedbugs/issue7150.go:15:34
[FAIL errorcheck: missing error] "index 12 out of bounds \[0:10\]" testdata/gc/fixedbugs/issue7150.go:16:34
[PASS errorcheck] "undefined: a" "cannot use true \(type bool\) as type int in array or slice literal": undefined: a testdata/gc/fixedbugs/issue7153.go:11:15
[PASS errorcheck] "duplicate key": duplicate key 2 in map literal testdata/gc/fixedbugs/issue7214.go:11:35
[PASS errorcheck] "duplicate key": duplicate key int16(2) in map literal testdata/gc/fixedbugs/issue7214.go:13:42
[PASS errorcheck] "duplicate key": duplicate key "a" in map literal testdata/gc/fixedbugs/issue7214.go:17:37
[PASS errorcheck] "duplicate key": duplicate key p.S("a") in map literal testdata/gc/fixedbugs/issue7214.go:19:40
[PASS errorcheck] "duplicate key": duplicate key p.N(2) in map literal testdata/gc/fixedbugs/issue7214.go:30:28
[FAIL errorcheck: missing error] "non-integer.*len" testdata/gc/fixedbugs/issue7223.go:15:24
[FAIL errorcheck: missing error] "non-integer.*len" testdata/gc/fixedbugs/issue7223.go:16:27
[FAIL errorcheck: missing error] "non-integer.*cap" testdata/gc/fixedbugs/issue7223.go:17:27
[FAIL errorcheck: missing error] "non-integer.*len" testdata/gc/fixedbugs/issue7223.go:18:25
[FAIL errorcheck: missing error] "non-integer.*len" testdata/gc/fixedbugs/issue7223.go:19:26
[FAIL errorcheck: missing error] "use of untyped nil" testdata/gc/fixedbugs/issue7310.go:12:25
[FAIL errorcheck: missing error] "use of untyped nil" testdata/gc/fixedbugs/issue7310.go:13:25
[FAIL errorcheck: missing error] "cannot convert true" "mismatched types int and bool" testdata/gc/fixedbugs/issue7310.go:14:13
[FAIL errorcheck: missing error] "array bound|typechecking loop|invalid expression" testdata/gc/fixedbugs/issue7525.go:14:28
[FAIL errorcheck: missing error] "array bound" testdata/gc/fixedbugs/issue7525.go:15:30
[FAIL errorcheck: missing error] "array bound|invalid expression" testdata/gc/fixedbugs/issue7525.go:16:29
[FAIL errorcheck: missing error] "array bound|invalid array" testdata/gc/fixedbugs/issue7525.go:17:18
[FAIL errorcheck: missing error] "array bound|invalid array" testdata/gc/fixedbugs/issue7525.go:18:18
[FAIL errorcheck: missing error] "not defined" testdata/gc/fixedbugs/issue7538a.go:14:9
[FAIL errorcheck: missing error] "not enough arguments" testdata/gc/fixedbugs/issue7675.go:16:21
[FAIL errorcheck: missing error] "too many arguments" testdata/gc/fixedbugs/issue7675.go:18:27
[FAIL errorcheck: missing error] "not enough arguments" testdata/gc/fixedbugs/issue7675.go:19:27
[FAIL errorcheck: missing error] "not enough arguments" testdata/gc/fixedbugs/issue7675.go:21:28
[FAIL errorcheck: missing error] "too many arguments" testdata/gc/fixedbugs/issue7675.go:23:40
[PASS errorcheck] "overflow": constant multiplication overflow testdata/gc/fixedbugs/issue7746.go:13:12
[FAIL errorcheck: error does not match] "is not (a )?constant": constant 1 overflows unsafe.Pointer testdata/gc/fixedbugs/issue7760.go:15:26
[FAIL errorcheck: error does not match] "is not (a )?constant": constant 1 overflows main.myPointer testdata/gc/fixedbugs/issue7760.go:16:21
[FAIL errorcheck: error does not match] "is not (a )?constant": constant 1 overflows unsafe.Pointer testdata/gc/fixedbugs/issue7760.go:18:33
[FAIL errorcheck: error does not match] "is not (a )?constant": constant 1 overflows main.myPointer testdata/gc/fixedbugs/issue7760.go:19:28
[FAIL errorcheck: error does not match] "is not (a )?constant": constant 1 overflows unsafe.Pointer testdata/gc/fixedbugs/issue7760.go:21:34
[FAIL errorcheck: error does not match] "is not (a )?constant": constant 1 overflows main.myPointer testdata/gc/fixedbugs/issue7760.go:22:29
[PASS errorcheck] "is not (a )?constant": const initializer is not a constant testdata/gc/fixedbugs/issue7760.go:24:11
[PASS errorcheck] "is not (a )?constant": const initializer is not a constant testdata/gc/fixedbugs/issue7760.go:25:11
[FAIL errorcheck: missing error] "constant 256 overflows byte" testdata/gc/fixedbugs/issue8183.go:15:7
[FAIL errorcheck: missing error] "array bound must be non-negative" "const initializer len\(composite literal\) is not a constant" testdata/gc/fixedbugs/issue8183.go:21:4
[FAIL errorcheck: missing error] "array bound must be non-negative" "const initializer len\(composite literal\) is not a constant" testdata/gc/fixedbugs/issue8183.go:22:4
[FAIL errorcheck: missing error] "invalid operation: x[+][+]" testdata/gc/fixedbugs/issue8311.go:14:6
[FAIL errorcheck: missing error] "not enough arguments in call to method expression Fooer.Foo" testdata/gc/fixedbugs/issue8385.go:30:18
[FAIL errorcheck: missing error] "not enough arguments in call to g\(\)" testdata/gc/fixedbugs/issue8385.go:35:11
[FAIL errorcheck: missing error] "not enough arguments in call to f" testdata/gc/fixedbugs/issue8385.go:36:11
[FAIL errorcheck: missing error] "not enough arguments in call to i\.M" testdata/gc/fixedbugs/issue8385.go:37:11
[FAIL errorcheck: missing error] "not enough arguments in call to method expression I\.M" testdata/gc/fixedbugs/issue8385.go:38:11
[FAIL errorcheck: missing error] "not enough arguments in call to t\.M" testdata/gc/fixedbugs/issue8385.go:39:11
[FAIL errorcheck: missing error] "not enough arguments in call to method expression T\.M" testdata/gc/fixedbugs/issue8385.go:40:11
[FAIL errorcheck: missing error] "not enough arguments in call to method expression \(\*T\)\.M" testdata/gc/fixedbugs/issue8385.go:41:11
[FAIL errorcheck: missing error] "invalid operation|not enough arguments" testdata/gc/fixedbugs/issue8501.go:16:19
[FAIL errorcheck: missing error] "invalid operation|not enough arguments" testdata/gc/fixedbugs/issue8501.go:17:19
[PASS errorcheck] "invalid recursive type T": invalid recursive type T testdata/gc/fixedbugs/issue8507.go:12:18
[FAIL errorcheck: missing error] "cannot use.*type byte.*as type float64" testdata/gc/fixedbugs/issue8745.go:12:23
[FAIL errorcheck: missing error] ".*" testdata/gc/fixedbugs/issue8836.go:22:7
[FAIL errorcheck: missing error] "undefined" testdata/gc/fixedbugs/issue9017.go:47:9
[FAIL errorcheck: missing error] "cannot use|incompatible types" testdata/gc/fixedbugs/issue9017.go:50:8
[FAIL errorcheck: missing error] "undefined" testdata/gc/fixedbugs/issue9017.go:53:9
[FAIL errorcheck: missing error] "cannot use|incompatible types" testdata/gc/fixedbugs/issue9017.go:56:8
[FAIL errorcheck: error does not match] "unexpected p10": malformed floating point constant testdata/gc/fixedbugs/issue9036.go:26:12
[FAIL errorcheck: error does not match] "unexpected p10": malformed floating point constant testdata/gc/fixedbugs/issue9036.go:27:12
[FAIL errorcheck: error does not match] "unexpected p0": malformed floating point constant testdata/gc/fixedbugs/issue9036.go:28:12
[PASS errorcheck] "cannot use .* \(type uintptr\) as type int32 in assignment": cannot use 13 (type uintptr) as type int32 in assignment testdata/gc/fixedbugs/issue9076.go:15:15
[PASS errorcheck] "cannot use .* \(type uintptr\) as type int32 in assignment": cannot use 13 (type uintptr) as type int32 in assignment testdata/gc/fixedbugs/issue9076.go:16:15
[FAIL errorcheck: missing error] "cannot use make\(map\[int\]int\)|incompatible" testdata/gc/fixedbugs/issue9083.go:16:24
[FAIL errorcheck: missing error] "cannot use make\(map\[int\]int, 0\)|incompatible" testdata/gc/fixedbugs/issue9083.go:17:27
[FAIL errorcheck: missing error] "cannot use make\(map\[int\]int, zero\)|incompatible" testdata/gc/fixedbugs/issue9083.go:18:30
[FAIL errorcheck: missing error] "cannot use make\(chan int\)|incompatible" testdata/gc/fixedbugs/issue9083.go:19:21
[FAIL errorcheck: missing error] "cannot use make\(chan int, 0\)|incompatible" testdata/gc/fixedbugs/issue9083.go:20:24
[FAIL errorcheck: missing error] "cannot use make\(chan int, zero\)|incompatible" testdata/gc/fixedbugs/issue9083.go:21:27
[PASS errorcheck] "invalid operation.*not defined": invalid operation: >= (operator >= not defined on interface{}) testdata/gc/fixedbugs/issue9370.go:36:8
[PASS errorcheck] "invalid operation.*not defined": invalid operation: >= (operator >= not defined on interface{}) testdata/gc/fixedbugs/issue9370.go:39:8
[PASS errorcheck] "invalid operation.*not defined": invalid operation: >= (operator >= not defined on main.I) testdata/gc/fixedbugs/issue9370.go:43:8
[PASS errorcheck] "invalid operation.*not defined": invalid operation: >= (operator >= not defined on main.I) testdata/gc/fixedbugs/issue9370.go:46:8
[PASS errorcheck] "invalid operation.*not defined": invalid operation: >= (operator >= not defined on interface{}) testdata/gc/fixedbugs/issue9370.go:50:8
[PASS errorcheck] "invalid operation.*not defined": invalid operation: >= (operator >= not defined on interface{}) testdata/gc/fixedbugs/issue9370.go:53:8
[PASS errorcheck] "invalid operation.*mismatched types": invalid operation: == (mismatched types main.I and int) testdata/gc/fixedbugs/issue9370.go:56:8
[PASS errorcheck] "invalid operation.*mismatched types": invalid operation: != (mismatched types main.I and int) testdata/gc/fixedbugs/issue9370.go:57:8
[PASS errorcheck] "invalid operation.*mismatched types": invalid operation: >= (mismatched types main.I and int) testdata/gc/fixedbugs/issue9370.go:58:8
[PASS errorcheck] "invalid operation.*mismatched types": invalid operation: == (mismatched types int and main.I) testdata/gc/fixedbugs/issue9370.go:59:8
[PASS errorcheck] "invalid operation.*mismatched types": invalid operation: != (mismatched types int and main.I) testdata/gc/fixedbugs/issue9370.go:60:8
[PASS errorcheck] "invalid operation.*mismatched types": invalid operation: >= (mismatched types int and main.I) testdata/gc/fixedbugs/issue9370.go:61:8
[PASS errorcheck] "invalid operation.*not defined": invalid operation: >= (operator >= not defined on interface{}) testdata/gc/fixedbugs/issue9370.go:65:8
[PASS errorcheck] "invalid operation.*not defined": invalid operation: >= (operator >= not defined on interface{}) testdata/gc/fixedbugs/issue9370.go:68:8
[PASS errorcheck] "invalid operation.*mismatched types": invalid operation: == (mismatched types main.I and int) testdata/gc/fixedbugs/issue9370.go:70:8
[PASS errorcheck] "invalid operation.*mismatched types": invalid operation: != (mismatched types main.I and int) testdata/gc/fixedbugs/issue9370.go:71:8
[PASS errorcheck] "invalid operation.*mismatched types": invalid operation: >= (mismatched types main.I and int) testdata/gc/fixedbugs/issue9370.go:72:8
[PASS errorcheck] "invalid operation.*mismatched types": invalid operation: == (mismatched types int and main.I) testdata/gc/fixedbugs/issue9370.go:73:8
[PASS errorcheck] "invalid operation.*mismatched types": invalid operation: != (mismatched types int and main.I) testdata/gc/fixedbugs/issue9370.go:74:8
[PASS errorcheck] "invalid operation.*mismatched types": invalid operation: >= (mismatched types int and main.I) testdata/gc/fixedbugs/issue9370.go:75:8
[PASS errorcheck] "invalid operation.*not defined": invalid operation: == (operator == not defined on func()) testdata/gc/fixedbugs/issue9370.go:77:8
[PASS errorcheck] "invalid operation.*not defined": invalid operation: != (operator != not defined on func()) testdata/gc/fixedbugs/issue9370.go:78:8
[PASS errorcheck] "invalid operation.*not defined": invalid operation: >= (operator >= not defined on interface{}) testdata/gc/fixedbugs/issue9370.go:79:8
[PASS errorcheck] "invalid operation.*not defined": invalid operation: == (operator == not defined on func()) testdata/gc/fixedbugs/issue9370.go:80:8
[PASS errorcheck] "invalid operation.*not defined": invalid operation: != (operator != not defined on func()) testdata/gc/fixedbugs/issue9370.go:81:8
[PASS errorcheck] "invalid operation.*not defined": invalid operation: >= (operator >= not defined on func()) testdata/gc/fixedbugs/issue9370.go:82:8
[PASS errorcheck] "invalid operation.*mismatched types": invalid operation: == (mismatched types main.I and func()) testdata/gc/fixedbugs/issue9370.go:84:8
[PASS errorcheck] "invalid operation.*mismatched types": invalid operation: != (mismatched types main.I and func()) testdata/gc/fixedbugs/issue9370.go:85:8
[PASS errorcheck] "invalid operation.*mismatched types": invalid operation: >= (mismatched types main.I and func()) testdata/gc/fixedbugs/issue9370.go:86:8
[PASS errorcheck] "invalid operation.*mismatched types": invalid operation: == (mismatched types func() and main.I) testdata/gc/fixedbugs/issue9370.go:87:8
[PASS errorcheck] "invalid operation.*mismatched types": invalid operation: != (mismatched types func() and main.I) testdata/gc/fixedbugs/issue9370.go:88:8
[PASS errorcheck] "invalid operation.*mismatched types": invalid operation: >= (mismatched types func() and main.I) testdata/gc/fixedbugs/issue9370.go:89:8
[PASS errorcheck] "invalid operation.*not defined": invalid operation: == (operator == not defined on main.G) testdata/gc/fixedbugs/issue9370.go:91:8
[PASS errorcheck] "invalid operation.*not defined": invalid operation: != (operator != not defined on main.G) testdata/gc/fixedbugs/issue9370.go:92:8
[PASS errorcheck] "invalid operation.*not defined": invalid operation: >= (operator >= not defined on interface{}) testdata/gc/fixedbugs/issue9370.go:93:8
[PASS errorcheck] "invalid operation.*not defined": invalid operation: == (operator == not defined on main.G) testdata/gc/fixedbugs/issue9370.go:94:8
[PASS errorcheck] "invalid operation.*not defined": invalid operation: != (operator != not defined on main.G) testdata/gc/fixedbugs/issue9370.go:95:8
[PASS errorcheck] "invalid operation.*not defined": invalid operation: >= (operator >= not defined on main.G) testdata/gc/fixedbugs/issue9370.go:96:8
[PASS errorcheck] "invalid operation.*not defined": invalid operation: == (operator == not defined on main.G) testdata/gc/fixedbugs/issue9370.go:98:8
[PASS errorcheck] "invalid operation.*not defined": invalid operation: != (operator != not defined on main.G) testdata/gc/fixedbugs/issue9370.go:99:8
[PASS errorcheck] "invalid operation.*not defined": invalid operation: >= (operator >= not defined on main.I) testdata/gc/fixedbugs/issue9370.go:100:8
[PASS errorcheck] "invalid operation.*not defined": invalid operation: == (operator == not defined on main.G) testdata/gc/fixedbugs/issue9370.go:101:8
[PASS errorcheck] "invalid operation.*not defined": invalid operation: != (operator != not defined on main.G) testdata/gc/fixedbugs/issue9370.go:102:8
[PASS errorcheck] "invalid operation.*not defined": invalid operation: >= (operator >= not defined on main.G) testdata/gc/fixedbugs/issue9370.go:103:8
[PASS errorcheck] "cannot use _ as value": cannot use _ as value testdata/gc/fixedbugs/issue9370.go:105:6
[PASS errorcheck] "cannot use _ as value": cannot use _ as value testdata/gc/fixedbugs/issue9370.go:106:6
[PASS errorcheck] "cannot use _ as value": cannot use _ as value testdata/gc/fixedbugs/issue9370.go:107:6
[PASS errorcheck] "cannot use _ as value": cannot use _ as value testdata/gc/fixedbugs/issue9370.go:108:6
[PASS errorcheck] "cannot use _ as value": cannot use _ as value testdata/gc/fixedbugs/issue9370.go:109:6
[PASS errorcheck] "cannot use _ as value": cannot use _ as value testdata/gc/fixedbugs/issue9370.go:110:6
[PASS errorcheck] "cannot use _ as value": cannot use _ as value testdata/gc/fixedbugs/issue9370.go:112:11
[PASS errorcheck] "cannot use _ as value": cannot use _ as value testdata/gc/fixedbugs/issue9370.go:113:11
[PASS errorcheck] "cannot use _ as value": cannot use _ as value testdata/gc/fixedbugs/issue9370.go:114:11
[PASS errorcheck] "cannot use _ as value": cannot use _ as value testdata/gc/fixedbugs/issue9370.go:115:11
[PASS errorcheck] "cannot use _ as value": cannot use _ as value testdata/gc/fixedbugs/issue9370.go:116:11
[PASS errorcheck] "cannot use _ as value": cannot use _ as value testdata/gc/fixedbugs/issue9370.go:117:11
[PASS errorcheck] "cannot use _ as value": cannot use _ as value testdata/gc/fixedbugs/issue9370.go:119:6
[FAIL errorcheck: missing error] "invalid operation.*mismatched types" testdata/gc/fixedbugs/issue9370.go:121:12
[FAIL errorcheck: missing error] "invalid operation.*mismatched types" testdata/gc/fixedbugs/issue9370.go:122:12
[FAIL errorcheck: missing error] "invalid operation.*mismatched types" testdata/gc/fixedbugs/issue9370.go:123:12
[FAIL errorcheck: missing error] "invalid operation.*mismatched types" testdata/gc/fixedbugs/issue9370.go:124:12
[PASS errorcheck] "invalid recursive type foo": invalid recursive type foo testdata/gc/fixedbugs/issue9432.go:15:1
[FAIL errorcheck: missing error] "cannot append \[\]int value to \[\]int" testdata/gc/fixedbugs/issue9521.go:16:18
[FAIL errorcheck: missing error] "cannot append float64 value to \[\]int" testdata/gc/fixedbugs/issue9521.go:17:18
[FAIL errorcheck: missing error] "must be a slice|must be slice" testdata/gc/fixedbugs/issue9634.go:17:19
[FAIL errorcheck: missing error] "constant 3\.40282e\+38 overflows float32" testdata/gc/float_lit3.go:32:44
[FAIL errorcheck: missing error] "constant -3\.40282e\+38 overflows float32" testdata/gc/float_lit3.go:36:45
[FAIL errorcheck: missing error] "constant 1\.79769e\+308 overflows float64" testdata/gc/float_lit3.go:42:45
[FAIL errorcheck: missing error] "constant 1\.79769e\+308 overflows float64" testdata/gc/float_lit3.go:43:45
[FAIL errorcheck: missing error] "constant -1\.79769e\+308 overflows float64" testdata/gc/float_lit3.go:46:46
[FAIL errorcheck: missing error] "constant -1\.79769e\+308 overflows float64" testdata/gc/float_lit3.go:47:46
[PASS errorcheck] "duplicate argument a|definition": duplicate argument a testdata/gc/func1.go:17:17
[PASS errorcheck] "named": mixed named and unnamed parameters testdata/gc/func3.go:16:9
[PASS errorcheck] "named": mixed named and unnamed parameters testdata/gc/func3.go:17:13
[FAIL errorcheck: missing error] "named" testdata/gc/func3.go:18:28
[FAIL errorcheck: missing error] "address of|invalid" testdata/gc/func4.go:15:17
[FAIL errorcheck: missing error] "assign to|invalid" testdata/gc/func4.go:16:17
[PASS errorcheck] "duplicate argument i|redefinition|previous": duplicate argument i testdata/gc/funcdup.go:10:13
[PASS errorcheck] "duplicate argument i|redefinition|previous": duplicate argument i testdata/gc/funcdup.go:11:8
[PASS errorcheck] "duplicate argument i|redefinition|previous": duplicate argument i testdata/gc/funcdup.go:12:11
[PASS errorcheck] "duplicate argument i|redefinition|previous": duplicate argument i testdata/gc/funcdup.go:15:17
[PASS errorcheck] "duplicate argument i|redefinition|previous": duplicate argument i testdata/gc/funcdup.go:16:22
[PASS errorcheck] "duplicate argument i|redefinition|previous": duplicate argument i testdata/gc/funcdup.go:17:20
[PASS errorcheck] "duplicate argument i|redefinition|previous": duplicate argument i testdata/gc/funcdup.go:21:16
[PASS errorcheck] "duplicate argument i|redefinition|previous": duplicate argument i testdata/gc/funcdup.go:22:19
[PASS errorcheck] "duplicate argument j|redefinition|previous": duplicate argument j testdata/gc/funcdup.go:23:24
[PASS errorcheck] "duplicate argument i|redefinition|previous": duplicate argument i testdata/gc/funcdup.go:25:12
[PASS errorcheck] "duplicate argument i|redefinition|previous": duplicate argument i testdata/gc/funcdup.go:26:17
[PASS errorcheck] "duplicate argument i|redefinition|previous": duplicate argument i testdata/gc/funcdup.go:27:15
[PASS errorcheck] "duplicate argument i|redefinition|previous": duplicate argument i testdata/gc/funcdup2.go:10:13
[PASS errorcheck] "duplicate argument i|redefinition|previous": duplicate argument i testdata/gc/funcdup2.go:11:8
[PASS errorcheck] "duplicate argument i|redefinition|previous": duplicate argument i testdata/gc/funcdup2.go:12:11
[PASS errorcheck] "duplicate argument i|redefinition|previous": duplicate argument i testdata/gc/funcdup2.go:15:16
[PASS errorcheck] "duplicate argument i|redefinition|previous": duplicate argument i testdata/gc/funcdup2.go:16:21
[PASS errorcheck] "duplicate argument i|redefinition|previous": duplicate argument i testdata/gc/funcdup2.go:17:19
[FAIL errorcheck: missing error] "goto L jumps over declaration of x at LINE+1|goto jumps over declaration" testdata/gc/goto.go:42:9
[FAIL errorcheck: missing error] "goto L jumps over declaration of x at LINE+5|goto jumps over declaration" testdata/gc/goto.go:60:9
[FAIL errorcheck: missing error] "goto L jumps over declaration of x at LINE+1|goto jumps over declaration" testdata/gc/goto.go:80:9
[FAIL errorcheck: missing error] "goto L jumps over declaration of x at LINE+1|goto jumps over declaration" testdata/gc/goto.go:90:9
[FAIL errorcheck: missing error] "goto L jumps into block starting at LINE+1|goto jumps into block" testdata/gc/goto.go:117:9
[FAIL errorcheck: missing error] "goto L jumps into block starting at LINE-3|goto jumps into block" testdata/gc/goto.go:128:9
[FAIL errorcheck: missing error] "goto L jumps into block starting at LINE+1|goto jumps into block" testdata/gc/goto.go:133:9
[FAIL errorcheck: missing error] "goto L jumps into block starting at LINE+3|goto jumps into block" testdata/gc/goto.go:145:9
[FAIL errorcheck: missing error] "goto L jumps into block starting at LINE+1|goto jumps into block" testdata/gc/goto.go:182:12
[FAIL errorcheck: missing error] "goto L jumps into block starting at LINE+1|goto jumps into block" testdata/gc/goto.go:189:12
[FAIL errorcheck: missing error] "goto L jumps into block starting at LINE+1|goto jumps into block" testdata/gc/goto.go:197:9
[FAIL errorcheck: missing error] "goto L jumps into block starting at LINE-3|goto jumps into block" testdata/gc/goto.go:208:10
[FAIL errorcheck: missing error] "goto L jumps into block starting at LINE+1|goto jumps into block" testdata/gc/goto.go:214:10
[FAIL errorcheck: missing error] "goto L jumps into block starting at LINE+1|goto jumps into block" testdata/gc/goto.go:222:10
[FAIL errorcheck: missing error] "goto L jumps into block starting at LINE+1|goto jumps into block" testdata/gc/goto.go:230:10
[FAIL errorcheck: missing error] "goto L jumps into block starting at LINE+1|goto jumps into block" testdata/gc/goto.go:244:10
[FAIL errorcheck: missing error] "goto L jumps into block starting at LINE-3|goto jumps into block" testdata/gc/goto.go:293:9
[FAIL errorcheck: missing error] "goto L1 jumps into block starting at LINE-5|goto jumps into block" testdata/gc/goto.go:302:10
[FAIL errorcheck: missing error] "goto L jumps into block starting at LINE-3|goto jumps into block" testdata/gc/goto.go:309:9
[FAIL errorcheck: missing error] "goto L jumps into block starting at LINE-3|goto jumps into block" testdata/gc/goto.go:316:9
[FAIL errorcheck: missing error] "goto L jumps into block starting at LINE-3|goto jumps into block" testdata/gc/goto.go:323:9
[FAIL errorcheck: missing error] "goto L jumps into block starting at LINE-3|goto jumps into block" testdata/gc/goto.go:330:9
[FAIL errorcheck: missing error] "goto L jumps into block starting at LINE-3|goto jumps into block" testdata/gc/goto.go:337:9
[FAIL errorcheck: missing error] "goto L jumps into block starting at LINE-3|goto jumps into block" testdata/gc/goto.go:344:9
[FAIL errorcheck: missing error] "goto L jumps into block starting at LINE+1|goto jumps into block" testdata/gc/goto.go:398:9
[FAIL errorcheck: missing error] "goto L jumps into block starting at LINE+1|goto jumps into block" testdata/gc/goto.go:406:9
[FAIL errorcheck: missing error] "goto L jumps into block starting at LINE+1|goto jumps into block" testdata/gc/goto.go:416:9
[FAIL errorcheck: missing error] "goto L jumps into block starting at LINE+1|goto jumps into block" testdata/gc/goto.go:427:10
[FAIL errorcheck: missing error] "goto L jumps into block starting at LINE-4|goto jumps into block" testdata/gc/goto.go:439:10
[FAIL errorcheck: missing error] "goto L jumps into block starting at LINE+2|goto jumps into block" testdata/gc/goto.go:495:9
[FAIL errorcheck: missing error] "goto L jumps into block starting at LINE+2|goto jumps into block" testdata/gc/goto.go:503:9
[FAIL errorcheck: missing error] "goto L jumps into block starting at LINE+3|goto jumps into block" testdata/gc/goto.go:513:9
[FAIL errorcheck: missing error] "goto L jumps into block starting at LINE+1|goto jumps into block" testdata/gc/goto.go:524:10
[FAIL errorcheck: missing error] "goto L jumps into block starting at LINE-4|goto jumps into block" testdata/gc/goto.go:536:10
[PASS errorcheck] "redeclared|redefinition|incompatible" "imported and not used": bufio redeclared, previous declaration at testdata/gc/import1.go:12:8 testdata/gc/import1.go:13:8
[PASS errorcheck] "redeclared|redefinition|incompatible" "imported and not used: \x22math\x22 as fmt": fmt redeclared, previous declaration at testdata/gc/import1.go:16:2 testdata/gc/import1.go:17:2
[FAIL errorcheck: missing error] "imported and not used: \x22math\x22$" testdata/gc/import1.go:18:11
[FAIL errorcheck: missing error] "imported and not used.*fmt" testdata/gc/import4.dir/import4.go:12:14
[FAIL errorcheck: missing error] "imported and not used.*math" testdata/gc/import4.dir/import4.go:15:17
[FAIL errorcheck: missing error] "imported and not used.*bufio" testdata/gc/import4.dir/import4.go:18:18
[FAIL errorcheck: missing error] "imported and not used.*empty" testdata/gc/import4.dir/import4.go:21:18
[FAIL errorcheck: missing error] "imported and not used.*empty" testdata/gc/import4.dir/import4.go:22:20
[FAIL errorcheck: missing error] "imported and not used.*empty" testdata/gc/import4.dir/import4.go:23:20
[PASS errorcheck] "import statement": import statement not a string testdata/gc/import5.go:24:8
[PASS errorcheck] "import statement": import statement not a string testdata/gc/import5.go:25:8
[PASS errorcheck] "import statement": import statement not a string testdata/gc/import5.go:26:8
[PASS errorcheck] "import statement": import statement not a string testdata/gc/import5.go:27:8
[PASS errorcheck] "import path": import path is empty testdata/gc/import5.go:34:8
[PASS errorcheck] "import path": import path is empty testdata/gc/import5.go:35:8
[PASS errorcheck] "import path": invalid import path testdata/gc/import5.go:36:8
[PASS errorcheck] "import path": import path contains invalid character testdata/gc/import5.go:37:8
[PASS errorcheck] "import path": invalid import path testdata/gc/import5.go:38:8
[PASS errorcheck] "import path": import path contains invalid character testdata/gc/import5.go:39:8
[PASS errorcheck] "import path": import path contains invalid character testdata/gc/import5.go:40:8
[PASS errorcheck] "import path": import path contains invalid character testdata/gc/import5.go:41:8
[PASS errorcheck] "import path": invalid import path testdata/gc/import5.go:42:8
[PASS errorcheck] "import path": invalid import path testdata/gc/import5.go:43:8
[PASS errorcheck] "import path": import path contains invalid character testdata/gc/import5.go:44:8
[PASS errorcheck] "import path": import path contains invalid character testdata/gc/import5.go:45:8
[PASS errorcheck] "import path": import path contains invalid character testdata/gc/import5.go:46:8
[PASS errorcheck] "import path": import path contains invalid character testdata/gc/import5.go:47:8
[PASS errorcheck] "import path": import path contains invalid character testdata/gc/import5.go:48:8
[PASS errorcheck] "import path": import path contains invalid character testdata/gc/import5.go:49:8
[PASS errorcheck] "import path": import path contains invalid character testdata/gc/import5.go:50:8
[PASS errorcheck] "import path": import path contains invalid character testdata/gc/import5.go:51:8
[PASS errorcheck] "import path cannot be absolute path": import path cannot be absolute path testdata/gc/import5.go:54:8
[PASS errorcheck] "import path contains invalid character": import path contains invalid character testdata/gc/import5.go:55:8
[FAIL errorcheck: missing error] "illegal|invalid|must be" testdata/gc/indirect1.go:41:12
[FAIL errorcheck: missing error] "illegal|invalid|must be" testdata/gc/indirect1.go:42:12
[FAIL errorcheck: missing error] "illegal|invalid|must be" testdata/gc/indirect1.go:44:12
[FAIL errorcheck: missing error] "illegal|invalid|must be" testdata/gc/indirect1.go:47:12
[FAIL errorcheck: missing error] "illegal|invalid|must be" testdata/gc/indirect1.go:48:12
[FAIL errorcheck: missing error] "illegal|invalid|must be" testdata/gc/indirect1.go:50:12
[FAIL errorcheck: missing error] "illegal|invalid|must be" testdata/gc/indirect1.go:61:12
[FAIL errorcheck: missing error] "illegal|invalid|must be" testdata/gc/indirect1.go:62:12
[FAIL errorcheck: missing error] "illegal|invalid|must be" testdata/gc/indirect1.go:64:12
[FAIL errorcheck: missing error] "illegal|invalid|must be" testdata/gc/indirect1.go:67:12
[FAIL errorcheck: missing error] "illegal|invalid|must be" testdata/gc/indirect1.go:68:12
[FAIL errorcheck: missing error] "illegal|invalid|must be" testdata/gc/indirect1.go:70:11
[FAIL errorcheck: missing error] "undefined.*init" testdata/gc/init.go:18:17
[FAIL errorcheck: missing error] "unexported.*runtime\.init" testdata/gc/init.go:19:17
[FAIL errorcheck: missing error] "undefined.*init" testdata/gc/init.go:20:17
[PASS errorcheck] "mixture|undefined": mixture of field:value and value initializers testdata/gc/initializerr.go:21:20
[PASS errorcheck] "duplicate": duplicate field name in struct literal: Y testdata/gc/initializerr.go:22:26
[PASS errorcheck] "convert|too many": too many values in struct initializer testdata/gc/initializerr.go:23:19
[PASS errorcheck] "index|too many": array index 5 out of bounds [0:5] testdata/gc/initializerr.go:24:34
[PASS errorcheck] "index": index must be non-negative integer constant testdata/gc/initializerr.go:25:19
[FAIL errorcheck: missing error] "a refers to\n.*b refers to\n.*c refers to\n.*a" testdata/gc/initloop.go:14:12
[TODO "errorcheck -0 -m"] testdata/gc/inline.go
[TODO "errorcheck -0 -d=typeassert"] testdata/gc/interface/assertinline.go
[FAIL errorcheck: missing error] "interface" testdata/gc/interface/embed2.go:33:26
[FAIL errorcheck: missing error] "pointer to interface, not interface" testdata/gc/interface/embed2.go:51:28
[FAIL errorcheck: missing error] "pointer to interface, not interface" testdata/gc/interface/embed2.go:57:33
[FAIL errorcheck: missing error] "pointer to interface, not interface" testdata/gc/interface/embed2.go:61:34
[FAIL errorcheck: missing error] "pointer to interface, not interface" testdata/gc/interface/embed2.go:65:33
[FAIL errorcheck: missing error] "pointer to interface, not interface" testdata/gc/interface/embed2.go:69:34
[FAIL errorcheck: missing error] "need explicit|need type assertion" testdata/gc/interface/explicit.go:41:8
[FAIL errorcheck: missing error] "incompatible|missing M method" testdata/gc/interface/explicit.go:46:8
[FAIL errorcheck: missing error] "incompatible|assignment$" testdata/gc/interface/explicit.go:47:8
[FAIL errorcheck: missing error] "incompatible|missing N method" testdata/gc/interface/explicit.go:50:9
[FAIL errorcheck: missing error] "invalid|missing N method" testdata/gc/interface/explicit.go:53:13
[FAIL errorcheck: missing error] "need explicit|need type assertion|incompatible" "as type [*]T" testdata/gc/interface/explicit.go:56:11
[FAIL errorcheck: missing error] "impossible type assertion" testdata/gc/interface/explicit.go:65:17
[FAIL errorcheck: missing error] "impossible type assertion" testdata/gc/interface/explicit.go:71:17
[FAIL errorcheck: missing error] "pointer receiver" testdata/gc/interface/explicit.go:73:15
[PASS errorcheck] "incompatible|missing": cannot use type int as type main.M in assignment:\n\tint does not implement main.M (missing M method) testdata/gc/interface/explicit.go:78:12
[PASS errorcheck] "incompatible|wrong type for M method": cannot use type main.Int as type main.M in assignment:\n\tmain.Int does not implement main.M (wrong type for M method)\n\t\thave M(float64)\n\t\twant M() testdata/gc/interface/explicit.go:79:12
[PASS errorcheck] "invalid|missing": cannot convert int to type main.M:\n\tint does not implement main.M (missing M method) testdata/gc/interface/explicit.go:81:12
[PASS errorcheck] "invalid|wrong type for M method": cannot convert main.Int to type main.M:\n\tmain.Int does not implement main.M (wrong type for M method)\n\t\thave M(float64)\n\t\twant M() testdata/gc/interface/explicit.go:82:12
[FAIL errorcheck: missing error] "methods must have a unique non-blank name" testdata/gc/interface/explicit.go:86:6
[FAIL errorcheck: missing error] "methods must have a unique non-blank name" testdata/gc/interface/explicit.go:91:6
[FAIL errorcheck: missing error] "incompatible|missing _ method" testdata/gc/interface/explicit.go:100:19
[FAIL errorcheck: missing error] "incompatible|missing _ method" testdata/gc/interface/explicit.go:101:19
[FAIL errorcheck: missing error] "pointer to interface" testdata/gc/interface/pointer.go:35:35
[FAIL errorcheck: missing error] "pointer to interface|incompatible type" testdata/gc/interface/pointer.go:37:28
[FAIL errorcheck: missing error] "private" testdata/gc/interface/private.dir/prog.go:28:17
[FAIL errorcheck: missing error] "private" testdata/gc/interface/private.dir/prog.go:30:27
[FAIL errorcheck: missing error] "private" testdata/gc/interface/private.dir/prog.go:32:12
[FAIL errorcheck: missing error] "does not implement|requires a pointer" testdata/gc/interface/receiver1.go:40:8
[FAIL errorcheck: missing error] "does not implement|requires a pointer" testdata/gc/interface/receiver1.go:47:8
[FAIL errorcheck: missing error] "label .*L1.* defined and not used" testdata/gc/label.go:16:5
[FAIL errorcheck: missing error] "label .*L2.* defined and not used" testdata/gc/label.go:19:5
[FAIL errorcheck: missing error] "label .*L3.* defined and not used" testdata/gc/label.go:21:5
[FAIL errorcheck: missing error] "label .*L4.* defined and not used" testdata/gc/label.go:24:5
[FAIL errorcheck: missing error] "label .*L5.* defined and not used" testdata/gc/label.go:27:5
[PASS errorcheck] "label .*L6.* already defined": label L6 already defined, previous declaration at testdata/gc/label.go:29:1 testdata/gc/label.go:31:1
[FAIL errorcheck: missing error] "label .*defalt.* defined and not used" testdata/gc/label.go:53:10
[FAIL errorcheck: missing error] "label go2 not defined" testdata/gc/label.go:64:11
[FAIL errorcheck: missing error] "invalid continue label .*L2|continue is not in a loop" testdata/gc/label1.go:34:16
[FAIL errorcheck: missing error] "invalid continue label .*L2" testdata/gc/label1.go:41:16
[FAIL errorcheck: missing error] "invalid continue label .*L3|continue is not in a loop" testdata/gc/label1.go:52:16
[FAIL errorcheck: missing error] "invalid break label .*L4" testdata/gc/label1.go:60:13
[FAIL errorcheck: missing error] "invalid continue label .*L4|continue is not in a loop" testdata/gc/label1.go:63:16
[FAIL errorcheck: missing error] "invalid break label .*L5" testdata/gc/label1.go:73:12
[FAIL errorcheck: missing error] "invalid continue label .*L5|continue is not in a loop" testdata/gc/label1.go:76:15
[FAIL errorcheck: missing error] "invalid break label .*L1" testdata/gc/label1.go:84:13
[FAIL errorcheck: missing error] "invalid continue label .*L1" testdata/gc/label1.go:87:16
[FAIL errorcheck: missing error] "continue is not in a loop" testdata/gc/label1.go:94:11
[FAIL errorcheck: missing error] "continue label not defined: on" testdata/gc/label1.go:96:15
[FAIL errorcheck: missing error] "break is not in a loop" testdata/gc/label1.go:99:8
[FAIL errorcheck: missing error] "break label not defined: dance" testdata/gc/label1.go:101:15
[TODO "errorcheck -0 -l -live -wb=0"] testdata/gc/live.go
[TODO "errorcheck -0 -live -wb=0"] testdata/gc/live2.go
[TODO "errorcheck -0 -l -live -wb=0"] testdata/gc/live_ssa.go
[TODO "errorcheck -0 -m -live"] testdata/gc/live_syscall.go
[TODO "errorcheck -0 -d=ssa/loopbce/debug=3"] testdata/gc/loopbce.go
[FAIL errorcheck: missing error] "invalid map key" testdata/gc/map1.go:41:22
[FAIL errorcheck: missing error] "invalid map key" testdata/gc/map1.go:42:22
[FAIL errorcheck: missing error] "invalid map key" testdata/gc/map1.go:43:22
[FAIL errorcheck: missing error] "invalid map key" testdata/gc/map1.go:44:16
[FAIL errorcheck: missing error] "invalid map key" testdata/gc/map1.go:45:16
[FAIL errorcheck: missing error] "invalid map key" testdata/gc/map1.go:46:16
[FAIL errorcheck: missing error] "invalid map key" testdata/gc/map1.go:47:16
[PASS errorcheck] "redeclared|redefinition": (*T).M redeclared in this block\n\tprevious declaration at testdata/gc/method1.go:14:13 testdata/gc/method1.go:15:13
[PASS errorcheck] "redeclared|redefinition": (*T).H redeclared in this block\n\tprevious declaration at testdata/gc/method1.go:17:12 testdata/gc/method1.go:18:13
[PASS errorcheck] "redeclared|redefinition": f redeclared, previous declaration at testdata/gc/method1.go:20:6 testdata/gc/method1.go:21:6
[PASS errorcheck] "redeclared|redefinition": g redeclared, previous declaration at testdata/gc/method1.go:23:6 testdata/gc/method1.go:24:6
[PASS errorcheck] "receiver.* pointer|invalid pointer or interface receiver": invalid receiver type main.P (main.P is a pointer type) testdata/gc/method2.go:18:12
[PASS errorcheck] "receiver.* pointer|invalid pointer or interface receiver": invalid receiver type main.P1 (main.P1 is a pointer type) testdata/gc/method2.go:19:14
[FAIL errorcheck: missing error] "receiver.*interface|invalid pointer or interface receiver" testdata/gc/method2.go:24:37
[FAIL errorcheck: missing error] "receiver.*interface|invalid pointer or interface receiver" testdata/gc/method2.go:25:37
[FAIL errorcheck: missing error] "method" testdata/gc/method2.go:31:20
[PASS errorcheck] "method": val undefined (type *main.Val is pointer to interface, not interface) testdata/gc/method2.go:36:12
[PASS errorcheck] "method": val undefined (type *main.Val is pointer to interface, not interface) testdata/gc/method2.go:37:12
[FAIL errorcheck: missing error] "cannot use.*type bool.*as type Bool" testdata/gc/named1.go:57:13
[TODO "errorcheck -0 -N -d=nil"] testdata/gc/nilcheck.go
[TODO "errorcheck -0 -d=nil"] testdata/gc/nilptr3.go
[TODO "errorcheck -0 -d=nil"] testdata/gc/nilptr3_ssa.go
[TODO "errorcheck -0 -d=ssa/likelyadjust/debug=1"] testdata/gc/opt_branchlikely.go
[TODO "errorcheck -0 -d=ssa/phiopt/debug=3"] testdata/gc/phiopt.go
[TODO "errorcheck -0 -d=ssa/prove/debug=3"] testdata/gc/prove.go
[FAIL errorcheck: missing error] "not a type|expected type" testdata/gc/rename1.go:13:19
[FAIL errorcheck: missing error] "cannot call|expected function" testdata/gc/rename1.go:14:21
[FAIL errorcheck: missing error] "string|incompatible types" "convert iota" testdata/gc/rename1.go:16:16
[FAIL errorcheck: missing error] "missing return" testdata/gc/return.go:20:3
[FAIL errorcheck: missing error] "missing return" testdata/gc/return.go:24:3
[FAIL errorcheck: missing error] "missing return" testdata/gc/return.go:50:3
[FAIL errorcheck: missing error] "missing return" testdata/gc/return.go:83:3
[FAIL errorcheck: missing error] "missing return" testdata/gc/return.go:90:3
[FAIL errorcheck: missing error] "missing return" testdata/gc/return.go:96:3
[FAIL errorcheck: missing error] "missing return" testdata/gc/return.go:104:3
[FAIL errorcheck: missing error] "missing return" testdata/gc/return.go:113:3
[FAIL errorcheck: missing error] "missing return" testdata/gc/return.go:121:3
[FAIL errorcheck: missing error] "missing return" testdata/gc/return.go:129:3
[FAIL errorcheck: missing error] "missing return" testdata/gc/return.go:138:3
[FAIL errorcheck: missing error] "missing return" testdata/gc/return.go:146:3
[FAIL errorcheck: missing error] "missing return" testdata/gc/return.go:155:3
[FAIL errorcheck: missing error] "missing return" testdata/gc/return.go:162:3
[FAIL errorcheck: missing error] "missing return" testdata/gc/return.go:168:3
[FAIL errorcheck: missing error] "missing return" testdata/gc/return.go:176:3
[FAIL errorcheck: missing error] "missing return" testdata/gc/return.go:185:3
[FAIL errorcheck: missing error] "missing return" testdata/gc/return.go:193:3
[FAIL errorcheck: missing error] "missing return" testdata/gc/return.go:201:3
[FAIL errorcheck: missing error] "missing return" testdata/gc/return.go:210:3
[FAIL errorcheck: missing error] "missing return" testdata/gc/return.go:218:3
[FAIL errorcheck: missing error] "missing return" testdata/gc/return.go:265:3
[FAIL errorcheck: missing error] "missing return" testdata/gc/return.go:272:3
[FAIL errorcheck: missing error] "missing return" testdata/gc/return.go:283:3
[FAIL errorcheck: missing error] "missing return" testdata/gc/return.go:315:3
[FAIL errorcheck: missing error] "missing return" testdata/gc/return.go:323:3
[FAIL errorcheck: missing error] "missing return" testdata/gc/return.go:332:3
[FAIL errorcheck: missing error] "missing return" testdata/gc/return.go:339:3
[FAIL errorcheck: missing error] "missing return" testdata/gc/return.go:347:3
[FAIL errorcheck: missing error] "missing return" testdata/gc/return.go:356:3
[FAIL errorcheck: missing error] "missing return" testdata/gc/return.go:361:3
[FAIL errorcheck: missing error] "missing return" testdata/gc/return.go:369:3
[FAIL errorcheck: missing error] "missing return" testdata/gc/return.go:378:3
[FAIL errorcheck: missing error] "missing return" testdata/gc/return.go:437:3
[FAIL errorcheck: missing error] "missing return" testdata/gc/return.go:450:3
[FAIL errorcheck: missing error] "missing return" testdata/gc/return.go:462:3
[FAIL errorcheck: missing error] "missing return" testdata/gc/return.go:470:3
[FAIL errorcheck: missing error] "missing return" testdata/gc/return.go:480:3
[FAIL errorcheck: missing error] "missing return" testdata/gc/return.go:490:3
[FAIL errorcheck: missing error] "missing return" testdata/gc/return.go:503:3
[FAIL errorcheck: missing error] "missing return" testdata/gc/return.go:515:3
[FAIL errorcheck: missing error] "missing return" testdata/gc/return.go:558:3
[FAIL errorcheck: missing error] "missing return" testdata/gc/return.go:570:3
[FAIL errorcheck: missing error] "missing return" testdata/gc/return.go:581:3
[FAIL errorcheck: missing error] "missing return" testdata/gc/return.go:592:3
[FAIL errorcheck: missing error] "missing return" testdata/gc/return.go:601:3
[FAIL errorcheck: missing error] "missing return" testdata/gc/return.go:616:3
[FAIL errorcheck: missing error] "missing return" testdata/gc/return.go:628:3
[FAIL errorcheck: missing error] "missing return" testdata/gc/return.go:642:3
[FAIL errorcheck: missing error] "missing return" testdata/gc/return.go:674:3
[FAIL errorcheck: missing error] "missing return" testdata/gc/return.go:686:3
[FAIL errorcheck: missing error] "missing return" testdata/gc/return.go:697:3
[FAIL errorcheck: missing error] "missing return" testdata/gc/return.go:706:3
[FAIL errorcheck: missing error] "missing return" testdata/gc/return.go:721:3
[FAIL errorcheck: missing error] "missing return" testdata/gc/return.go:733:3
[FAIL errorcheck: missing error] "missing return" testdata/gc/return.go:747:3
[FAIL errorcheck: missing error] "missing return" testdata/gc/return.go:753:3
[FAIL errorcheck: missing error] "missing return" testdata/gc/return.go:775:3
[FAIL errorcheck: missing error] "missing return" testdata/gc/return.go:804:3
[FAIL errorcheck: missing error] "missing return" testdata/gc/return.go:810:3
[FAIL errorcheck: missing error] "missing return" testdata/gc/return.go:815:3
[FAIL errorcheck: missing error] "missing return" testdata/gc/return.go:822:3
[FAIL errorcheck: missing error] "missing return" testdata/gc/return.go:830:3
[FAIL errorcheck: missing error] "missing return" testdata/gc/return.go:837:3
[FAIL errorcheck: missing error] "missing return" testdata/gc/return.go:844:3
[FAIL errorcheck: missing error] "missing return" testdata/gc/return.go:852:3
[FAIL errorcheck: missing error] "missing return" testdata/gc/return.go:859:3
[FAIL errorcheck: missing error] "missing return" testdata/gc/return.go:867:3
[FAIL errorcheck: missing error] "missing return" testdata/gc/return.go:873:3
[FAIL errorcheck: missing error] "missing return" testdata/gc/return.go:878:3
[FAIL errorcheck: missing error] "missing return" testdata/gc/return.go:885:3
[FAIL errorcheck: missing error] "missing return" testdata/gc/return.go:893:3
[FAIL errorcheck: missing error] "missing return" testdata/gc/return.go:900:3
[FAIL errorcheck: missing error] "missing return" testdata/gc/return.go:907:3
[FAIL errorcheck: missing error] "missing return" testdata/gc/return.go:915:3
[FAIL errorcheck: missing error] "missing return" testdata/gc/return.go:922:3
[FAIL errorcheck: missing error] "missing return" testdata/gc/return.go:965:3
[FAIL errorcheck: missing error] "missing return" testdata/gc/return.go:971:3
[FAIL errorcheck: missing error] "missing return" testdata/gc/return.go:981:3
[FAIL errorcheck: missing error] "missing return" testdata/gc/return.go:1011:3
[FAIL errorcheck: missing error] "missing return" testdata/gc/return.go:1019:3
[FAIL errorcheck: missing error] "missing return" testdata/gc/return.go:1028:3
[FAIL errorcheck: missing error] "missing return" testdata/gc/return.go:1034:3
[FAIL errorcheck: missing error] "missing return" testdata/gc/return.go:1042:3
[FAIL errorcheck: missing error] "missing return" testdata/gc/return.go:1051:3
[FAIL errorcheck: missing error] "missing return" testdata/gc/return.go:1055:3
[FAIL errorcheck: missing error] "missing return" testdata/gc/return.go:1063:3
[FAIL errorcheck: missing error] "missing return" testdata/gc/return.go:1072:3
[FAIL errorcheck: missing error] "missing return" testdata/gc/return.go:1125:3
[FAIL errorcheck: missing error] "missing return" testdata/gc/return.go:1137:3
[FAIL errorcheck: missing error] "missing return" testdata/gc/return.go:1148:3
[FAIL errorcheck: missing error] "missing return" testdata/gc/return.go:1155:3
[FAIL errorcheck: missing error] "missing return" testdata/gc/return.go:1164:3
[FAIL errorcheck: missing error] "missing return" testdata/gc/return.go:1173:3
[FAIL errorcheck: missing error] "missing return" testdata/gc/return.go:1185:3
[FAIL errorcheck: missing error] "missing return" testdata/gc/return.go:1195:3
[FAIL errorcheck: missing error] "missing return" testdata/gc/return.go:1234:3
[FAIL errorcheck: missing error] "missing return" testdata/gc/return.go:1245:3
[FAIL errorcheck: missing error] "missing return" testdata/gc/return.go:1255:3
[FAIL errorcheck: missing error] "missing return" testdata/gc/return.go:1265:3
[FAIL errorcheck: missing error] "missing return" testdata/gc/return.go:1273:3
[FAIL errorcheck: missing error] "missing return" testdata/gc/return.go:1287:3
[FAIL errorcheck: missing error] "missing return" testdata/gc/return.go:1298:3
[FAIL errorcheck: missing error] "missing return" testdata/gc/return.go:1311:3
[FAIL errorcheck: missing error] "missing return" testdata/gc/return.go:1340:3
[FAIL errorcheck: missing error] "missing return" testdata/gc/return.go:1351:3
[FAIL errorcheck: missing error] "missing return" testdata/gc/return.go:1361:3
[FAIL errorcheck: missing error] "missing return" testdata/gc/return.go:1369:3
[FAIL errorcheck: missing error] "missing return" testdata/gc/return.go:1383:3
[FAIL errorcheck: missing error] "missing return" testdata/gc/return.go:1394:3
[FAIL errorcheck: missing error] "missing return" testdata/gc/return.go:1407:3
[FAIL errorcheck: missing error] "missing return" testdata/gc/return.go:1422:3
[FAIL errorcheck: missing error] "missing return" testdata/gc/return.go:1426:3
[FAIL errorcheck: missing error] "missing return" testdata/gc/return.go:1452:3
[FAIL errorcheck: missing error] "missing return" testdata/gc/return.go:1485:3
[FAIL errorcheck: missing error] "missing return" testdata/gc/return.go:1492:3
[FAIL errorcheck: missing error] "missing return" testdata/gc/return.go:1498:3
[FAIL errorcheck: missing error] "missing return" testdata/gc/return.go:1506:3
[FAIL errorcheck: missing error] "missing return" testdata/gc/return.go:1515:3
[FAIL errorcheck: missing error] "missing return" testdata/gc/return.go:1523:3
[FAIL errorcheck: missing error] "missing return" testdata/gc/return.go:1531:3
[FAIL errorcheck: missing error] "missing return" testdata/gc/return.go:1540:3
[FAIL errorcheck: missing error] "missing return" testdata/gc/return.go:1548:3
[FAIL errorcheck: missing error] "missing return" testdata/gc/return.go:1557:3
[FAIL errorcheck: missing error] "missing return" testdata/gc/return.go:1564:3
[FAIL errorcheck: missing error] "missing return" testdata/gc/return.go:1570:3
[FAIL errorcheck: missing error] "missing return" testdata/gc/return.go:1578:3
[FAIL errorcheck: missing error] "missing return" testdata/gc/return.go:1587:3
[FAIL errorcheck: missing error] "missing return" testdata/gc/return.go:1595:3
[FAIL errorcheck: missing error] "missing return" testdata/gc/return.go:1603:3
[FAIL errorcheck: missing error] "missing return" testdata/gc/return.go:1612:3
[FAIL errorcheck: missing error] "missing return" testdata/gc/return.go:1620:3
[FAIL errorcheck: missing error] "missing return" testdata/gc/return.go:1667:3
[FAIL errorcheck: missing error] "missing return" testdata/gc/return.go:1674:3
[FAIL errorcheck: missing error] "missing return" testdata/gc/return.go:1685:3
[FAIL errorcheck: missing error] "missing return" testdata/gc/return.go:1717:3
[FAIL errorcheck: missing error] "missing return" testdata/gc/return.go:1725:3
[FAIL errorcheck: missing error] "missing return" testdata/gc/return.go:1734:3
[FAIL errorcheck: missing error] "missing return" testdata/gc/return.go:1741:3
[FAIL errorcheck: missing error] "missing return" testdata/gc/return.go:1749:3
[FAIL errorcheck: missing error] "missing return" testdata/gc/return.go:1758:3
[FAIL errorcheck: missing error] "missing return" testdata/gc/return.go:1763:3
[FAIL errorcheck: missing error] "missing return" testdata/gc/return.go:1771:3
[FAIL errorcheck: missing error] "missing return" testdata/gc/return.go:1780:3
[FAIL errorcheck: missing error] "missing return" testdata/gc/return.go:1839:3
[FAIL errorcheck: missing error] "missing return" testdata/gc/return.go:1852:3
[FAIL errorcheck: missing error] "missing return" testdata/gc/return.go:1864:3
[FAIL errorcheck: missing error] "missing return" testdata/gc/return.go:1872:3
[FAIL errorcheck: missing error] "missing return" testdata/gc/return.go:1882:3
[FAIL errorcheck: missing error] "missing return" testdata/gc/return.go:1892:3
[FAIL errorcheck: missing error] "missing return" testdata/gc/return.go:1905:3
[FAIL errorcheck: missing error] "missing return" testdata/gc/return.go:1917:3
[FAIL errorcheck: missing error] "missing return" testdata/gc/return.go:1960:3
[FAIL errorcheck: missing error] "missing return" testdata/gc/return.go:1972:3
[FAIL errorcheck: missing error] "missing return" testdata/gc/return.go:1983:3
[FAIL errorcheck: missing error] "missing return" testdata/gc/return.go:1994:3
[FAIL errorcheck: missing error] "missing return" testdata/gc/return.go:2003:3
[FAIL errorcheck: missing error] "missing return" testdata/gc/return.go:2018:3
[FAIL errorcheck: missing error] "missing return" testdata/gc/return.go:2030:3
[FAIL errorcheck: missing error] "missing return" testdata/gc/return.go:2044:3
[FAIL errorcheck: missing error] "missing return" testdata/gc/return.go:2076:3
[FAIL errorcheck: missing error] "missing return" testdata/gc/return.go:2088:3
[FAIL errorcheck: missing error] "missing return" testdata/gc/return.go:2099:3
[FAIL errorcheck: missing error] "missing return" testdata/gc/return.go:2108:3
[FAIL errorcheck: missing error] "missing return" testdata/gc/return.go:2123:3
[FAIL errorcheck: missing error] "missing return" testdata/gc/return.go:2135:3
[FAIL errorcheck: missing error] "missing return" testdata/gc/return.go:2149:3
[FAIL errorcheck: missing error] "missing return" testdata/gc/return.go:2155:3
[FAIL errorcheck: missing error] "missing return" testdata/gc/return.go:2177:3
[FAIL errorcheck: missing error] "missing return" testdata/gc/return.go:2206:3
[FAIL errorcheck: missing error] "missing return" testdata/gc/return.go:2212:3
[FAIL errorcheck: missing error] "missing return" testdata/gc/return.go:2217:3
[FAIL errorcheck: missing error] "missing return" testdata/gc/return.go:2224:3
[FAIL errorcheck: missing error] "missing return" testdata/gc/return.go:2232:3
[FAIL errorcheck: missing error] "missing return" testdata/gc/return.go:2239:3
[FAIL errorcheck: missing error] "missing return" testdata/gc/return.go:2246:3
[FAIL errorcheck: missing error] "missing return" testdata/gc/return.go:2254:3
[FAIL errorcheck: missing error] "missing return" testdata/gc/return.go:2261:3
[FAIL errorcheck: missing error] "missing return" testdata/gc/return.go:2269:3
[FAIL errorcheck: missing error] "missing return" testdata/gc/return.go:2275:3
[FAIL errorcheck: missing error] "missing return" testdata/gc/return.go:2280:3
[FAIL errorcheck: missing error] "missing return" testdata/gc/return.go:2287:3
[FAIL errorcheck: missing error] "missing return" testdata/gc/return.go:2295:3
[FAIL errorcheck: missing error] "missing return" testdata/gc/return.go:2302:3
[FAIL errorcheck: missing error] "missing return" testdata/gc/return.go:2309:3
[FAIL errorcheck: missing error] "missing return" testdata/gc/return.go:2317:3
[FAIL errorcheck: missing error] "missing return" testdata/gc/return.go:2324:3
[FAIL errorcheck: missing error] "missing return" testdata/gc/return.go:2367:3
[FAIL errorcheck: missing error] "missing return" testdata/gc/return.go:2373:3
[FAIL errorcheck: missing error] "missing return" testdata/gc/return.go:2383:3
[FAIL errorcheck: missing error] "missing return" testdata/gc/return.go:2413:3
[FAIL errorcheck: missing error] "missing return" testdata/gc/return.go:2421:3
[FAIL errorcheck: missing error] "missing return" testdata/gc/return.go:2430:3
[FAIL errorcheck: missing error] "missing return" testdata/gc/return.go:2436:3
[FAIL errorcheck: missing error] "missing return" testdata/gc/return.go:2444:3
[FAIL errorcheck: missing error] "missing return" testdata/gc/return.go:2453:3
[FAIL errorcheck: missing error] "missing return" testdata/gc/return.go:2457:3
[FAIL errorcheck: missing error] "missing return" testdata/gc/return.go:2465:3
[FAIL errorcheck: missing error] "missing return" testdata/gc/return.go:2474:3
[FAIL errorcheck: missing error] "missing return" testdata/gc/return.go:2527:3
[FAIL errorcheck: missing error] "missing return" testdata/gc/return.go:2539:3
[FAIL errorcheck: missing error] "missing return" testdata/gc/return.go:2550:3
[FAIL errorcheck: missing error] "missing return" testdata/gc/return.go:2557:3
[FAIL errorcheck: missing error] "missing return" testdata/gc/return.go:2566:3
[FAIL errorcheck: missing error] "missing return" testdata/gc/return.go:2575:3
[FAIL errorcheck: missing error] "missing return" testdata/gc/return.go:2587:3
[FAIL errorcheck: missing error] "missing return" testdata/gc/return.go:2597:3
[FAIL errorcheck: missing error] "missing return" testdata/gc/return.go:2636:3
[FAIL errorcheck: missing error] "missing return" testdata/gc/return.go:2647:3
[FAIL errorcheck: missing error] "missing return" testdata/gc/return.go:2657:3
[FAIL errorcheck: missing error] "missing return" testdata/gc/return.go:2667:3
[FAIL errorcheck: missing error] "missing return" testdata/gc/return.go:2675:3
[FAIL errorcheck: missing error] "missing return" testdata/gc/return.go:2689:3
[FAIL errorcheck: missing error] "missing return" testdata/gc/return.go:2700:3
[FAIL errorcheck: missing error] "missing return" testdata/gc/return.go:2713:3
[FAIL errorcheck: missing error] "missing return" testdata/gc/return.go:2742:3
[FAIL errorcheck: missing error] "missing return" testdata/gc/return.go:2753:3
[FAIL errorcheck: missing error] "missing return" testdata/gc/return.go:2763:3
[FAIL errorcheck: missing error] "missing return" testdata/gc/return.go:2771:3
[FAIL errorcheck: missing error] "missing return" testdata/gc/return.go:2785:3
[FAIL errorcheck: missing error] "missing return" testdata/gc/return.go:2796:3
[FAIL errorcheck: missing error] "missing return" testdata/gc/return.go:2809:3
[FAIL errorcheck: missing error] "unexported" testdata/gc/runtime.go:20:26
[FAIL errorcheck: missing error] "invalid operation|shift of non-integer operand" testdata/gc/shift1.go:20:23
[FAIL errorcheck: missing error] "invalid" "as type float32" testdata/gc/shift1.go:21:23
[FAIL errorcheck: missing error] "invalid|shift of non-integer operand" "as type interface" testdata/gc/shift1.go:26:25
[FAIL errorcheck: missing error] "invalid" "as type float64" testdata/gc/shift1.go:27:25
[FAIL errorcheck: error does not match] "truncated": invalid operand for binary << testdata/gc/shift1.go:28:17
[FAIL errorcheck: missing error] "overflow" testdata/gc/shift1.go:35:23
[PASS errorcheck] "overflow": constant 36893488147419103232 overflows int testdata/gc/shift1.go:36:2
[FAIL errorcheck: missing error] "overflow" testdata/gc/shift1.go:37:23
[FAIL errorcheck: missing error] "invalid|shift of non-integer operand" testdata/gc/shift1.go:42:18
[FAIL errorcheck: missing error] "invalid|shift of non-integer operand" testdata/gc/shift1.go:44:22
[FAIL errorcheck: missing error] "invalid|shift of type float64" testdata/gc/shift1.go:46:28
[FAIL errorcheck: missing error] "non-integer|cannot use.*as type int" "shift of type float64" testdata/gc/shift1.go:47:28
[FAIL errorcheck: missing error] "invalid" testdata/gc/shift1.go:48:28
[FAIL errorcheck: missing error] "invalid" testdata/gc/shift1.go:49:28
[FAIL errorcheck: missing error] "non-integer|float64" testdata/gc/shift1.go:64:28
[FAIL errorcheck: missing error] "non-integer|float64" testdata/gc/shift1.go:65:28
[FAIL errorcheck: missing error] "non-integer|float64" testdata/gc/shift1.go:66:28
[FAIL errorcheck: missing error] "non-integer|float32" testdata/gc/shift1.go:67:28
[FAIL errorcheck: missing error] "invalid|shift of type float64" testdata/gc/shift1.go:76:18
[FAIL errorcheck: missing error] "invalid|shift of type float64" testdata/gc/shift1.go:77:18
[FAIL errorcheck: missing error] "invalid|non-integer|shift of type float64" testdata/gc/shift1.go:78:18
[FAIL errorcheck: missing error] "invalid|shift of type float64" testdata/gc/shift1.go:81:21
[FAIL errorcheck: missing error] "invalid|shift of type float64" testdata/gc/shift1.go:82:21
[FAIL errorcheck: missing error] "invalid|shift of type float64" testdata/gc/shift1.go:83:21
[FAIL errorcheck: missing error] "invalid|shift of type float64" testdata/gc/shift1.go:84:21
[FAIL errorcheck: missing error] "invalid|shift of type float64" testdata/gc/shift1.go:85:21
[FAIL errorcheck: missing error] "invalid|shift of type float64" testdata/gc/shift1.go:86:21
[FAIL errorcheck: missing error] "invalid|non-integer|shift of type float64" testdata/gc/shift1.go:87:21
[FAIL errorcheck: missing error] "invalid|shift of type float64" testdata/gc/shift1.go:90:21
[FAIL errorcheck: missing error] "invalid|shift of type float64" testdata/gc/shift1.go:91:21
[FAIL errorcheck: missing error] "invalid|non-integer|shift of type float64" testdata/gc/shift1.go:92:21
[FAIL errorcheck: missing error] "invalid|shift of type float64" testdata/gc/shift1.go:95:24
[FAIL errorcheck: missing error] "invalid|shift of type float64" testdata/gc/shift1.go:96:24
[FAIL errorcheck: missing error] "invalid|shift of type float64" testdata/gc/shift1.go:97:24
[FAIL errorcheck: missing error] "invalid|shift of type float64" testdata/gc/shift1.go:98:24
[FAIL errorcheck: missing error] "invalid|shift of type float64" testdata/gc/shift1.go:99:24
[FAIL errorcheck: missing error] "invalid|shift of type float64" testdata/gc/shift1.go:100:24
[FAIL errorcheck: missing error] "invalid|non-integer|shift of type float64" testdata/gc/shift1.go:101:24
[FAIL errorcheck: missing error] "invalid|shift of type float64" testdata/gc/shift1.go:104:33
[FAIL errorcheck: missing error] "invalid|shift of type float64" testdata/gc/shift1.go:105:33
[FAIL errorcheck: missing error] "invalid|shift of type float64" testdata/gc/shift1.go:106:33
[FAIL errorcheck: missing error] "invalid|shift of type float64" testdata/gc/shift1.go:107:33
[FAIL errorcheck: missing error] "invalid|shift of type float64" testdata/gc/shift1.go:108:33
[FAIL errorcheck: missing error] "invalid|shift of type float64" testdata/gc/shift1.go:109:33
[FAIL errorcheck: missing error] "invalid|non-integer|shift of type float64" testdata/gc/shift1.go:110:33
[FAIL errorcheck: missing error] "invalid|shift of type float64" testdata/gc/shift1.go:111:33
[FAIL errorcheck: missing error] "invalid|shift of type float64" testdata/gc/shift1.go:112:33
[FAIL errorcheck: missing error] "invalid|shift of type float64" testdata/gc/shift1.go:113:33
[FAIL errorcheck: missing error] "invalid|non-integer|shift of type float64" testdata/gc/shift1.go:114:33
[FAIL errorcheck: missing error] "invalid|shift of type float64" testdata/gc/shift1.go:115:33
[FAIL errorcheck: missing error] "invalid|non-integer|shift of type float64" testdata/gc/shift1.go:116:33
[FAIL errorcheck: missing error] "invalid|non-integer|shift of type float64" testdata/gc/shift1.go:117:33
[FAIL errorcheck: missing error] "invalid|non-integer|shift of type float64" testdata/gc/shift1.go:118:33
[FAIL errorcheck: error does not match] "truncated": invalid operand for binary << testdata/gc/shift1.go:126:9
[FAIL errorcheck: missing error] "truncated" testdata/gc/shift1.go:130:20
[FAIL errorcheck: missing error] "truncated" testdata/gc/shift1.go:133:22
[FAIL errorcheck: error does not match] "truncated": invalid operand for binary << testdata/gc/shift1.go:134:9
[FAIL errorcheck: error does not match] "truncated": invalid operand for binary << testdata/gc/shift1.go:135:9
[FAIL errorcheck: error does not match] "truncated": invalid operand for binary << testdata/gc/shift1.go:136:9
[FAIL errorcheck: error does not match] "truncated": invalid operand for binary << testdata/gc/shift1.go:140:9
[FAIL errorcheck: missing error] "integer|shift of type float64" testdata/gc/shift1.go:150:16
[FAIL errorcheck: missing error] "integer|shift of type float64" testdata/gc/shift1.go:151:16
[FAIL errorcheck: missing error] "non-integer|truncated" testdata/gc/shift1.go:156:26
[FAIL errorcheck: missing error] "non-integer|shift of type float32" testdata/gc/shift1.go:159:22
[FAIL errorcheck: missing error] "non-integer|shift of type float32" testdata/gc/shift1.go:161:24
[FAIL errorcheck: missing error] "non-integer|shift of type float32" testdata/gc/shift1.go:162:24
[FAIL errorcheck: missing error] "truncated" testdata/gc/shift1.go:166:24
[FAIL errorcheck: missing error] "non-integer|type float32" testdata/gc/shift1.go:169:24
[FAIL errorcheck: missing error] "non-integer|type float32" testdata/gc/shift1.go:170:24
[FAIL errorcheck: missing error] "non-integer|type float32" testdata/gc/shift1.go:171:24
[FAIL errorcheck: missing error] "non-integer|shift of type float64" testdata/gc/shift1.go:173:25
[FAIL errorcheck: missing error] "non-integer|shift of type float64" testdata/gc/shift1.go:174:25
[FAIL errorcheck: missing error] "non-integer|shift of type float64" testdata/gc/shift1.go:175:25
[FAIL errorcheck: missing error] "non-integer|shift of type float64" testdata/gc/shift1.go:176:25
[FAIL errorcheck: missing error] "non-integer|shift of type float64" testdata/gc/shift1.go:180:24
[FAIL errorcheck: missing error] "invalid|non-integer|" testdata/gc/shift1.go:181:24
[FAIL errorcheck: missing error] "truncated|shift of type float64" testdata/gc/shift1.go:186:21
[FAIL errorcheck: missing error] "invalid|cannot use 1 << s as type float32" testdata/gc/shift1.go:189:21
[FAIL errorcheck: missing error] "invalid|cannot use 1 << s as type float32" testdata/gc/shift1.go:190:21
[FAIL errorcheck: missing error] "invalid|cannot use 1.1 << s as type float32" testdata/gc/shift1.go:191:21
[FAIL errorcheck: missing error] "non-integer|truncated" testdata/gc/shift1.go:199:24
[FAIL errorcheck: missing error] "non-integer|shift of type float64" testdata/gc/shift1.go:200:24
[FAIL errorcheck: missing error] "non-integer|shift of type float64" testdata/gc/shift1.go:201:24
[FAIL errorcheck: missing error] "invalid|non-integer|truncated" testdata/gc/shift1.go:202:24
[FAIL errorcheck: missing error] "truncated" testdata/gc/shift1.go:206:31
[FAIL errorcheck: missing error] "non-integer|shift of type float64" testdata/gc/shift1.go:207:31
[FAIL errorcheck: missing error] "non-integer|shift of type float64" testdata/gc/shift1.go:208:31
[FAIL errorcheck: missing error] "invalid|non-integer|truncated" testdata/gc/shift1.go:209:31
[FAIL errorcheck: missing error] "truncated" testdata/gc/shift1.go:214:22
[FAIL errorcheck: missing error] "truncated" testdata/gc/shift1.go:217:24
[FAIL errorcheck: missing error] "truncated" testdata/gc/shift1.go:221:29
[FAIL errorcheck: missing error] "truncated" testdata/gc/shift1.go:224:31
[FAIL errorcheck: missing error] "non-integer|type float32" testdata/gc/shift1.go:227:24
[FAIL errorcheck: missing error] "non-integer|type float32" testdata/gc/shift1.go:228:24
[FAIL errorcheck: missing error] "invalid|truncated|float32" testdata/gc/shift1.go:229:24
[FAIL errorcheck: missing error] "non-integer|type float32" testdata/gc/shift1.go:230:24
[FAIL errorcheck: missing error] "non-integer|type float32" testdata/gc/shift1.go:231:24
[FAIL errorcheck: missing error] "invalid|truncated|float32" testdata/gc/shift1.go:232:24
[FAIL errorcheck: missing error] "non-integer|type complex128" testdata/gc/shift1.go:235:31
[FAIL errorcheck: missing error] "non-integer|type complex128" testdata/gc/shift1.go:236:31
[FAIL errorcheck: missing error] "invalid|truncated|complex128" testdata/gc/shift1.go:237:31
[FAIL errorcheck: missing error] "non-integer|type complex128" testdata/gc/shift1.go:238:31
[FAIL errorcheck: missing error] "non-integer|type complex128" testdata/gc/shift1.go:239:31
[FAIL errorcheck: missing error] "invalid|truncated|complex128" testdata/gc/shift1.go:240:31
[FAIL errorcheck: missing error] "middle index required in 3-index slice" "final index required in 3-index slice" testdata/gc/slice3err.go:20:16
[FAIL errorcheck: missing error] "middle index required in 3-index slice" "final index required in 3-index slice" testdata/gc/slice3err.go:21:17
[FAIL errorcheck: missing error] "final index required in 3-index slice" testdata/gc/slice3err.go:22:17
[FAIL errorcheck: missing error] "final index required in 3-index slice" testdata/gc/slice3err.go:23:18
[FAIL errorcheck: missing error] "middle index required in 3-index slice" testdata/gc/slice3err.go:24:17
[FAIL errorcheck: missing error] "middle index required in 3-index slice" testdata/gc/slice3err.go:25:18
[FAIL errorcheck: missing error] "middle index required in 3-index slice" "final index required in 3-index slice" testdata/gc/slice3err.go:33:16
[FAIL errorcheck: missing error] "middle index required in 3-index slice" "final index required in 3-index slice" testdata/gc/slice3err.go:34:17
[FAIL errorcheck: missing error] "final index required in 3-index slice" testdata/gc/slice3err.go:35:17
[FAIL errorcheck: missing error] "final index required in 3-index slice" testdata/gc/slice3err.go:36:18
[FAIL errorcheck: missing error] "middle index required in 3-index slice" testdata/gc/slice3err.go:37:17
[FAIL errorcheck: missing error] "middle index required in 3-index slice" testdata/gc/slice3err.go:38:18
[FAIL errorcheck: missing error] "3-index slice of string" "middle index required in 3-index slice" "final index required in 3-index slice" testdata/gc/slice3err.go:46:14
[FAIL errorcheck: missing error] "3-index slice of string" "middle index required in 3-index slice" "final index required in 3-index slice" testdata/gc/slice3err.go:47:15
[FAIL errorcheck: missing error] "3-index slice of string" "final index required in 3-index slice" testdata/gc/slice3err.go:48:15
[FAIL errorcheck: missing error] "3-index slice of string" "final index required in 3-index slice" testdata/gc/slice3err.go:49:16
[FAIL errorcheck: missing error] "3-index slice of string" "middle index required in 3-index slice" testdata/gc/slice3err.go:50:15
[FAIL errorcheck: missing error] "3-index slice of string" "middle index required in 3-index slice" testdata/gc/slice3err.go:51:16
[FAIL errorcheck: missing error] "3-index slice of string" testdata/gc/slice3err.go:52:16
[FAIL errorcheck: missing error] "3-index slice of string" testdata/gc/slice3err.go:53:17
[FAIL errorcheck: missing error] "invalid slice index|inverted slice" testdata/gc/slice3err.go:57:17
[FAIL errorcheck: missing error] "invalid slice index|inverted slice" testdata/gc/slice3err.go:62:19
[FAIL errorcheck: missing error] "invalid slice index|inverted slice" testdata/gc/slice3err.go:63:19
[FAIL errorcheck: missing error] "invalid slice index|inverted slice" testdata/gc/slice3err.go:64:19
[FAIL errorcheck: missing error] "invalid slice index|inverted slice" testdata/gc/slice3err.go:65:19
[FAIL errorcheck: missing error] "invalid slice index|inverted slice" testdata/gc/slice3err.go:66:19
[FAIL errorcheck: missing error] "invalid slice index|inverted slice" testdata/gc/slice3err.go:68:19
[FAIL errorcheck: missing error] "invalid slice index" testdata/gc/slice3err.go:70:19
[FAIL errorcheck: missing error] "invalid slice index|inverted slice" testdata/gc/slice3err.go:72:19
[FAIL errorcheck: missing error] "invalid slice index|inverted slice" testdata/gc/slice3err.go:75:17
[FAIL errorcheck: missing error] "invalid slice index|inverted slice" testdata/gc/slice3err.go:80:19
[FAIL errorcheck: missing error] "invalid slice index|inverted slice" testdata/gc/slice3err.go:81:19
[FAIL errorcheck: missing error] "invalid slice index|inverted slice" testdata/gc/slice3err.go:82:19
[FAIL errorcheck: missing error] "invalid slice index|inverted slice" testdata/gc/slice3err.go:83:19
[FAIL errorcheck: missing error] "invalid slice index|inverted slice" testdata/gc/slice3err.go:84:19
[FAIL errorcheck: missing error] "invalid slice index|inverted slice" testdata/gc/slice3err.go:86:19
[FAIL errorcheck: missing error] "invalid slice index" testdata/gc/slice3err.go:88:19
[FAIL errorcheck: missing error] "invalid slice index|inverted slice" testdata/gc/slice3err.go:90:19
[FAIL errorcheck: missing error] "invalid slice index|inverted slice" testdata/gc/slice3err.go:93:15
[FAIL errorcheck: missing error] "out of bounds" testdata/gc/slice3err.go:99:19
[FAIL errorcheck: missing error] "out of bounds" testdata/gc/slice3err.go:100:19
[FAIL errorcheck: missing error] "out of bounds" testdata/gc/slice3err.go:101:17
[FAIL errorcheck: missing error] "out of bounds" testdata/gc/slice3err.go:102:17
[FAIL errorcheck: missing error] "out of bounds" testdata/gc/slice3err.go:103:18
[FAIL errorcheck: missing error] "out of bounds" testdata/gc/slice3err.go:104:21
[FAIL errorcheck: missing error] "out of bounds" testdata/gc/slice3err.go:105:20
[FAIL errorcheck: missing error] "out of bounds|invalid slice index" testdata/gc/slice3err.go:106:20
[FAIL errorcheck: missing error] "out of bounds|inverted slice|invalid slice index" testdata/gc/slice3err.go:107:20
[FAIL errorcheck: missing error] "out of bounds" testdata/gc/slice3err.go:108:22
[FAIL errorcheck: missing error] "invalid slice index" testdata/gc/slice3err.go:118:20
[FAIL errorcheck: missing error] "invalid slice index|inverted slice" testdata/gc/slice3err.go:119:20
[TODO "errorcheck -0 -d=append,slice"] testdata/gc/sliceopt.go
[FAIL errorcheck: error does not match] "expecting := or = or : or comma": unexpected ;, expected one of [!=, &&, &^, '%', '&', ')', '*', '+', ',', '-', '/', ':', '<', '=', '>', '^', '|', ..., :=, <-, <<, <=, ==, >=, >>, ||] testdata/gc/switch2.go:14:8
[FAIL errorcheck: error does not match] "expecting := or = or : or comma": unexpected ;, expected one of [!=, &&, &^, '%', '&', ')', '*', '+', ',', '-', '/', ':', '<', '=', '>', '^', '|', ..., :=, <-, <<, <=, ==, >=, >>, ||] testdata/gc/switch2.go:18:8
[FAIL errorcheck: missing error] "unexpected case at end of statement" testdata/gc/switch2.go:28:22
[FAIL errorcheck: missing error] "unexpected default at end of statement" testdata/gc/switch2.go:33:23
[FAIL errorcheck: error does not match] "expecting case or default or }": unexpected if, expected switch case/default clause list or one of ['}', case, default] testdata/gc/switch2.go:37:2
[FAIL errorcheck: missing error] "mismatched types string and I|incompatible types" testdata/gc/switch3.go:21:10
[FAIL errorcheck: missing error] "mismatched types I and string|incompatible types" testdata/gc/switch3.go:25:10
[FAIL errorcheck: missing error] "can only compare map m to nil|map can only be compared to nil" testdata/gc/switch3.go:31:11
[FAIL errorcheck: missing error] "can only compare slice a to nil|slice can only be compared to nil" testdata/gc/switch3.go:38:11
[FAIL errorcheck: missing error] "can only compare func f to nil|func can only be compared to nil" testdata/gc/switch3.go:45:11
[FAIL errorcheck: missing error] "cannot switch on" testdata/gc/switch3.go:50:14
[FAIL errorcheck: missing error] "cannot switch on" testdata/gc/switch3.go:56:14
[FAIL errorcheck: missing error] "cannot fallthrough final case in switch" testdata/gc/switch4.go:21:15
[FAIL errorcheck: missing error] "duplicate case 0 in switch" testdata/gc/switch5.go:17:10
[FAIL errorcheck: missing error] "duplicate case 0 in switch" testdata/gc/switch5.go:22:15
[FAIL errorcheck: missing error] "duplicate case 5 in switch" testdata/gc/switch5.go:29:10
[FAIL errorcheck: missing error] "duplicate case 5 in switch" testdata/gc/switch5.go:30:12
[FAIL errorcheck: missing error] "duplicate case .. in switch" testdata/gc/switch5.go:37:11
[FAIL errorcheck: missing error] "duplicate case .abc. in switch" testdata/gc/switch5.go:39:14
[FAIL errorcheck: missing error] "duplicate case 0 in switch" testdata/gc/switch5.go:46:10
[FAIL errorcheck: missing error] "duplicate case float32\(10\) in switch" testdata/gc/switch5.go:49:20
[FAIL errorcheck: missing error] "duplicate case float64\(10\) in switch" testdata/gc/switch5.go:51:20
[FAIL errorcheck: missing error] "duplicate case int in type switch" testdata/gc/switch5.go:58:12
[FAIL errorcheck: missing error] "duplicate case error in type switch" testdata/gc/switch5.go:60:14
[FAIL errorcheck: missing error] "duplicate case fmt.Stringer in type switch" testdata/gc/switch5.go:63:21
[FAIL errorcheck: missing error] "duplicate case struct { i int .tag1. } in type switch" testdata/gc/switch5.go:72:5
[FAIL errorcheck: missing error] "impossible type switch case: e \(type error\) cannot have dynamic type int \(missing Error method\)" testdata/gc/switch6.go:18:12
[FAIL errorcheck: missing error] "multiple defaults in switch" testdata/gc/switch6.go:24:13
[FAIL errorcheck: missing error] "multiple defaults in switch" testdata/gc/switch6.go:28:20
[FAIL errorcheck: error does not match] "unexpected .*}.* in channel type|missing channel element type": unexpected }, expected type or one of ['(', '*', '[', <-, chan, func, identifier, interface, map, struct] testdata/gc/syntax/chan.go:11:1
[FAIL errorcheck: error does not match] "unexpected .*\).* in channel type|missing channel element type": unexpected ), expected type or one of ['(', '*', '[', <-, chan, func, identifier, interface, map, struct] testdata/gc/syntax/chan.go:13:16
[FAIL errorcheck: error does not match] "unexpected comma in channel type|missing channel element type": unexpected ,, expected type or one of ['(', '*', '[', <-, chan, func, identifier, interface, map, struct] testdata/gc/syntax/chan.go:16:16
[FAIL errorcheck: missing error] "used as value" testdata/gc/syntax/chan1.go:13:14
[FAIL errorcheck: missing error] "used as value" testdata/gc/syntax/chan1.go:17:16
[FAIL errorcheck: error does not match] "need trailing comma before newline in composite literal|expecting comma or }": unexpected ;, expected one of [!=, &&, &^, '%', '&', '*', '+', ',', '-', '/', ':', '<', '>', '^', '|', '}', <-, <<, <=, ==, >=, >>, ||] testdata/gc/syntax/composite.go:10:4
[FAIL errorcheck: error does not match] "unexpected literal \.3, expecting name or \(": unexpected literal, expected one of ['(', identifier] testdata/gc/syntax/ddd.go:10:6
[FAIL errorcheck: error does not match] "else must be followed by if or statement block|expected .if. or .{.": unexpected ;, expected block statement or one of ['{', if] testdata/gc/syntax/else.go:11:9
[FAIL errorcheck: error does not match] "var declaration not allowed in for initializer": unexpected var, expected for statement header or one of ['!', '&', '(', '*', '+', '-', ';', '[', '^', <-, chan, func, identifier, interface, literal, map, range, struct, {] testdata/gc/syntax/forvar.go:11:29
[FAIL errorcheck: missing error] "missing condition" testdata/gc/syntax/if.go:13:8
[FAIL errorcheck: missing error] "missing condition" testdata/gc/syntax/if.go:16:13
[PASS errorcheck] "unexpected comma" "unexpected ,": unexpected , testdata/gc/syntax/import.go:10:6
[FAIL errorcheck: error does not match] "name list not allowed in interface type": unexpected ,, expected function/method signature or one of ['(', '.', ';', '}'] testdata/gc/syntax/interface.go:10:3
[FAIL errorcheck: error does not match] "missing .*{.* after if clause|undefined": unexpected ;, expected { testdata/gc/syntax/semi1.go:10:11
[FAIL errorcheck: error does not match] "missing .*{.* after switch clause|undefined": unexpected ;, expected optional generic arguments or one of [!=, &&, &^, '%', '&', '(', '*', '+', '-', '.', '/', '<', '>', '[', '^', '{', '|', :=, <-, <<, <=, ==, >=, >>, {, ||, «] testdata/gc/syntax/semi2.go:10:14
[FAIL errorcheck: error does not match] "missing .*{.* after for clause|undefined": unexpected ;, expected { testdata/gc/syntax/semi3.go:10:14
[FAIL errorcheck: error does not match] "missing .*{.* after for clause|missing operand": unexpected {, expected optional simple statement or one of ['!', '&', '(', '*', '+', '-', ';', '[', '^', <-, chan, func, identifier, interface, literal, map, struct] testdata/gc/syntax/semi4.go:11:2
[FAIL errorcheck: error does not match] "unexpected semicolon or newline before .?{.?": unexpected { testdata/gc/syntax/semi5.go:10:1
[FAIL errorcheck: error does not match] "unexpected semicolon or newline in type declaration": unexpected ;, expected optional generic parameters or type or one of ['(', '*', '[', <-, chan, func, identifier, interface, map, struct, «] testdata/gc/syntax/semi6.go:9:8
[PASS errorcheck] "unexpected semicolon or newline before .?else.?|unexpected else": unexpected else testdata/gc/syntax/semi7.go:11:2
[FAIL errorcheck: missing error] "non-declaration statement outside function body|expected declaration" testdata/gc/syntax/topexpr.go:9:21
[FAIL errorcheck: missing error] "non-declaration statement outside function body|expected declaration" testdata/gc/syntax/topexpr.go:14:5
[FAIL errorcheck: missing error] "non-declaration statement outside function body|expected declaration" testdata/gc/syntax/topexpr.go:19:13
[FAIL errorcheck: error does not match] "invalid variable name": non-name on left side of := testdata/gc/syntax/typesw.go:10:9
[FAIL errorcheck: error does not match] "unexpected { at end of statement|expected ';' or '}' or newline": unexpected {, expected one of [')', ';', '=', '}', case, default] testdata/gc/syntax/vareq.go:10:25
[FAIL errorcheck: error does not match] "unexpected { at end of statement|unexpected { after top level declaration|expected ';' or newline after top level declaration": unexpected {, expected one of [')', ';', '=', '}', case, default] testdata/gc/syntax/vareq1.go:9:24
[PASS errorcheck] "undefined.*b": undefined: b testdata/gc/typecheck.go:11:15
[FAIL errorcheck: missing error] "undefined.*b" testdata/gc/typecheck.go:12:15
[FAIL errorcheck: missing error] "undefined.*c|not enough arguments" testdata/gc/typecheck.go:17:13
[PASS errorcheck] "constant definition loop\n.*A uses B\n.*B uses C\n.*C uses A": constant definition loop\n\ttestdata/gc/typecheckloop.go:12:7: A uses B\n\ttestdata/gc/typecheckloop.go:13:7: B uses C\n\ttestdata/gc/typecheckloop.go:14:7: C uses A testdata/gc/typecheckloop.go:12:7
[PASS errorcheck] "constant definition loop\n.*B uses C\n.*C uses B": constant definition loop\n\ttestdata/gc/typecheckloop.go:13:7: B uses C\n\ttestdata/gc/typecheckloop.go:14:7: C uses B testdata/gc/typecheckloop.go:13:7
[FAIL errorcheck: missing error] "duplicate" testdata/gc/typeswitch2.go:18:12
[FAIL errorcheck: missing error] "duplicate" testdata/gc/typeswitch2.go:22:18
[FAIL errorcheck: missing error] "duplicate" testdata/gc/typeswitch2.go:32:5
[FAIL errorcheck: missing error] "declared and not used" testdata/gc/typeswitch2.go:43:33
[FAIL errorcheck: missing error] "impossible" testdata/gc/typeswitch3.go:24:15
[PASS errorcheck] "invalid variable name _|no new variables": no new variables on left side of := testdata/gc/typeswitch3.go:39:9
[PASS errorcheck] "undefined.*x": undefined: x testdata/gc/undef.go:13:6
[PASS errorcheck] "undefined.*x": undefined: x testdata/gc/undef.go:14:6
[PASS errorcheck] "undefined.*x": undefined: x testdata/gc/undef.go:15:6
[FAIL errorcheck: missing error] "undefined.*y" testdata/gc/undef.go:23:29
[FAIL errorcheck: missing error] "undefined.*v" testdata/gc/undef.go:43:14
[FAIL errorcheck: missing error] "undefined.*asdf" testdata/gc/varerr.go:13:11
[FAIL errorcheck: missing error] "use of builtin new not in function call|invalid left hand side" testdata/gc/varerr.go:15:10
[TODO "errorcheck -0 -l -d=wb"] testdata/gc/writebarrier.go
[PASS errorcheck] "anonymous functions cannot have generic type parameters": anonymous functions cannot have generic type parameters testdata/issue15292/0.go:40:15
[PASS errorcheck] "cannot use type func\(foo.t\) as type func\(\) in assignment": cannot use type func(foo.t) as type func() in assignment testdata/method.go:19:14
[FAIL errorcheck: missing error] "cannot take address" testdata/method.go:22:17
[FAIL errorcheck: error does not match] "cannot take address": cannot use type *func(foo.t) as type func(foo.t) in assignment testdata/method.go:24:14
[FAIL errorcheck: error does not match] "cannot take address": cannot use type *func(foo.t) as type func() in assignment testdata/method.go:25:14
[FAIL errorcheck: missing error] "TODO" testdata/method.go:27:23
[FAIL errorcheck: extra error] cannot use type func(foo.t) as type func() in assignment testdata/method.go:28:14
[PASS errorcheck] "cannot use 42 \(type int\) as type string in assignment": cannot use 42 (type int) as type string in assignment testdata/method.go:30:13
[PASS errorcheck] "import statement not a string": import statement not a string testdata/more.go:9:8
[PASS errorcheck] "func init must have no arguments and no return values": func init must have no arguments and no return values testdata/more.go:11:11
[PASS errorcheck] "func init must have no arguments and no return values": func init must have no arguments and no return values testdata/more.go:14:13
[PASS errorcheck] "duplicate method m": duplicate method m, previous declaration at testdata/more.go:18:2 testdata/more.go:20:2
[FAIL errorcheck: missing error] "undefined" testdata/scope.go:16:12
[FAIL errorcheck: missing error] "undefined" testdata/scope.go:19:12
[PASS errorcheck] "M0 undefined .type foo.Q has no field or method M0.": M0 undefined (type foo.Q has no field or method M0) testdata/selector.go:57:8
